<?xml version="1.0" encoding="ISO-8859-1" ?>
<link_info>
   <banner>TMS320C2000 Linker PC v18.1.3.LTS</banner>
   <copyright>Copyright (c) 1996-2017 Texas Instruments Incorporated</copyright>
   <link_time>0x5bf430b9</link_time>
   <link_errors>0x0</link_errors>
   <output_file>COM_cpu01.out</output_file>
   <entry_point>
      <name>_c_int00</name>
      <address>0x842f6</address>
   </entry_point>
   <input_file_list>
      <input_file id="fl-2">
         <path>.\</path>
         <kind>object</kind>
         <file>main_cpu1.obj</file>
         <name>main_cpu1.obj</name>
      </input_file>
      <input_file id="fl-3">
         <path>.\App\</path>
         <kind>object</kind>
         <file>ComModule.obj</file>
         <name>ComModule.obj</name>
      </input_file>
      <input_file id="fl-4">
         <path>.\App\</path>
         <kind>object</kind>
         <file>Diccionario_CANOpen.obj</file>
         <name>Diccionario_CANOpen.obj</name>
      </input_file>
      <input_file id="fl-5">
         <path>.\Comun\Drivers\</path>
         <kind>object</kind>
         <file>Config_ADC.obj</file>
         <name>Config_ADC.obj</name>
      </input_file>
      <input_file id="fl-6">
         <path>.\Comun\Drivers\</path>
         <kind>object</kind>
         <file>Config_CAN.obj</file>
         <name>Config_CAN.obj</name>
      </input_file>
      <input_file id="fl-7">
         <path>.\Comun\Drivers\</path>
         <kind>object</kind>
         <file>Config_GPIO.obj</file>
         <name>Config_GPIO.obj</name>
      </input_file>
      <input_file id="fl-8">
         <path>.\Comun\Drivers\</path>
         <kind>object</kind>
         <file>FIFO.obj</file>
         <name>FIFO.obj</name>
      </input_file>
      <input_file id="fl-9">
         <path>.\Comun\Drivers\</path>
         <kind>object</kind>
         <file>Init_HW.obj</file>
         <name>Init_HW.obj</name>
      </input_file>
      <input_file id="fl-a">
         <path>.\Comun\Drivers\</path>
         <kind>object</kind>
         <file>MEM.obj</file>
         <name>MEM.obj</name>
      </input_file>
      <input_file id="fl-b">
         <path>.\Comun\common\</path>
         <kind>object</kind>
         <file>F2837xD_Adc.obj</file>
         <name>F2837xD_Adc.obj</name>
      </input_file>
      <input_file id="fl-c">
         <path>.\Comun\common\</path>
         <kind>object</kind>
         <file>F2837xD_CodeStartBranch.obj</file>
         <name>F2837xD_CodeStartBranch.obj</name>
      </input_file>
      <input_file id="fl-d">
         <path>.\Comun\common\</path>
         <kind>object</kind>
         <file>F2837xD_CpuTimers.obj</file>
         <name>F2837xD_CpuTimers.obj</name>
      </input_file>
      <input_file id="fl-e">
         <path>.\Comun\common\</path>
         <kind>object</kind>
         <file>F2837xD_DBGIER.obj</file>
         <name>F2837xD_DBGIER.obj</name>
      </input_file>
      <input_file id="fl-f">
         <path>.\Comun\common\</path>
         <kind>object</kind>
         <file>F2837xD_DefaultISR.obj</file>
         <name>F2837xD_DefaultISR.obj</name>
      </input_file>
      <input_file id="fl-10">
         <path>.\Comun\common\</path>
         <kind>object</kind>
         <file>F2837xD_Dma.obj</file>
         <name>F2837xD_Dma.obj</name>
      </input_file>
      <input_file id="fl-11">
         <path>.\Comun\common\</path>
         <kind>object</kind>
         <file>F2837xD_ECap.obj</file>
         <name>F2837xD_ECap.obj</name>
      </input_file>
      <input_file id="fl-12">
         <path>.\Comun\common\</path>
         <kind>object</kind>
         <file>F2837xD_EPwm.obj</file>
         <name>F2837xD_EPwm.obj</name>
      </input_file>
      <input_file id="fl-13">
         <path>.\Comun\common\</path>
         <kind>object</kind>
         <file>F2837xD_EQep.obj</file>
         <name>F2837xD_EQep.obj</name>
      </input_file>
      <input_file id="fl-14">
         <path>.\Comun\common\</path>
         <kind>object</kind>
         <file>F2837xD_Emif.obj</file>
         <name>F2837xD_Emif.obj</name>
      </input_file>
      <input_file id="fl-15">
         <path>.\Comun\common\</path>
         <kind>object</kind>
         <file>F2837xD_GlobalVariableDefs.obj</file>
         <name>F2837xD_GlobalVariableDefs.obj</name>
      </input_file>
      <input_file id="fl-16">
         <path>.\Comun\common\</path>
         <kind>object</kind>
         <file>F2837xD_Gpio.obj</file>
         <name>F2837xD_Gpio.obj</name>
      </input_file>
      <input_file id="fl-17">
         <path>.\Comun\common\</path>
         <kind>object</kind>
         <file>F2837xD_I2C.obj</file>
         <name>F2837xD_I2C.obj</name>
      </input_file>
      <input_file id="fl-18">
         <path>.\Comun\common\</path>
         <kind>object</kind>
         <file>F2837xD_Ipc.obj</file>
         <name>F2837xD_Ipc.obj</name>
      </input_file>
      <input_file id="fl-19">
         <path>.\Comun\common\</path>
         <kind>object</kind>
         <file>F2837xD_Ipc_Driver.obj</file>
         <name>F2837xD_Ipc_Driver.obj</name>
      </input_file>
      <input_file id="fl-1a">
         <path>.\Comun\common\</path>
         <kind>object</kind>
         <file>F2837xD_Ipc_Driver_Lite.obj</file>
         <name>F2837xD_Ipc_Driver_Lite.obj</name>
      </input_file>
      <input_file id="fl-1b">
         <path>.\Comun\common\</path>
         <kind>object</kind>
         <file>F2837xD_Ipc_Driver_Util.obj</file>
         <name>F2837xD_Ipc_Driver_Util.obj</name>
      </input_file>
      <input_file id="fl-1c">
         <path>.\Comun\common\</path>
         <kind>object</kind>
         <file>F2837xD_Mcbsp.obj</file>
         <name>F2837xD_Mcbsp.obj</name>
      </input_file>
      <input_file id="fl-1d">
         <path>.\Comun\common\</path>
         <kind>object</kind>
         <file>F2837xD_PieCtrl.obj</file>
         <name>F2837xD_PieCtrl.obj</name>
      </input_file>
      <input_file id="fl-1e">
         <path>.\Comun\common\</path>
         <kind>object</kind>
         <file>F2837xD_PieVect.obj</file>
         <name>F2837xD_PieVect.obj</name>
      </input_file>
      <input_file id="fl-1f">
         <path>.\Comun\common\</path>
         <kind>object</kind>
         <file>F2837xD_Sci.obj</file>
         <name>F2837xD_Sci.obj</name>
      </input_file>
      <input_file id="fl-20">
         <path>.\Comun\common\</path>
         <kind>object</kind>
         <file>F2837xD_Spi.obj</file>
         <name>F2837xD_Spi.obj</name>
      </input_file>
      <input_file id="fl-21">
         <path>.\Comun\common\</path>
         <kind>object</kind>
         <file>F2837xD_SysCtrl.obj</file>
         <name>F2837xD_SysCtrl.obj</name>
      </input_file>
      <input_file id="fl-22">
         <path>.\Comun\common\</path>
         <kind>object</kind>
         <file>F2837xD_TempSensorConv.obj</file>
         <name>F2837xD_TempSensorConv.obj</name>
      </input_file>
      <input_file id="fl-23">
         <path>.\Comun\common\</path>
         <kind>object</kind>
         <file>F2837xD_Upp.obj</file>
         <name>F2837xD_Upp.obj</name>
      </input_file>
      <input_file id="fl-24">
         <path>.\Comun\common\</path>
         <kind>object</kind>
         <file>F2837xD_can.obj</file>
         <name>F2837xD_can.obj</name>
      </input_file>
      <input_file id="fl-25">
         <path>.\Comun\common\</path>
         <kind>object</kind>
         <file>F2837xD_sci_io.obj</file>
         <name>F2837xD_sci_io.obj</name>
      </input_file>
      <input_file id="fl-26">
         <path>.\Comun\common\</path>
         <kind>object</kind>
         <file>F2837xD_sdfm_drivers.obj</file>
         <name>F2837xD_sdfm_drivers.obj</name>
      </input_file>
      <input_file id="fl-27">
         <path>.\Comun\common\</path>
         <kind>object</kind>
         <file>F2837xD_struct.obj</file>
         <name>F2837xD_struct.obj</name>
      </input_file>
      <input_file id="fl-28">
         <path>.\Comun\common\</path>
         <kind>object</kind>
         <file>F2837xD_usDelay.obj</file>
         <name>F2837xD_usDelay.obj</name>
      </input_file>
      <input_file id="fl-29">
         <path>.\Comun\driverlib\</path>
         <kind>object</kind>
         <file>can.obj</file>
         <name>can.obj</name>
      </input_file>
      <input_file id="fl-2a">
         <path>.\Comun\driverlib\</path>
         <kind>object</kind>
         <file>interrupt.obj</file>
         <name>interrupt.obj</name>
      </input_file>
      <input_file id="fl-2b">
         <path>.\Comun\driverlib\</path>
         <kind>object</kind>
         <file>sysctl.obj</file>
         <name>sysctl.obj</name>
      </input_file>
      <input_file id="fl-2c">
         <path>.\Comun\driverlib\</path>
         <kind>object</kind>
         <file>systick.obj</file>
         <name>systick.obj</name>
      </input_file>
      <input_file id="fl-2d">
         <path>.\Comun\driverlib\</path>
         <kind>object</kind>
         <file>uart.obj</file>
         <name>uart.obj</name>
      </input_file>
      <input_file id="fl-33">
         <kind>object</kind>
         <file>&lt;internal&gt;</file>
         <name>&lt;internal&gt;</name>
      </input_file>
      <input_file id="fl-34">
         <path>C:\Users\dagaro\workspace\Firmware_Test\UFCharger\F2837xD\ti-cgt-c2000_16.9.6.LTS\lib\</path>
         <kind>archive</kind>
         <file>rts2800_fpu32.lib</file>
         <name>boot28.obj</name>
      </input_file>
      <input_file id="fl-35">
         <path>C:\Users\dagaro\workspace\Firmware_Test\UFCharger\F2837xD\ti-cgt-c2000_16.9.6.LTS\lib\</path>
         <kind>archive</kind>
         <file>rts2800_fpu32.lib</file>
         <name>cpy_tbl.obj</name>
      </input_file>
      <input_file id="fl-36">
         <path>C:\Users\dagaro\workspace\Firmware_Test\UFCharger\F2837xD\ti-cgt-c2000_16.9.6.LTS\lib\</path>
         <kind>archive</kind>
         <file>rts2800_fpu32.lib</file>
         <name>exit.obj</name>
      </input_file>
      <input_file id="fl-37">
         <path>C:\Users\dagaro\workspace\Firmware_Test\UFCharger\F2837xD\ti-cgt-c2000_16.9.6.LTS\lib\</path>
         <kind>archive</kind>
         <file>rts2800_fpu32.lib</file>
         <name>ll_aox28.obj</name>
      </input_file>
      <input_file id="fl-38">
         <path>C:\Users\dagaro\workspace\Firmware_Test\UFCharger\F2837xD\ti-cgt-c2000_16.9.6.LTS\lib\</path>
         <kind>archive</kind>
         <file>rts2800_fpu32.lib</file>
         <name>memcpy.obj</name>
      </input_file>
      <input_file id="fl-39">
         <path>C:\Users\dagaro\workspace\Firmware_Test\UFCharger\F2837xD\ti-cgt-c2000_16.9.6.LTS\lib\</path>
         <kind>archive</kind>
         <file>rts2800_fpu32.lib</file>
         <name>memory.obj</name>
      </input_file>
      <input_file id="fl-3a">
         <path>C:\Users\dagaro\workspace\Firmware_Test\UFCharger\F2837xD\ti-cgt-c2000_16.9.6.LTS\lib\</path>
         <kind>archive</kind>
         <file>rts2800_fpu32.lib</file>
         <name>memset.obj</name>
      </input_file>
      <input_file id="fl-3b">
         <path>C:\Users\dagaro\workspace\Firmware_Test\UFCharger\F2837xD\ti-cgt-c2000_16.9.6.LTS\lib\</path>
         <kind>archive</kind>
         <file>rts2800_fpu32.lib</file>
         <name>pre_init.obj</name>
      </input_file>
      <input_file id="fl-3c">
         <path>C:\Users\dagaro\workspace\Firmware_Test\UFCharger\F2837xD\ti-cgt-c2000_16.9.6.LTS\lib\</path>
         <kind>archive</kind>
         <file>rts2800_fpu32.lib</file>
         <name>startup.obj</name>
      </input_file>
      <input_file id="fl-3d">
         <path>C:\Users\dagaro\workspace\Firmware_Test\UFCharger\F2837xD\ti-cgt-c2000_16.9.6.LTS\lib\</path>
         <kind>archive</kind>
         <file>rts2800_fpu32.lib</file>
         <name>_lock.obj</name>
      </input_file>
      <input_file id="fl-3e">
         <path>C:\Users\dagaro\workspace\Firmware_Test\UFCharger\F2837xD\ti-cgt-c2000_16.9.6.LTS\lib\</path>
         <kind>archive</kind>
         <file>rts2800_fpu32.lib</file>
         <name>args_main.obj</name>
      </input_file>
   </input_file_list>
   <object_component_list>
      <object_component id="oc-1b5">
         <name>.cinit</name>
         <load_address>0x82000</load_address>
         <run_address>0x82000</run_address>
         <size>0x90</size>
         <input_file_ref idref="fl-27"/>
      </object_component>
      <object_component id="oc-92">
         <name>.cinit</name>
         <load_address>0x82090</load_address>
         <run_address>0x82090</run_address>
         <size>0x8c</size>
         <input_file_ref idref="fl-3"/>
      </object_component>
      <object_component id="oc-99">
         <name>.cinit</name>
         <load_address>0x8211c</load_address>
         <run_address>0x8211c</run_address>
         <size>0x7e</size>
         <input_file_ref idref="fl-4"/>
      </object_component>
      <object_component id="oc-1e4">
         <name>.cinit</name>
         <load_address>0x8219a</load_address>
         <run_address>0x8219a</run_address>
         <size>0xe</size>
         <input_file_ref idref="fl-36"/>
      </object_component>
      <object_component id="oc-a5">
         <name>.cinit</name>
         <load_address>0x821a8</load_address>
         <run_address>0x821a8</run_address>
         <size>0x5</size>
         <input_file_ref idref="fl-6"/>
      </object_component>
      <object_component id="oc-21f">
         <name>.cinit:__lock</name>
         <load_address>0x821ad</load_address>
         <run_address>0x821ad</run_address>
         <size>0x5</size>
         <input_file_ref idref="fl-3d"/>
      </object_component>
      <object_component id="oc-227">
         <name>.cinit:__unlock</name>
         <load_address>0x821b2</load_address>
         <run_address>0x821b2</run_address>
         <size>0x5</size>
         <input_file_ref idref="fl-3d"/>
      </object_component>
      <object_component id="oc-1a9">
         <name>.cinit</name>
         <load_address>0x821b7</load_address>
         <run_address>0x821b7</run_address>
         <size>0x4</size>
         <input_file_ref idref="fl-25"/>
      </object_component>
      <object_component id="oc-1f5">
         <name>.cinit</name>
         <load_address>0x821bb</load_address>
         <run_address>0x821bb</run_address>
         <size>0x4</size>
         <input_file_ref idref="fl-39"/>
      </object_component>
      <object_component id="oc-225">
         <name>.text</name>
         <load_address>0x821c4</load_address>
         <run_address>0x821c4</run_address>
         <size>0x6ab</size>
         <input_file_ref idref="fl-3"/>
      </object_component>
      <object_component id="oc-d6">
         <name>.text:retain</name>
         <load_address>0x8286f</load_address>
         <run_address>0x8286f</run_address>
         <size>0x63e</size>
         <input_file_ref idref="fl-f"/>
      </object_component>
      <object_component id="oc-21a">
         <name>.text</name>
         <load_address>0x82ead</load_address>
         <run_address>0x82ead</run_address>
         <size>0x522</size>
         <input_file_ref idref="fl-29"/>
      </object_component>
      <object_component id="oc-229">
         <name>.text</name>
         <load_address>0x833cf</load_address>
         <run_address>0x833cf</run_address>
         <size>0x354</size>
         <input_file_ref idref="fl-21"/>
      </object_component>
      <object_component id="oc-22f">
         <name>.text</name>
         <load_address>0x83723</load_address>
         <run_address>0x83723</run_address>
         <size>0x255</size>
         <input_file_ref idref="fl-16"/>
      </object_component>
      <object_component id="oc-21b">
         <name>.text</name>
         <load_address>0x83978</load_address>
         <run_address>0x83978</run_address>
         <size>0x207</size>
         <input_file_ref idref="fl-8"/>
      </object_component>
      <object_component id="oc-222">
         <name>.text</name>
         <load_address>0x83b7f</load_address>
         <run_address>0x83b7f</run_address>
         <size>0x1d2</size>
         <input_file_ref idref="fl-39"/>
      </object_component>
      <object_component id="oc-221">
         <name>.text</name>
         <load_address>0x83d51</load_address>
         <run_address>0x83d51</run_address>
         <size>0x1ca</size>
         <input_file_ref idref="fl-2a"/>
      </object_component>
      <object_component id="oc-22b">
         <name>.text</name>
         <load_address>0x83f1b</load_address>
         <run_address>0x83f1b</run_address>
         <size>0xcb</size>
         <input_file_ref idref="fl-7"/>
      </object_component>
      <object_component id="oc-218">
         <name>.text</name>
         <load_address>0x83fe6</load_address>
         <run_address>0x83fe6</run_address>
         <size>0x19</size>
         <input_file_ref idref="fl-3e"/>
      </object_component>
      <object_component id="oc-217">
         <name>.text</name>
         <load_address>0x83fff</load_address>
         <run_address>0x83fff</run_address>
         <size>0x1</size>
         <input_file_ref idref="fl-3c"/>
      </object_component>
      <object_component id="oc-22c">
         <name>.text</name>
         <load_address>0x84000</load_address>
         <run_address>0x84000</run_address>
         <size>0x166</size>
         <input_file_ref idref="fl-1b"/>
      </object_component>
      <object_component id="oc-224">
         <name>.text</name>
         <load_address>0x84166</load_address>
         <run_address>0x84166</run_address>
         <size>0x96</size>
         <input_file_ref idref="fl-6"/>
      </object_component>
      <object_component id="oc-230">
         <name>.text</name>
         <load_address>0x841fc</load_address>
         <run_address>0x841fc</run_address>
         <size>0x7e</size>
         <input_file_ref idref="fl-4"/>
      </object_component>
      <object_component id="oc-22a">
         <name>.text</name>
         <load_address>0x8427a</load_address>
         <run_address>0x8427a</run_address>
         <size>0x7c</size>
         <input_file_ref idref="fl-d"/>
      </object_component>
      <object_component id="oc-8a">
         <name>.text</name>
         <load_address>0x842f6</load_address>
         <run_address>0x842f6</run_address>
         <size>0x56</size>
         <input_file_ref idref="fl-34"/>
      </object_component>
      <object_component id="oc-223">
         <name>.text</name>
         <load_address>0x8434c</load_address>
         <run_address>0x8434c</run_address>
         <size>0x37</size>
         <input_file_ref idref="fl-9"/>
      </object_component>
      <object_component id="oc-219">
         <name>.text</name>
         <load_address>0x84383</load_address>
         <run_address>0x84383</run_address>
         <size>0x29</size>
         <input_file_ref idref="fl-36"/>
      </object_component>
      <object_component id="oc-22d">
         <name>.text</name>
         <load_address>0x843ac</load_address>
         <run_address>0x843ac</run_address>
         <size>0x28</size>
         <input_file_ref idref="fl-1d"/>
      </object_component>
      <object_component id="oc-22e">
         <name>.text</name>
         <load_address>0x843d4</load_address>
         <run_address>0x843d4</run_address>
         <size>0x26</size>
         <input_file_ref idref="fl-1e"/>
      </object_component>
      <object_component id="oc-216">
         <name>.text</name>
         <load_address>0x843fa</load_address>
         <run_address>0x843fa</run_address>
         <size>0x24</size>
         <input_file_ref idref="fl-35"/>
      </object_component>
      <object_component id="oc-21c">
         <name>.text</name>
         <load_address>0x8441e</load_address>
         <run_address>0x8441e</run_address>
         <size>0x1e</size>
         <input_file_ref idref="fl-38"/>
      </object_component>
      <object_component id="oc-21d">
         <name>.text</name>
         <load_address>0x8443c</load_address>
         <run_address>0x8443c</run_address>
         <size>0x1d</size>
         <input_file_ref idref="fl-2"/>
      </object_component>
      <object_component id="oc-1ea">
         <name>.text</name>
         <load_address>0x84459</load_address>
         <run_address>0x84459</run_address>
         <size>0x18</size>
         <input_file_ref idref="fl-37"/>
      </object_component>
      <object_component id="oc-1c3">
         <name>.text:retain</name>
         <load_address>0x84471</load_address>
         <run_address>0x84471</run_address>
         <size>0xf</size>
         <input_file_ref idref="fl-2a"/>
      </object_component>
      <object_component id="oc-226">
         <name>.text</name>
         <load_address>0x84480</load_address>
         <run_address>0x84480</run_address>
         <size>0x9</size>
         <input_file_ref idref="fl-3d"/>
      </object_component>
      <object_component id="oc-cf">
         <name>.text</name>
         <load_address>0x84489</load_address>
         <run_address>0x84489</run_address>
         <size>0x3</size>
         <input_file_ref idref="fl-e"/>
      </object_component>
      <object_component id="oc-215">
         <name>.text</name>
         <load_address>0x8448c</load_address>
         <run_address>0x8448c</run_address>
         <size>0x2</size>
         <input_file_ref idref="fl-3b"/>
      </object_component>
      <object_component id="oc-c4">
         <name>codestart</name>
         <load_address>0x80000</load_address>
         <run_address>0x80000</run_address>
         <size>0x2</size>
         <input_file_ref idref="fl-c"/>
      </object_component>
      <object_component id="oc-1d8">
         <name>.stack</name>
         <uninitialized>true</uninitialized>
         <run_address>0x400</run_address>
         <size>0x0</size>
         <input_file_ref idref="fl-34"/>
      </object_component>
      <object_component id="oc-2c2">
         <name>.stack</name>
         <uninitialized>true</uninitialized>
         <run_address>0x400</run_address>
         <size>0x0</size>
      </object_component>
      <object_component id="oc-93">
         <name>.ebss</name>
         <uninitialized>true</uninitialized>
         <run_address>0xac00</run_address>
         <size>0xd4</size>
         <input_file_ref idref="fl-3"/>
      </object_component>
      <object_component id="oc-ca">
         <name>.ebss</name>
         <uninitialized>true</uninitialized>
         <run_address>0xacd4</run_address>
         <size>0x18</size>
         <input_file_ref idref="fl-d"/>
      </object_component>
      <object_component id="oc-8c">
         <name>.ebss</name>
         <uninitialized>true</uninitialized>
         <run_address>0xacec</run_address>
         <size>0xa</size>
         <input_file_ref idref="fl-2"/>
      </object_component>
      <object_component id="oc-1f7">
         <name>.ebss</name>
         <uninitialized>true</uninitialized>
         <run_address>0xacf6</run_address>
         <size>0x8</size>
         <input_file_ref idref="fl-39"/>
      </object_component>
      <object_component id="oc-21e">
         <name>.ebss:__lock</name>
         <uninitialized>true</uninitialized>
         <run_address>0xacfe</run_address>
         <size>0x2</size>
         <input_file_ref idref="fl-3d"/>
      </object_component>
      <object_component id="oc-9a">
         <name>.ebss</name>
         <uninitialized>true</uninitialized>
         <run_address>0xad00</run_address>
         <size>0xbb</size>
         <input_file_ref idref="fl-4"/>
      </object_component>
      <object_component id="oc-d5">
         <name>.ebss</name>
         <uninitialized>true</uninitialized>
         <run_address>0xadbb</run_address>
         <size>0x1</size>
         <input_file_ref idref="fl-f"/>
      </object_component>
      <object_component id="oc-228">
         <name>.ebss:__unlock</name>
         <uninitialized>true</uninitialized>
         <run_address>0xadbc</run_address>
         <size>0x2</size>
         <input_file_ref idref="fl-3d"/>
      </object_component>
      <object_component id="oc-1aa">
         <name>.ebss</name>
         <uninitialized>true</uninitialized>
         <run_address>0xadbe</run_address>
         <size>0x1</size>
         <input_file_ref idref="fl-25"/>
      </object_component>
      <object_component id="oc-1b6">
         <name>.ebss</name>
         <uninitialized>true</uninitialized>
         <run_address>0xadc0</run_address>
         <size>0x78</size>
         <input_file_ref idref="fl-27"/>
      </object_component>
      <object_component id="oc-199">
         <name>.ebss</name>
         <uninitialized>true</uninitialized>
         <run_address>0xae38</run_address>
         <size>0x6</size>
         <input_file_ref idref="fl-22"/>
      </object_component>
      <object_component id="oc-a6">
         <name>.ebss</name>
         <uninitialized>true</uninitialized>
         <run_address>0xae40</run_address>
         <size>0x30</size>
         <input_file_ref idref="fl-6"/>
      </object_component>
      <object_component id="oc-1e5">
         <name>.ebss</name>
         <uninitialized>true</uninitialized>
         <run_address>0xae70</run_address>
         <size>0x6</size>
         <input_file_ref idref="fl-36"/>
      </object_component>
      <object_component id="oc-1f6">
         <name>.esysmem</name>
         <uninitialized>true</uninitialized>
         <run_address>0xa800</run_address>
         <size>0x1</size>
         <input_file_ref idref="fl-39"/>
      </object_component>
      <object_component id="oc-2c3">
         <name>.esysmem</name>
         <uninitialized>true</uninitialized>
         <run_address>0xa800</run_address>
         <size>0x0</size>
      </object_component>
      <object_component id="oc-232">
         <name>.econst:_PieVectTableInit</name>
         <load_address>0x90000</load_address>
         <run_address>0x90000</run_address>
         <size>0x1c0</size>
         <input_file_ref idref="fl-1e"/>
      </object_component>
      <object_component id="oc-220">
         <name>.econst:_g_ui16CANBitValues</name>
         <load_address>0x901c0</load_address>
         <run_address>0x901c0</run_address>
         <size>0x9</size>
         <input_file_ref idref="fl-29"/>
      </object_component>
      <object_component id="oc-1d9">
         <name>.reset</name>
         <load_address>0x3fffc0</load_address>
         <run_address>0x3fffc0</run_address>
         <size>0x2</size>
         <input_file_ref idref="fl-34"/>
      </object_component>
      <object_component id="oc-231">
         <name>.TI.ramfunc</name>
         <load_address>0x86000</load_address>
         <run_address>0x8000</run_address>
         <size>0x37</size>
         <input_file_ref idref="fl-21"/>
      </object_component>
      <object_component id="oc-1b8">
         <name>.TI.ramfunc</name>
         <load_address>0x86037</load_address>
         <run_address>0x8037</run_address>
         <size>0x4</size>
         <input_file_ref idref="fl-28"/>
      </object_component>
      <object_component id="oc-1c9">
         <name>.TI.ramfunc</name>
         <load_address>0x8603b</load_address>
         <run_address>0x803b</run_address>
         <size>0x4</size>
         <input_file_ref idref="fl-2b"/>
      </object_component>
      <object_component id="oc-16d">
         <name>PUTBUFFER</name>
         <uninitialized>true</uninitialized>
         <run_address>0x3fc00</run_address>
         <size>0x80</size>
         <input_file_ref idref="fl-19"/>
      </object_component>
      <object_component id="oc-16a">
         <name>PUTWRITEIDX</name>
         <uninitialized>true</uninitialized>
         <run_address>0x3fc80</run_address>
         <size>0x4</size>
         <input_file_ref idref="fl-19"/>
      </object_component>
      <object_component id="oc-16c">
         <name>GETREADIDX</name>
         <uninitialized>true</uninitialized>
         <run_address>0x3fc84</run_address>
         <size>0x4</size>
         <input_file_ref idref="fl-19"/>
      </object_component>
      <object_component id="oc-16e">
         <name>GETBUFFER</name>
         <uninitialized>true</uninitialized>
         <run_address>0x3f800</run_address>
         <size>0x80</size>
         <input_file_ref idref="fl-19"/>
      </object_component>
      <object_component id="oc-169">
         <name>GETWRITEIDX</name>
         <uninitialized>true</uninitialized>
         <run_address>0x3f880</run_address>
         <size>0x4</size>
         <input_file_ref idref="fl-19"/>
      </object_component>
      <object_component id="oc-16b">
         <name>PUTREADIDX</name>
         <uninitialized>true</uninitialized>
         <run_address>0x3f884</run_address>
         <size>0x4</size>
         <input_file_ref idref="fl-19"/>
      </object_component>
      <object_component id="oc-157">
         <name>PieVectTableFile</name>
         <uninitialized>true</uninitialized>
         <run_address>0xd00</run_address>
         <size>0x1c0</size>
         <input_file_ref idref="fl-15"/>
      </object_component>
      <object_component id="oc-f6">
         <name>EmuKeyVar</name>
         <uninitialized>true</uninitialized>
         <run_address>0xd00</run_address>
         <size>0x1</size>
         <input_file_ref idref="fl-15"/>
      </object_component>
      <object_component id="oc-f5">
         <name>EmuBModeVar</name>
         <uninitialized>true</uninitialized>
         <run_address>0xd01</run_address>
         <size>0x1</size>
         <input_file_ref idref="fl-15"/>
      </object_component>
      <object_component id="oc-10d">
         <name>AdcaResultFile</name>
         <uninitialized>true</uninitialized>
         <run_address>0xb00</run_address>
         <size>0x18</size>
         <input_file_ref idref="fl-15"/>
      </object_component>
      <object_component id="oc-10f">
         <name>AdcbResultFile</name>
         <uninitialized>true</uninitialized>
         <run_address>0xb20</run_address>
         <size>0x18</size>
         <input_file_ref idref="fl-15"/>
      </object_component>
      <object_component id="oc-10c">
         <name>AdccResultFile</name>
         <uninitialized>true</uninitialized>
         <run_address>0xb40</run_address>
         <size>0x18</size>
         <input_file_ref idref="fl-15"/>
      </object_component>
      <object_component id="oc-10e">
         <name>AdcdResultFile</name>
         <uninitialized>true</uninitialized>
         <run_address>0xb60</run_address>
         <size>0x18</size>
         <input_file_ref idref="fl-15"/>
      </object_component>
      <object_component id="oc-141">
         <name>AdcaRegsFile</name>
         <uninitialized>true</uninitialized>
         <run_address>0x7400</run_address>
         <size>0x80</size>
         <input_file_ref idref="fl-15"/>
      </object_component>
      <object_component id="oc-143">
         <name>AdcbRegsFile</name>
         <uninitialized>true</uninitialized>
         <run_address>0x7480</run_address>
         <size>0x80</size>
         <input_file_ref idref="fl-15"/>
      </object_component>
      <object_component id="oc-13e">
         <name>AdccRegsFile</name>
         <uninitialized>true</uninitialized>
         <run_address>0x7500</run_address>
         <size>0x80</size>
         <input_file_ref idref="fl-15"/>
      </object_component>
      <object_component id="oc-13d">
         <name>AdcdRegsFile</name>
         <uninitialized>true</uninitialized>
         <run_address>0x7580</run_address>
         <size>0x80</size>
         <input_file_ref idref="fl-15"/>
      </object_component>
      <object_component id="oc-13a">
         <name>AnalogSubsysRegsFile</name>
         <uninitialized>true</uninitialized>
         <run_address>0x5d180</run_address>
         <size>0x48</size>
         <input_file_ref idref="fl-15"/>
      </object_component>
      <object_component id="oc-145">
         <name>CanaRegsFile</name>
         <uninitialized>true</uninitialized>
         <run_address>0x48000</run_address>
         <size>0xa4</size>
         <input_file_ref idref="fl-15"/>
      </object_component>
      <object_component id="oc-146">
         <name>CanbRegsFile</name>
         <uninitialized>true</uninitialized>
         <run_address>0x4a000</run_address>
         <size>0xa4</size>
         <input_file_ref idref="fl-15"/>
      </object_component>
      <object_component id="oc-134">
         <name>Cla1RegsFile</name>
         <uninitialized>true</uninitialized>
         <run_address>0x1400</run_address>
         <size>0x3e</size>
         <input_file_ref idref="fl-15"/>
      </object_component>
      <object_component id="oc-fa">
         <name>Cla1SoftIntRegsFile</name>
         <uninitialized>true</uninitialized>
         <run_address>0xce0</run_address>
         <size>0x4</size>
         <input_file_ref idref="fl-15"/>
      </object_component>
      <object_component id="oc-11e">
         <name>Cmpss1RegsFile</name>
         <uninitialized>true</uninitialized>
         <run_address>0x5c80</run_address>
         <size>0x20</size>
         <input_file_ref idref="fl-15"/>
      </object_component>
      <object_component id="oc-120">
         <name>Cmpss2RegsFile</name>
         <uninitialized>true</uninitialized>
         <run_address>0x5ca0</run_address>
         <size>0x20</size>
         <input_file_ref idref="fl-15"/>
      </object_component>
      <object_component id="oc-122">
         <name>Cmpss3RegsFile</name>
         <uninitialized>true</uninitialized>
         <run_address>0x5cc0</run_address>
         <size>0x20</size>
         <input_file_ref idref="fl-15"/>
      </object_component>
      <object_component id="oc-11c">
         <name>Cmpss4RegsFile</name>
         <uninitialized>true</uninitialized>
         <run_address>0x5ce0</run_address>
         <size>0x20</size>
         <input_file_ref idref="fl-15"/>
      </object_component>
      <object_component id="oc-11b">
         <name>Cmpss5RegsFile</name>
         <uninitialized>true</uninitialized>
         <run_address>0x5d00</run_address>
         <size>0x20</size>
         <input_file_ref idref="fl-15"/>
      </object_component>
      <object_component id="oc-125">
         <name>Cmpss6RegsFile</name>
         <uninitialized>true</uninitialized>
         <run_address>0x5d20</run_address>
         <size>0x20</size>
         <input_file_ref idref="fl-15"/>
      </object_component>
      <object_component id="oc-11f">
         <name>Cmpss7RegsFile</name>
         <uninitialized>true</uninitialized>
         <run_address>0x5d40</run_address>
         <size>0x20</size>
         <input_file_ref idref="fl-15"/>
      </object_component>
      <object_component id="oc-11d">
         <name>Cmpss8RegsFile</name>
         <uninitialized>true</uninitialized>
         <run_address>0x5d60</run_address>
         <size>0x20</size>
         <input_file_ref idref="fl-15"/>
      </object_component>
      <object_component id="oc-fe">
         <name>CpuTimer0RegsFile</name>
         <uninitialized>true</uninitialized>
         <run_address>0xc00</run_address>
         <size>0x8</size>
         <input_file_ref idref="fl-15"/>
      </object_component>
      <object_component id="oc-101">
         <name>CpuTimer1RegsFile</name>
         <uninitialized>true</uninitialized>
         <run_address>0xc08</run_address>
         <size>0x8</size>
         <input_file_ref idref="fl-15"/>
      </object_component>
      <object_component id="oc-100">
         <name>CpuTimer2RegsFile</name>
         <uninitialized>true</uninitialized>
         <run_address>0xc10</run_address>
         <size>0x8</size>
         <input_file_ref idref="fl-15"/>
      </object_component>
      <object_component id="oc-ff">
         <name>DacaRegsFile</name>
         <uninitialized>true</uninitialized>
         <run_address>0x5c00</run_address>
         <size>0x8</size>
         <input_file_ref idref="fl-15"/>
      </object_component>
      <object_component id="oc-102">
         <name>DacbRegsFile</name>
         <uninitialized>true</uninitialized>
         <run_address>0x5c10</run_address>
         <size>0x8</size>
         <input_file_ref idref="fl-15"/>
      </object_component>
      <object_component id="oc-103">
         <name>DaccRegsFile</name>
         <uninitialized>true</uninitialized>
         <run_address>0x5c20</run_address>
         <size>0x8</size>
         <input_file_ref idref="fl-15"/>
      </object_component>
      <object_component id="oc-12d">
         <name>DcsmZ1RegsFile</name>
         <uninitialized>true</uninitialized>
         <run_address>0x5f000</run_address>
         <size>0x24</size>
         <input_file_ref idref="fl-15"/>
      </object_component>
      <object_component id="oc-12b">
         <name>DcsmZ2RegsFile</name>
         <uninitialized>true</uninitialized>
         <run_address>0x5f040</run_address>
         <size>0x24</size>
         <input_file_ref idref="fl-15"/>
      </object_component>
      <object_component id="oc-fd">
         <name>DcsmCommonRegsFile</name>
         <uninitialized>true</uninitialized>
         <run_address>0x5f070</run_address>
         <size>0x8</size>
         <input_file_ref idref="fl-15"/>
      </object_component>
      <object_component id="oc-123">
         <name>DcsmZ1OtpFile</name>
         <uninitialized>true</uninitialized>
         <run_address>0x78000</run_address>
         <size>0x20</size>
         <input_file_ref idref="fl-15"/>
      </object_component>
      <object_component id="oc-124">
         <name>DcsmZ2OtpFile</name>
         <uninitialized>true</uninitialized>
         <run_address>0x78200</run_address>
         <size>0x20</size>
         <input_file_ref idref="fl-15"/>
      </object_component>
      <object_component id="oc-147">
         <name>DmaRegsFile</name>
         <uninitialized>true</uninitialized>
         <run_address>0x1000</run_address>
         <size>0xe0</size>
         <input_file_ref idref="fl-15"/>
      </object_component>
      <object_component id="oc-111">
         <name>DmaClaSrcSelRegsFile</name>
         <uninitialized>true</uninitialized>
         <run_address>0x7980</run_address>
         <size>0x1a</size>
         <input_file_ref idref="fl-15"/>
      </object_component>
      <object_component id="oc-121">
         <name>ECap1RegsFile</name>
         <uninitialized>true</uninitialized>
         <run_address>0x5000</run_address>
         <size>0x20</size>
         <input_file_ref idref="fl-15"/>
      </object_component>
      <object_component id="oc-115">
         <name>ECap2RegsFile</name>
         <uninitialized>true</uninitialized>
         <run_address>0x5020</run_address>
         <size>0x20</size>
         <input_file_ref idref="fl-15"/>
      </object_component>
      <object_component id="oc-114">
         <name>ECap3RegsFile</name>
         <uninitialized>true</uninitialized>
         <run_address>0x5040</run_address>
         <size>0x20</size>
         <input_file_ref idref="fl-15"/>
      </object_component>
      <object_component id="oc-112">
         <name>ECap4RegsFile</name>
         <uninitialized>true</uninitialized>
         <run_address>0x5060</run_address>
         <size>0x20</size>
         <input_file_ref idref="fl-15"/>
      </object_component>
      <object_component id="oc-113">
         <name>ECap5RegsFile</name>
         <uninitialized>true</uninitialized>
         <run_address>0x5080</run_address>
         <size>0x20</size>
         <input_file_ref idref="fl-15"/>
      </object_component>
      <object_component id="oc-11a">
         <name>ECap6RegsFile</name>
         <uninitialized>true</uninitialized>
         <run_address>0x50a0</run_address>
         <size>0x20</size>
         <input_file_ref idref="fl-15"/>
      </object_component>
      <object_component id="oc-13b">
         <name>Emif1RegsFile</name>
         <uninitialized>true</uninitialized>
         <run_address>0x47000</run_address>
         <size>0x70</size>
         <input_file_ref idref="fl-15"/>
      </object_component>
      <object_component id="oc-13c">
         <name>Emif2RegsFile</name>
         <uninitialized>true</uninitialized>
         <run_address>0x47800</run_address>
         <size>0x70</size>
         <input_file_ref idref="fl-15"/>
      </object_component>
      <object_component id="oc-14c">
         <name>EPwm1RegsFile</name>
         <uninitialized>true</uninitialized>
         <run_address>0x4000</run_address>
         <size>0x100</size>
         <input_file_ref idref="fl-15"/>
      </object_component>
      <object_component id="oc-14b">
         <name>EPwm2RegsFile</name>
         <uninitialized>true</uninitialized>
         <run_address>0x4100</run_address>
         <size>0x100</size>
         <input_file_ref idref="fl-15"/>
      </object_component>
      <object_component id="oc-14e">
         <name>EPwm3RegsFile</name>
         <uninitialized>true</uninitialized>
         <run_address>0x4200</run_address>
         <size>0x100</size>
         <input_file_ref idref="fl-15"/>
      </object_component>
      <object_component id="oc-149">
         <name>EPwm4RegsFile</name>
         <uninitialized>true</uninitialized>
         <run_address>0x4300</run_address>
         <size>0x100</size>
         <input_file_ref idref="fl-15"/>
      </object_component>
      <object_component id="oc-148">
         <name>EPwm5RegsFile</name>
         <uninitialized>true</uninitialized>
         <run_address>0x4400</run_address>
         <size>0x100</size>
         <input_file_ref idref="fl-15"/>
      </object_component>
      <object_component id="oc-14d">
         <name>EPwm6RegsFile</name>
         <uninitialized>true</uninitialized>
         <run_address>0x4500</run_address>
         <size>0x100</size>
         <input_file_ref idref="fl-15"/>
      </object_component>
      <object_component id="oc-14a">
         <name>EPwm7RegsFile</name>
         <uninitialized>true</uninitialized>
         <run_address>0x4600</run_address>
         <size>0x100</size>
         <input_file_ref idref="fl-15"/>
      </object_component>
      <object_component id="oc-153">
         <name>EPwm8RegsFile</name>
         <uninitialized>true</uninitialized>
         <run_address>0x4700</run_address>
         <size>0x100</size>
         <input_file_ref idref="fl-15"/>
      </object_component>
      <object_component id="oc-151">
         <name>EPwm9RegsFile</name>
         <uninitialized>true</uninitialized>
         <run_address>0x4800</run_address>
         <size>0x100</size>
         <input_file_ref idref="fl-15"/>
      </object_component>
      <object_component id="oc-152">
         <name>EPwm10RegsFile</name>
         <uninitialized>true</uninitialized>
         <run_address>0x4900</run_address>
         <size>0x100</size>
         <input_file_ref idref="fl-15"/>
      </object_component>
      <object_component id="oc-14f">
         <name>EPwm11RegsFile</name>
         <uninitialized>true</uninitialized>
         <run_address>0x4a00</run_address>
         <size>0x100</size>
         <input_file_ref idref="fl-15"/>
      </object_component>
      <object_component id="oc-150">
         <name>EPwm12RegsFile</name>
         <uninitialized>true</uninitialized>
         <run_address>0x4b00</run_address>
         <size>0x100</size>
         <input_file_ref idref="fl-15"/>
      </object_component>
      <object_component id="oc-137">
         <name>EPwmXbarRegsFile</name>
         <uninitialized>true</uninitialized>
         <run_address>0x7a00</run_address>
         <size>0x40</size>
         <input_file_ref idref="fl-15"/>
      </object_component>
      <object_component id="oc-126">
         <name>EQep1RegsFile</name>
         <uninitialized>true</uninitialized>
         <run_address>0x5100</run_address>
         <size>0x22</size>
         <input_file_ref idref="fl-15"/>
      </object_component>
      <object_component id="oc-129">
         <name>EQep2RegsFile</name>
         <uninitialized>true</uninitialized>
         <run_address>0x5140</run_address>
         <size>0x22</size>
         <input_file_ref idref="fl-15"/>
      </object_component>
      <object_component id="oc-128">
         <name>EQep3RegsFile</name>
         <uninitialized>true</uninitialized>
         <run_address>0x5180</run_address>
         <size>0x22</size>
         <input_file_ref idref="fl-15"/>
      </object_component>
      <object_component id="oc-156">
         <name>Flash0CtrlRegsFile</name>
         <uninitialized>true</uninitialized>
         <run_address>0x5f800</run_address>
         <size>0x182</size>
         <input_file_ref idref="fl-15"/>
      </object_component>
      <object_component id="oc-130">
         <name>Flash0EccRegsFile</name>
         <uninitialized>true</uninitialized>
         <run_address>0x5fb00</run_address>
         <size>0x28</size>
         <input_file_ref idref="fl-15"/>
      </object_component>
      <object_component id="oc-155">
         <name>GpioCtrlRegsFile</name>
         <uninitialized>true</uninitialized>
         <run_address>0x7c00</run_address>
         <size>0x180</size>
         <input_file_ref idref="fl-15"/>
      </object_component>
      <object_component id="oc-132">
         <name>GpioDataRegsFile</name>
         <uninitialized>true</uninitialized>
         <run_address>0x7f00</run_address>
         <size>0x30</size>
         <input_file_ref idref="fl-15"/>
      </object_component>
      <object_component id="oc-138">
         <name>OutputXbarRegsFile</name>
         <uninitialized>true</uninitialized>
         <run_address>0x7a80</run_address>
         <size>0x40</size>
         <input_file_ref idref="fl-15"/>
      </object_component>
      <object_component id="oc-127">
         <name>I2caRegsFile</name>
         <uninitialized>true</uninitialized>
         <run_address>0x7300</run_address>
         <size>0x22</size>
         <input_file_ref idref="fl-15"/>
      </object_component>
      <object_component id="oc-12a">
         <name>I2cbRegsFile</name>
         <uninitialized>true</uninitialized>
         <run_address>0x7340</run_address>
         <size>0x22</size>
         <input_file_ref idref="fl-15"/>
      </object_component>
      <object_component id="oc-118">
         <name>InputXbarRegsFile</name>
         <uninitialized>true</uninitialized>
         <run_address>0x7900</run_address>
         <size>0x20</size>
         <input_file_ref idref="fl-15"/>
      </object_component>
      <object_component id="oc-119">
         <name>XbarRegsFile</name>
         <uninitialized>true</uninitialized>
         <run_address>0x7920</run_address>
         <size>0x20</size>
         <input_file_ref idref="fl-15"/>
      </object_component>
      <object_component id="oc-12f">
         <name>IpcRegsFile</name>
         <uninitialized>true</uninitialized>
         <run_address>0x50000</run_address>
         <size>0x24</size>
         <input_file_ref idref="fl-15"/>
      </object_component>
      <object_component id="oc-f9">
         <name>FlashPumpSemaphoreRegsFile</name>
         <uninitialized>true</uninitialized>
         <run_address>0x50024</run_address>
         <size>0x2</size>
         <input_file_ref idref="fl-15"/>
      </object_component>
      <object_component id="oc-f8">
         <name>RomPrefetchRegsFile</name>
         <uninitialized>true</uninitialized>
         <run_address>0x5e608</run_address>
         <size>0x2</size>
         <input_file_ref idref="fl-15"/>
      </object_component>
      <object_component id="oc-142">
         <name>MemCfgRegsFile</name>
         <uninitialized>true</uninitialized>
         <run_address>0x5f400</run_address>
         <size>0x80</size>
         <input_file_ref idref="fl-15"/>
      </object_component>
      <object_component id="oc-116">
         <name>Emif1ConfigRegsFile</name>
         <uninitialized>true</uninitialized>
         <run_address>0x5f480</run_address>
         <size>0x20</size>
         <input_file_ref idref="fl-15"/>
      </object_component>
      <object_component id="oc-117">
         <name>Emif2ConfigRegsFile</name>
         <uninitialized>true</uninitialized>
         <run_address>0x5f4a0</run_address>
         <size>0x20</size>
         <input_file_ref idref="fl-15"/>
      </object_component>
      <object_component id="oc-136">
         <name>AccessProtectionRegsFile</name>
         <uninitialized>true</uninitialized>
         <run_address>0x5f4c0</run_address>
         <size>0x40</size>
         <input_file_ref idref="fl-15"/>
      </object_component>
      <object_component id="oc-135">
         <name>MemoryErrorRegsFile</name>
         <uninitialized>true</uninitialized>
         <run_address>0x5f500</run_address>
         <size>0x40</size>
         <input_file_ref idref="fl-15"/>
      </object_component>
      <object_component id="oc-f7">
         <name>RomWaitStateRegsFile</name>
         <uninitialized>true</uninitialized>
         <run_address>0x5f540</run_address>
         <size>0x2</size>
         <input_file_ref idref="fl-15"/>
      </object_component>
      <object_component id="oc-12e">
         <name>McbspaRegsFile</name>
         <uninitialized>true</uninitialized>
         <run_address>0x6000</run_address>
         <size>0x24</size>
         <input_file_ref idref="fl-15"/>
      </object_component>
      <object_component id="oc-12c">
         <name>McbspbRegsFile</name>
         <uninitialized>true</uninitialized>
         <run_address>0x6040</run_address>
         <size>0x24</size>
         <input_file_ref idref="fl-15"/>
      </object_component>
      <object_component id="oc-139">
         <name>UppRegsFile</name>
         <uninitialized>true</uninitialized>
         <run_address>0x6200</run_address>
         <size>0x48</size>
         <input_file_ref idref="fl-15"/>
      </object_component>
      <object_component id="oc-fc">
         <name>NmiIntruptRegsFile</name>
         <uninitialized>true</uninitialized>
         <run_address>0x7060</run_address>
         <size>0x7</size>
         <input_file_ref idref="fl-15"/>
      </object_component>
      <object_component id="oc-110">
         <name>PieCtrlRegsFile</name>
         <uninitialized>true</uninitialized>
         <run_address>0xce0</run_address>
         <size>0x1a</size>
         <input_file_ref idref="fl-15"/>
      </object_component>
      <object_component id="oc-107">
         <name>SciaRegsFile</name>
         <uninitialized>true</uninitialized>
         <run_address>0x7200</run_address>
         <size>0x10</size>
         <input_file_ref idref="fl-15"/>
      </object_component>
      <object_component id="oc-105">
         <name>ScibRegsFile</name>
         <uninitialized>true</uninitialized>
         <run_address>0x7210</run_address>
         <size>0x10</size>
         <input_file_ref idref="fl-15"/>
      </object_component>
      <object_component id="oc-109">
         <name>ScicRegsFile</name>
         <uninitialized>true</uninitialized>
         <run_address>0x7220</run_address>
         <size>0x10</size>
         <input_file_ref idref="fl-15"/>
      </object_component>
      <object_component id="oc-108">
         <name>ScidRegsFile</name>
         <uninitialized>true</uninitialized>
         <run_address>0x7230</run_address>
         <size>0x10</size>
         <input_file_ref idref="fl-15"/>
      </object_component>
      <object_component id="oc-13f">
         <name>Sdfm1RegsFile</name>
         <uninitialized>true</uninitialized>
         <run_address>0x5e00</run_address>
         <size>0x80</size>
         <input_file_ref idref="fl-15"/>
      </object_component>
      <object_component id="oc-140">
         <name>Sdfm2RegsFile</name>
         <uninitialized>true</uninitialized>
         <run_address>0x5e80</run_address>
         <size>0x80</size>
         <input_file_ref idref="fl-15"/>
      </object_component>
      <object_component id="oc-10a">
         <name>SpiaRegsFile</name>
         <uninitialized>true</uninitialized>
         <run_address>0x6100</run_address>
         <size>0x10</size>
         <input_file_ref idref="fl-15"/>
      </object_component>
      <object_component id="oc-10b">
         <name>SpibRegsFile</name>
         <uninitialized>true</uninitialized>
         <run_address>0x6110</run_address>
         <size>0x10</size>
         <input_file_ref idref="fl-15"/>
      </object_component>
      <object_component id="oc-106">
         <name>SpicRegsFile</name>
         <uninitialized>true</uninitialized>
         <run_address>0x6120</run_address>
         <size>0x10</size>
         <input_file_ref idref="fl-15"/>
      </object_component>
      <object_component id="oc-154">
         <name>DevCfgRegsFile</name>
         <uninitialized>true</uninitialized>
         <run_address>0x5d000</run_address>
         <size>0x12e</size>
         <input_file_ref idref="fl-15"/>
      </object_component>
      <object_component id="oc-133">
         <name>ClkCfgRegsFile</name>
         <uninitialized>true</uninitialized>
         <run_address>0x5d200</run_address>
         <size>0x32</size>
         <input_file_ref idref="fl-15"/>
      </object_component>
      <object_component id="oc-144">
         <name>CpuSysRegsFile</name>
         <uninitialized>true</uninitialized>
         <run_address>0x5d300</run_address>
         <size>0x82</size>
         <input_file_ref idref="fl-15"/>
      </object_component>
      <object_component id="oc-fb">
         <name>SyncSocRegsFile</name>
         <uninitialized>true</uninitialized>
         <run_address>0x7940</run_address>
         <size>0x6</size>
         <input_file_ref idref="fl-15"/>
      </object_component>
      <object_component id="oc-131">
         <name>WdRegsFile</name>
         <uninitialized>true</uninitialized>
         <run_address>0x7000</run_address>
         <size>0x2b</size>
         <input_file_ref idref="fl-15"/>
      </object_component>
      <object_component id="oc-104">
         <name>XintRegsFile</name>
         <uninitialized>true</uninitialized>
         <run_address>0x7070</run_address>
         <size>0xb</size>
         <input_file_ref idref="fl-15"/>
      </object_component>
      <object_component id="oc-8b">
         <name>.debug_info</name>
         <load_address>0x0</load_address>
         <run_address>0x0</run_address>
         <size>0x6b4</size>
         <input_file_ref idref="fl-2"/>
      </object_component>
      <object_component id="oc-91">
         <name>.debug_info</name>
         <load_address>0x6b4</load_address>
         <run_address>0x6b4</run_address>
         <size>0x5026</size>
         <input_file_ref idref="fl-3"/>
      </object_component>
      <object_component id="oc-98">
         <name>.debug_info</name>
         <load_address>0x56da</load_address>
         <run_address>0x56da</run_address>
         <size>0x6fe</size>
         <input_file_ref idref="fl-4"/>
      </object_component>
      <object_component id="oc-9f">
         <name>.debug_info</name>
         <load_address>0x5dd8</load_address>
         <run_address>0x5dd8</run_address>
         <size>0xa9a1</size>
         <input_file_ref idref="fl-5"/>
      </object_component>
      <object_component id="oc-a4">
         <name>.debug_info</name>
         <load_address>0x10779</load_address>
         <run_address>0x10779</run_address>
         <size>0xec0</size>
         <input_file_ref idref="fl-6"/>
      </object_component>
      <object_component id="oc-ab">
         <name>.debug_info</name>
         <load_address>0x11639</load_address>
         <run_address>0x11639</run_address>
         <size>0x961</size>
         <input_file_ref idref="fl-7"/>
      </object_component>
      <object_component id="oc-b0">
         <name>.debug_info</name>
         <load_address>0x11f9a</load_address>
         <run_address>0x11f9a</run_address>
         <size>0xa38</size>
         <input_file_ref idref="fl-8"/>
      </object_component>
      <object_component id="oc-b5">
         <name>.debug_info</name>
         <load_address>0x129d2</load_address>
         <run_address>0x129d2</run_address>
         <size>0x7c17</size>
         <input_file_ref idref="fl-9"/>
      </object_component>
      <object_component id="oc-ba">
         <name>.debug_info</name>
         <load_address>0x1a5e9</load_address>
         <run_address>0x1a5e9</run_address>
         <size>0x682</size>
         <input_file_ref idref="fl-a"/>
      </object_component>
      <object_component id="oc-bf">
         <name>.debug_info</name>
         <load_address>0x1ac6b</load_address>
         <run_address>0x1ac6b</run_address>
         <size>0x469f</size>
         <input_file_ref idref="fl-b"/>
      </object_component>
      <object_component id="oc-c5">
         <name>.debug_info</name>
         <load_address>0x1f30a</load_address>
         <run_address>0x1f30a</run_address>
         <size>0x192</size>
         <input_file_ref idref="fl-c"/>
      </object_component>
      <object_component id="oc-c9">
         <name>.debug_info</name>
         <load_address>0x1f49c</load_address>
         <run_address>0x1f49c</run_address>
         <size>0xb18</size>
         <input_file_ref idref="fl-d"/>
      </object_component>
      <object_component id="oc-d0">
         <name>.debug_info</name>
         <load_address>0x1ffb4</load_address>
         <run_address>0x1ffb4</run_address>
         <size>0x18b</size>
         <input_file_ref idref="fl-e"/>
      </object_component>
      <object_component id="oc-d4">
         <name>.debug_info</name>
         <load_address>0x2013f</load_address>
         <run_address>0x2013f</run_address>
         <size>0xbaa0</size>
         <input_file_ref idref="fl-f"/>
      </object_component>
      <object_component id="oc-db">
         <name>.debug_info</name>
         <load_address>0x2bbdf</load_address>
         <run_address>0x2bbdf</run_address>
         <size>0x4793</size>
         <input_file_ref idref="fl-10"/>
      </object_component>
      <object_component id="oc-e0">
         <name>.debug_info</name>
         <load_address>0x30372</load_address>
         <run_address>0x30372</run_address>
         <size>0x13ecd</size>
         <input_file_ref idref="fl-11"/>
      </object_component>
      <object_component id="oc-e5">
         <name>.debug_info</name>
         <load_address>0x4423f</load_address>
         <run_address>0x4423f</run_address>
         <size>0xf45b</size>
         <input_file_ref idref="fl-12"/>
      </object_component>
      <object_component id="oc-ea">
         <name>.debug_info</name>
         <load_address>0x5369a</load_address>
         <run_address>0x5369a</run_address>
         <size>0xf45b</size>
         <input_file_ref idref="fl-13"/>
      </object_component>
      <object_component id="oc-ef">
         <name>.debug_info</name>
         <load_address>0x62af5</load_address>
         <run_address>0x62af5</run_address>
         <size>0x54be</size>
         <input_file_ref idref="fl-14"/>
      </object_component>
      <object_component id="oc-f4">
         <name>.debug_info</name>
         <load_address>0x67fb3</load_address>
         <run_address>0x67fb3</run_address>
         <size>0x501f7</size>
         <input_file_ref idref="fl-15"/>
      </object_component>
      <object_component id="oc-159">
         <name>.debug_info</name>
         <load_address>0xb81aa</load_address>
         <run_address>0xb81aa</run_address>
         <size>0x1a661</size>
         <input_file_ref idref="fl-16"/>
      </object_component>
      <object_component id="oc-15e">
         <name>.debug_info</name>
         <load_address>0xd280b</load_address>
         <run_address>0xd280b</run_address>
         <size>0xf45a</size>
         <input_file_ref idref="fl-17"/>
      </object_component>
      <object_component id="oc-163">
         <name>.debug_info</name>
         <load_address>0xe1c65</load_address>
         <run_address>0xe1c65</run_address>
         <size>0x16b7</size>
         <input_file_ref idref="fl-18"/>
      </object_component>
      <object_component id="oc-168">
         <name>.debug_info</name>
         <load_address>0xe331c</load_address>
         <run_address>0xe331c</run_address>
         <size>0x1a16</size>
         <input_file_ref idref="fl-19"/>
      </object_component>
      <object_component id="oc-173">
         <name>.debug_info</name>
         <load_address>0xe4d32</load_address>
         <run_address>0xe4d32</run_address>
         <size>0x494a</size>
         <input_file_ref idref="fl-1a"/>
      </object_component>
      <object_component id="oc-178">
         <name>.debug_info</name>
         <load_address>0xe967c</load_address>
         <run_address>0xe967c</run_address>
         <size>0x187fd</size>
         <input_file_ref idref="fl-1b"/>
      </object_component>
      <object_component id="oc-17d">
         <name>.debug_info</name>
         <load_address>0x101e79</load_address>
         <run_address>0x101e79</run_address>
         <size>0x103f4</size>
         <input_file_ref idref="fl-1c"/>
      </object_component>
      <object_component id="oc-182">
         <name>.debug_info</name>
         <load_address>0x11226d</load_address>
         <run_address>0x11226d</run_address>
         <size>0x36e6</size>
         <input_file_ref idref="fl-1d"/>
      </object_component>
      <object_component id="oc-187">
         <name>.debug_info</name>
         <load_address>0x115953</load_address>
         <run_address>0x115953</run_address>
         <size>0x6824</size>
         <input_file_ref idref="fl-1e"/>
      </object_component>
      <object_component id="oc-18c">
         <name>.debug_info</name>
         <load_address>0x11c177</load_address>
         <run_address>0x11c177</run_address>
         <size>0x1dc</size>
         <input_file_ref idref="fl-1f"/>
      </object_component>
      <object_component id="oc-18e">
         <name>.debug_info</name>
         <load_address>0x11c353</load_address>
         <run_address>0x11c353</run_address>
         <size>0xfd42</size>
         <input_file_ref idref="fl-20"/>
      </object_component>
      <object_component id="oc-193">
         <name>.debug_info</name>
         <load_address>0x12c095</load_address>
         <run_address>0x12c095</run_address>
         <size>0xd596</size>
         <input_file_ref idref="fl-21"/>
      </object_component>
      <object_component id="oc-198">
         <name>.debug_info</name>
         <load_address>0x13962b</load_address>
         <run_address>0x13962b</run_address>
         <size>0x4e25</size>
         <input_file_ref idref="fl-22"/>
      </object_component>
      <object_component id="oc-19e">
         <name>.debug_info</name>
         <load_address>0x13e450</load_address>
         <run_address>0x13e450</run_address>
         <size>0x109fd</size>
         <input_file_ref idref="fl-23"/>
      </object_component>
      <object_component id="oc-1a3">
         <name>.debug_info</name>
         <load_address>0x14ee4d</load_address>
         <run_address>0x14ee4d</run_address>
         <size>0x29b2</size>
         <input_file_ref idref="fl-24"/>
      </object_component>
      <object_component id="oc-1a8">
         <name>.debug_info</name>
         <load_address>0x1517ff</load_address>
         <run_address>0x1517ff</run_address>
         <size>0x3487</size>
         <input_file_ref idref="fl-25"/>
      </object_component>
      <object_component id="oc-1af">
         <name>.debug_info</name>
         <load_address>0x154c86</load_address>
         <run_address>0x154c86</run_address>
         <size>0x204c</size>
         <input_file_ref idref="fl-26"/>
      </object_component>
      <object_component id="oc-1b4">
         <name>.debug_info</name>
         <load_address>0x156cd2</load_address>
         <run_address>0x156cd2</run_address>
         <size>0x10011</size>
         <input_file_ref idref="fl-27"/>
      </object_component>
      <object_component id="oc-1b9">
         <name>.debug_info</name>
         <load_address>0x166ce3</load_address>
         <run_address>0x166ce3</run_address>
         <size>0x18d</size>
         <input_file_ref idref="fl-28"/>
      </object_component>
      <object_component id="oc-1bd">
         <name>.debug_info</name>
         <load_address>0x166e70</load_address>
         <run_address>0x166e70</run_address>
         <size>0x416b</size>
         <input_file_ref idref="fl-29"/>
      </object_component>
      <object_component id="oc-1c2">
         <name>.debug_info</name>
         <load_address>0x16afdb</load_address>
         <run_address>0x16afdb</run_address>
         <size>0x6205</size>
         <input_file_ref idref="fl-2a"/>
      </object_component>
      <object_component id="oc-1c8">
         <name>.debug_info</name>
         <load_address>0x1711e0</load_address>
         <run_address>0x1711e0</run_address>
         <size>0x7d7d</size>
         <input_file_ref idref="fl-2b"/>
      </object_component>
      <object_component id="oc-1ce">
         <name>.debug_info</name>
         <load_address>0x178f5d</load_address>
         <run_address>0x178f5d</run_address>
         <size>0x7ff</size>
         <input_file_ref idref="fl-2c"/>
      </object_component>
      <object_component id="oc-1d3">
         <name>.debug_info</name>
         <load_address>0x17975c</load_address>
         <run_address>0x17975c</run_address>
         <size>0x4a4</size>
         <input_file_ref idref="fl-2d"/>
      </object_component>
      <object_component id="oc-1da">
         <name>.debug_info</name>
         <load_address>0x179c00</load_address>
         <run_address>0x179c00</run_address>
         <size>0x16b</size>
         <input_file_ref idref="fl-34"/>
      </object_component>
      <object_component id="oc-1de">
         <name>.debug_info</name>
         <load_address>0x179d6b</load_address>
         <run_address>0x179d6b</run_address>
         <size>0x5c1</size>
         <input_file_ref idref="fl-35"/>
      </object_component>
      <object_component id="oc-1e3">
         <name>.debug_info</name>
         <load_address>0x17a32c</load_address>
         <run_address>0x17a32c</run_address>
         <size>0x5ab</size>
         <input_file_ref idref="fl-36"/>
      </object_component>
      <object_component id="oc-1eb">
         <name>.debug_info</name>
         <load_address>0x17a8d7</load_address>
         <run_address>0x17a8d7</run_address>
         <size>0x16e</size>
         <input_file_ref idref="fl-37"/>
      </object_component>
      <object_component id="oc-1ef">
         <name>.debug_info</name>
         <load_address>0x17aa45</load_address>
         <run_address>0x17aa45</run_address>
         <size>0x46f</size>
         <input_file_ref idref="fl-38"/>
      </object_component>
      <object_component id="oc-1f4">
         <name>.debug_info</name>
         <load_address>0x17aeb4</load_address>
         <run_address>0x17aeb4</run_address>
         <size>0xb1f</size>
         <input_file_ref idref="fl-39"/>
      </object_component>
      <object_component id="oc-1fc">
         <name>.debug_info</name>
         <load_address>0x17b9d3</load_address>
         <run_address>0x17b9d3</run_address>
         <size>0x3ab</size>
         <input_file_ref idref="fl-3a"/>
      </object_component>
      <object_component id="oc-201">
         <name>.debug_info</name>
         <load_address>0x17bd7e</load_address>
         <run_address>0x17bd7e</run_address>
         <size>0x3e2</size>
         <input_file_ref idref="fl-3b"/>
      </object_component>
      <object_component id="oc-206">
         <name>.debug_info</name>
         <load_address>0x17c160</load_address>
         <run_address>0x17c160</run_address>
         <size>0x3df</size>
         <input_file_ref idref="fl-3c"/>
      </object_component>
      <object_component id="oc-20b">
         <name>.debug_info</name>
         <load_address>0x17c53f</load_address>
         <run_address>0x17c53f</run_address>
         <size>0x501</size>
         <input_file_ref idref="fl-3d"/>
      </object_component>
      <object_component id="oc-210">
         <name>.debug_info</name>
         <load_address>0x17ca40</load_address>
         <run_address>0x17ca40</run_address>
         <size>0x4ce</size>
         <input_file_ref idref="fl-3e"/>
      </object_component>
      <object_component id="oc-2c9">
         <name>.debug_info</name>
         <load_address>0x17cf0e</load_address>
         <run_address>0x17cf0e</run_address>
         <size>0xc0</size>
      </object_component>
      <object_component id="oc-8d">
         <name>.debug_frame</name>
         <load_address>0x0</load_address>
         <run_address>0x0</run_address>
         <size>0x48</size>
         <input_file_ref idref="fl-2"/>
      </object_component>
      <object_component id="oc-94">
         <name>.debug_frame</name>
         <load_address>0x48</load_address>
         <run_address>0x48</run_address>
         <size>0x19c</size>
         <input_file_ref idref="fl-3"/>
      </object_component>
      <object_component id="oc-9b">
         <name>.debug_frame</name>
         <load_address>0x1e4</load_address>
         <run_address>0x1e4</run_address>
         <size>0x84</size>
         <input_file_ref idref="fl-4"/>
      </object_component>
      <object_component id="oc-a0">
         <name>.debug_frame</name>
         <load_address>0x268</load_address>
         <run_address>0x268</run_address>
         <size>0x30</size>
         <input_file_ref idref="fl-5"/>
      </object_component>
      <object_component id="oc-a7">
         <name>.debug_frame</name>
         <load_address>0x298</load_address>
         <run_address>0x298</run_address>
         <size>0xb8</size>
         <input_file_ref idref="fl-6"/>
      </object_component>
      <object_component id="oc-ac">
         <name>.debug_frame</name>
         <load_address>0x350</load_address>
         <run_address>0x350</run_address>
         <size>0x48</size>
         <input_file_ref idref="fl-7"/>
      </object_component>
      <object_component id="oc-b1">
         <name>.debug_frame</name>
         <load_address>0x398</load_address>
         <run_address>0x398</run_address>
         <size>0x84</size>
         <input_file_ref idref="fl-8"/>
      </object_component>
      <object_component id="oc-b6">
         <name>.debug_frame</name>
         <load_address>0x41c</load_address>
         <run_address>0x41c</run_address>
         <size>0x60</size>
         <input_file_ref idref="fl-9"/>
      </object_component>
      <object_component id="oc-bb">
         <name>.debug_frame</name>
         <load_address>0x47c</load_address>
         <run_address>0x47c</run_address>
         <size>0x30</size>
         <input_file_ref idref="fl-a"/>
      </object_component>
      <object_component id="oc-c0">
         <name>.debug_frame</name>
         <load_address>0x4ac</load_address>
         <run_address>0x4ac</run_address>
         <size>0x30</size>
         <input_file_ref idref="fl-b"/>
      </object_component>
      <object_component id="oc-cb">
         <name>.debug_frame</name>
         <load_address>0x4dc</load_address>
         <run_address>0x4dc</run_address>
         <size>0x64</size>
         <input_file_ref idref="fl-d"/>
      </object_component>
      <object_component id="oc-d7">
         <name>.debug_frame</name>
         <load_address>0x540</load_address>
         <run_address>0x540</run_address>
         <size>0x16b4</size>
         <input_file_ref idref="fl-f"/>
      </object_component>
      <object_component id="oc-dc">
         <name>.debug_frame</name>
         <load_address>0x1bf4</load_address>
         <run_address>0x1bf4</run_address>
         <size>0x30</size>
         <input_file_ref idref="fl-10"/>
      </object_component>
      <object_component id="oc-e1">
         <name>.debug_frame</name>
         <load_address>0x1c24</load_address>
         <run_address>0x1c24</run_address>
         <size>0x30</size>
         <input_file_ref idref="fl-11"/>
      </object_component>
      <object_component id="oc-e6">
         <name>.debug_frame</name>
         <load_address>0x1c54</load_address>
         <run_address>0x1c54</run_address>
         <size>0x30</size>
         <input_file_ref idref="fl-12"/>
      </object_component>
      <object_component id="oc-eb">
         <name>.debug_frame</name>
         <load_address>0x1c84</load_address>
         <run_address>0x1c84</run_address>
         <size>0x30</size>
         <input_file_ref idref="fl-13"/>
      </object_component>
      <object_component id="oc-f0">
         <name>.debug_frame</name>
         <load_address>0x1cb4</load_address>
         <run_address>0x1cb4</run_address>
         <size>0x30</size>
         <input_file_ref idref="fl-14"/>
      </object_component>
      <object_component id="oc-15a">
         <name>.debug_frame</name>
         <load_address>0x1ce4</load_address>
         <run_address>0x1ce4</run_address>
         <size>0x1cc</size>
         <input_file_ref idref="fl-16"/>
      </object_component>
      <object_component id="oc-15f">
         <name>.debug_frame</name>
         <load_address>0x1eb0</load_address>
         <run_address>0x1eb0</run_address>
         <size>0x30</size>
         <input_file_ref idref="fl-17"/>
      </object_component>
      <object_component id="oc-164">
         <name>.debug_frame</name>
         <load_address>0x1ee0</load_address>
         <run_address>0x1ee0</run_address>
         <size>0x30</size>
         <input_file_ref idref="fl-18"/>
      </object_component>
      <object_component id="oc-16f">
         <name>.debug_frame</name>
         <load_address>0x1f10</load_address>
         <run_address>0x1f10</run_address>
         <size>0x30</size>
         <input_file_ref idref="fl-19"/>
      </object_component>
      <object_component id="oc-174">
         <name>.debug_frame</name>
         <load_address>0x1f40</load_address>
         <run_address>0x1f40</run_address>
         <size>0x30</size>
         <input_file_ref idref="fl-1a"/>
      </object_component>
      <object_component id="oc-179">
         <name>.debug_frame</name>
         <load_address>0x1f70</load_address>
         <run_address>0x1f70</run_address>
         <size>0xf4</size>
         <input_file_ref idref="fl-1b"/>
      </object_component>
      <object_component id="oc-17e">
         <name>.debug_frame</name>
         <load_address>0x2064</load_address>
         <run_address>0x2064</run_address>
         <size>0x30</size>
         <input_file_ref idref="fl-1c"/>
      </object_component>
      <object_component id="oc-183">
         <name>.debug_frame</name>
         <load_address>0x2094</load_address>
         <run_address>0x2094</run_address>
         <size>0x60</size>
         <input_file_ref idref="fl-1d"/>
      </object_component>
      <object_component id="oc-188">
         <name>.debug_frame</name>
         <load_address>0x20f4</load_address>
         <run_address>0x20f4</run_address>
         <size>0x4c</size>
         <input_file_ref idref="fl-1e"/>
      </object_component>
      <object_component id="oc-18f">
         <name>.debug_frame</name>
         <load_address>0x2140</load_address>
         <run_address>0x2140</run_address>
         <size>0x30</size>
         <input_file_ref idref="fl-20"/>
      </object_component>
      <object_component id="oc-194">
         <name>.debug_frame</name>
         <load_address>0x2170</load_address>
         <run_address>0x2170</run_address>
         <size>0x250</size>
         <input_file_ref idref="fl-21"/>
      </object_component>
      <object_component id="oc-19a">
         <name>.debug_frame</name>
         <load_address>0x23c0</load_address>
         <run_address>0x23c0</run_address>
         <size>0x30</size>
         <input_file_ref idref="fl-22"/>
      </object_component>
      <object_component id="oc-19f">
         <name>.debug_frame</name>
         <load_address>0x23f0</load_address>
         <run_address>0x23f0</run_address>
         <size>0x30</size>
         <input_file_ref idref="fl-23"/>
      </object_component>
      <object_component id="oc-1a4">
         <name>.debug_frame</name>
         <load_address>0x2420</load_address>
         <run_address>0x2420</run_address>
         <size>0x30</size>
         <input_file_ref idref="fl-24"/>
      </object_component>
      <object_component id="oc-1ab">
         <name>.debug_frame</name>
         <load_address>0x2450</load_address>
         <run_address>0x2450</run_address>
         <size>0x30</size>
         <input_file_ref idref="fl-25"/>
      </object_component>
      <object_component id="oc-1b0">
         <name>.debug_frame</name>
         <load_address>0x2480</load_address>
         <run_address>0x2480</run_address>
         <size>0x30</size>
         <input_file_ref idref="fl-26"/>
      </object_component>
      <object_component id="oc-1be">
         <name>.debug_frame</name>
         <load_address>0x24b0</load_address>
         <run_address>0x24b0</run_address>
         <size>0x324</size>
         <input_file_ref idref="fl-29"/>
      </object_component>
      <object_component id="oc-1c4">
         <name>.debug_frame</name>
         <load_address>0x27d4</load_address>
         <run_address>0x27d4</run_address>
         <size>0x118</size>
         <input_file_ref idref="fl-2a"/>
      </object_component>
      <object_component id="oc-1ca">
         <name>.debug_frame</name>
         <load_address>0x28ec</load_address>
         <run_address>0x28ec</run_address>
         <size>0x30</size>
         <input_file_ref idref="fl-2b"/>
      </object_component>
      <object_component id="oc-1cf">
         <name>.debug_frame</name>
         <load_address>0x291c</load_address>
         <run_address>0x291c</run_address>
         <size>0x30</size>
         <input_file_ref idref="fl-2c"/>
      </object_component>
      <object_component id="oc-1d4">
         <name>.debug_frame</name>
         <load_address>0x294c</load_address>
         <run_address>0x294c</run_address>
         <size>0x30</size>
         <input_file_ref idref="fl-2d"/>
      </object_component>
      <object_component id="oc-1df">
         <name>.debug_frame</name>
         <load_address>0x297c</load_address>
         <run_address>0x297c</run_address>
         <size>0x68</size>
         <input_file_ref idref="fl-35"/>
      </object_component>
      <object_component id="oc-1e6">
         <name>.debug_frame</name>
         <load_address>0x29e4</load_address>
         <run_address>0x29e4</run_address>
         <size>0x68</size>
         <input_file_ref idref="fl-36"/>
      </object_component>
      <object_component id="oc-1f0">
         <name>.debug_frame</name>
         <load_address>0x2a4c</load_address>
         <run_address>0x2a4c</run_address>
         <size>0x48</size>
         <input_file_ref idref="fl-38"/>
      </object_component>
      <object_component id="oc-1f8">
         <name>.debug_frame</name>
         <load_address>0x2a94</load_address>
         <run_address>0x2a94</run_address>
         <size>0x140</size>
         <input_file_ref idref="fl-39"/>
      </object_component>
      <object_component id="oc-1fd">
         <name>.debug_frame</name>
         <load_address>0x2bd4</load_address>
         <run_address>0x2bd4</run_address>
         <size>0x30</size>
         <input_file_ref idref="fl-3a"/>
      </object_component>
      <object_component id="oc-202">
         <name>.debug_frame</name>
         <load_address>0x2c04</load_address>
         <run_address>0x2c04</run_address>
         <size>0x48</size>
         <input_file_ref idref="fl-3b"/>
      </object_component>
      <object_component id="oc-207">
         <name>.debug_frame</name>
         <load_address>0x2c4c</load_address>
         <run_address>0x2c4c</run_address>
         <size>0x48</size>
         <input_file_ref idref="fl-3c"/>
      </object_component>
      <object_component id="oc-20c">
         <name>.debug_frame</name>
[...]
      </symbol>
      <symbol id="sm-55d">
         <name>_GPIO_WritePin</name>
         <value>0x83949</value>
         <object_component_ref idref="oc-22f"/>
      </symbol>
      <symbol id="sm-55e">
         <name>_GPIO_SetupPinOptions</name>
         <value>0x837ef</value>
         <object_component_ref idref="oc-22f"/>
      </symbol>
      <symbol id="sm-55f">
         <name>_GPIO_EnableUnbondedIOPullups</name>
         <value>0x8391c</value>
         <object_component_ref idref="oc-22f"/>
      </symbol>
      <symbol id="sm-560">
         <name>_GPIO_SetupXINT1Gpio</name>
         <value>0x838ac</value>
         <object_component_ref idref="oc-22f"/>
      </symbol>
      <symbol id="sm-561">
         <name>_GPIO_TogglePin</name>
         <value>0x83967</value>
         <object_component_ref idref="oc-22f"/>
      </symbol>
      <symbol id="sm-562">
         <name>_GPIO_SetupPinMux</name>
         <value>0x83763</value>
         <object_component_ref idref="oc-22f"/>
      </symbol>
      <symbol id="sm-563">
         <name>_GPIO_EnableUnbondedIOPullupsFor100Pin</name>
         <value>0x838f7</value>
         <object_component_ref idref="oc-22f"/>
      </symbol>
      <symbol id="sm-564">
         <name>_GPIO_ReadPin</name>
         <value>0x83932</value>
         <object_component_ref idref="oc-22f"/>
      </symbol>
      <symbol id="sm-58c">
         <name>_g_usGetReadIndexes</name>
         <value>0x3fc84</value>
         <object_component_ref idref="oc-16c"/>
      </symbol>
      <symbol id="sm-58d">
         <name>_g_usPutWriteIndexes</name>
         <value>0x3fc80</value>
         <object_component_ref idref="oc-16a"/>
      </symbol>
      <symbol id="sm-58e">
         <name>_g_usGetWriteIndexes</name>
         <value>0x3f880</value>
         <object_component_ref idref="oc-169"/>
      </symbol>
      <symbol id="sm-58f">
         <name>_g_asIPCCPU2toCPU1Buffers</name>
         <value>0x3f800</value>
         <object_component_ref idref="oc-16e"/>
      </symbol>
      <symbol id="sm-590">
         <name>_g_asIPCCPU1toCPU2Buffers</name>
         <value>0x3fc00</value>
         <object_component_ref idref="oc-16d"/>
      </symbol>
      <symbol id="sm-591">
         <name>_g_usPutReadIndexes</name>
         <value>0x3f884</value>
         <object_component_ref idref="oc-16b"/>
      </symbol>
      <symbol id="sm-5b8">
         <name>_IPCLtoRFlagClear</name>
         <value>0x8402e</value>
         <object_component_ref idref="oc-22c"/>
      </symbol>
      <symbol id="sm-5b9">
         <name>_IPCRtoLFlagBusy</name>
         <value>0x84008</value>
         <object_component_ref idref="oc-22c"/>
      </symbol>
      <symbol id="sm-5ba">
         <name>_IPCLtoRFlagBusy</name>
         <value>0x84017</value>
         <object_component_ref idref="oc-22c"/>
      </symbol>
      <symbol id="sm-5bb">
         <name>_IPCBootCPU2</name>
         <value>0x8403a</value>
         <object_component_ref idref="oc-22c"/>
      </symbol>
      <symbol id="sm-5bc">
         <name>_IPCLtoRFlagSet</name>
         <value>0x84026</value>
         <object_component_ref idref="oc-22c"/>
      </symbol>
      <symbol id="sm-5bd">
         <name>_IPCGetBootStatus</name>
         <value>0x84036</value>
         <object_component_ref idref="oc-22c"/>
      </symbol>
      <symbol id="sm-5be">
         <name>_IPCRtoLFlagAcknowledge</name>
         <value>0x84000</value>
         <object_component_ref idref="oc-22c"/>
      </symbol>
      <symbol id="sm-5d3">
         <name>_InitPieCtrl</name>
         <value>0x843ac</value>
         <object_component_ref idref="oc-22d"/>
      </symbol>
      <symbol id="sm-5d4">
         <name>_EnableInterrupts</name>
         <value>0x843cb</value>
         <object_component_ref idref="oc-22d"/>
      </symbol>
      <symbol id="sm-5e4">
         <name>_PieVectTableInit</name>
         <value>0x90000</value>
         <object_component_ref idref="oc-232"/>
      </symbol>
      <symbol id="sm-5e5">
         <name>_InitPieVectTable</name>
         <value>0x843d4</value>
         <object_component_ref idref="oc-22e"/>
      </symbol>
      <symbol id="sm-623">
         <name>_InitSysPll</name>
         <value>0x834ea</value>
         <object_component_ref idref="oc-229"/>
      </symbol>
      <symbol id="sm-624">
         <name>_SeizeFlashPump</name>
         <value>0x834b5</value>
         <object_component_ref idref="oc-229"/>
      </symbol>
      <symbol id="sm-625">
         <name>_DisablePeripheralClocks</name>
         <value>0x8349d</value>
         <object_component_ref idref="oc-229"/>
      </symbol>
      <symbol id="sm-626">
         <name>_FlashOff</name>
         <value>0x8029</value>
         <object_component_ref idref="oc-231"/>
      </symbol>
      <symbol id="sm-627">
         <name>_DisableDog</name>
         <value>0x834dc</value>
         <object_component_ref idref="oc-229"/>
      </symbol>
      <symbol id="sm-628">
         <name>_SysIntOsc2Sel</name>
         <value>0x836a3</value>
         <object_component_ref idref="oc-229"/>
      </symbol>
      <symbol id="sm-629">
         <name>_ReleaseFlashPump</name>
         <value>0x834c4</value>
         <object_component_ref idref="oc-229"/>
      </symbol>
      <symbol id="sm-62a">
         <name>_HALT</name>
         <value>0x836ed</value>
         <object_component_ref idref="oc-229"/>
      </symbol>
      <symbol id="sm-62b">
         <name>_IDLE</name>
         <value>0x836d9</value>
         <object_component_ref idref="oc-229"/>
      </symbol>
      <symbol id="sm-62c">
         <name>_InitPeripheralClocks</name>
         <value>0x83419</value>
         <object_component_ref idref="oc-229"/>
      </symbol>
      <symbol id="sm-62d">
         <name>_InitFlash</name>
         <value>0x8000</value>
         <object_component_ref idref="oc-231"/>
      </symbol>
      <symbol id="sm-62e">
         <name>_SysXtalOscSel</name>
         <value>0x836ad</value>
         <object_component_ref idref="oc-229"/>
      </symbol>
      <symbol id="sm-62f">
         <name>_CsmUnlock</name>
         <value>0x83678</value>
         <object_component_ref idref="oc-229"/>
      </symbol>
      <symbol id="sm-630">
         <name>_SysIntOsc1Sel</name>
         <value>0x83699</value>
         <object_component_ref idref="oc-229"/>
      </symbol>
      <symbol id="sm-631">
         <name>_ServiceDog</name>
         <value>0x834ce</value>
         <object_component_ref idref="oc-229"/>
      </symbol>
      <symbol id="sm-632">
         <name>_HIB</name>
         <value>0x83706</value>
         <object_component_ref idref="oc-229"/>
      </symbol>
      <symbol id="sm-633">
         <name>_AuxAuxClkSel</name>
         <value>0x836cf</value>
         <object_component_ref idref="oc-229"/>
      </symbol>
      <symbol id="sm-634">
         <name>_AuxIntOsc2Sel</name>
         <value>0x836b9</value>
         <object_component_ref idref="oc-229"/>
      </symbol>
      <symbol id="sm-635">
         <name>_InitAuxPll</name>
         <value>0x835b0</value>
         <object_component_ref idref="oc-229"/>
      </symbol>
      <symbol id="sm-636">
         <name>_InitSysCtrl</name>
         <value>0x833cf</value>
         <object_component_ref idref="oc-229"/>
      </symbol>
      <symbol id="sm-637">
         <name>_STANDBY</name>
         <value>0x836e2</value>
         <object_component_ref idref="oc-229"/>
      </symbol>
      <symbol id="sm-638">
         <name>_AuxXtalOscSel</name>
         <value>0x836c3</value>
         <object_component_ref idref="oc-229"/>
      </symbol>
      <symbol id="sm-644">
         <name>_tempSensor_tempSlope</name>
         <value>0xae3c</value>
         <object_component_ref idref="oc-199"/>
      </symbol>
      <symbol id="sm-645">
         <name>_tempSensor_tempOffset</name>
         <value>0xae38</value>
         <object_component_ref idref="oc-199"/>
      </symbol>
      <symbol id="sm-646">
         <name>_tempSensor_scaleFactor</name>
         <value>0xae3a</value>
         <object_component_ref idref="oc-199"/>
      </symbol>
      <symbol id="sm-666">
         <name>_deviceOpen</name>
         <value>0xadbe</value>
         <object_component_ref idref="oc-1aa"/>
      </symbol>
      <symbol id="sm-683">
         <name>_I2C</name>
         <value>0xadc8</value>
         <object_component_ref idref="oc-1b6"/>
      </symbol>
      <symbol id="sm-684">
         <name>_TRIP_SEL</name>
         <value>0xae1a</value>
         <object_component_ref idref="oc-1b6"/>
      </symbol>
      <symbol id="sm-685">
         <name>_EPWM</name>
         <value>0xae00</value>
         <object_component_ref idref="oc-1b6"/>
      </symbol>
      <symbol id="sm-686">
         <name>_MCBSP</name>
         <value>0xadc4</value>
         <object_component_ref idref="oc-1b6"/>
      </symbol>
      <symbol id="sm-687">
         <name>_ECAP</name>
         <value>0xadec</value>
         <object_component_ref idref="oc-1b6"/>
      </symbol>
      <symbol id="sm-688">
         <name>_SPI</name>
         <value>0xadda</value>
         <object_component_ref idref="oc-1b6"/>
      </symbol>
      <symbol id="sm-689">
         <name>_EQEP</name>
         <value>0xadd2</value>
         <object_component_ref idref="oc-1b6"/>
      </symbol>
      <symbol id="sm-68a">
         <name>_SDFM</name>
         <value>0xadcc</value>
         <object_component_ref idref="oc-1b6"/>
      </symbol>
      <symbol id="sm-68b">
         <name>_ADC</name>
         <value>0xade2</value>
         <object_component_ref idref="oc-1b6"/>
      </symbol>
      <symbol id="sm-68c">
         <name>_SCI</name>
         <value>0xadc0</value>
         <object_component_ref idref="oc-1b6"/>
      </symbol>
      <symbol id="sm-698">
         <name>_F28x_usDelay</name>
         <value>0x8037</value>
         <object_component_ref idref="oc-1b8"/>
      </symbol>
      <symbol id="sm-70f">
         <name>_CANGlobalIntEnable</name>
         <value>0x833a6</value>
         <object_component_ref idref="oc-21a"/>
      </symbol>
      <symbol id="sm-710">
         <name>_CANIntRegister</name>
         <value>0x830e4</value>
         <object_component_ref idref="oc-21a"/>
      </symbol>
      <symbol id="sm-711">
         <name>_CANStatusGet</name>
         <value>0x8317d</value>
         <object_component_ref idref="oc-21a"/>
      </symbol>
      <symbol id="sm-712">
         <name>_CANGlobalIntClear</name>
         <value>0x833b9</value>
         <object_component_ref idref="oc-21a"/>
      </symbol>
      <symbol id="sm-713">
         <name>_CANMessageGet</name>
         <value>0x832ac</value>
         <object_component_ref idref="oc-21a"/>
      </symbol>
      <symbol id="sm-714">
         <name>_CANGlobalIntDisable</name>
         <value>0x833af</value>
         <object_component_ref idref="oc-21a"/>
      </symbol>
      <symbol id="sm-715">
         <name>_CANGlobalIntstatusGet</name>
         <value>0x833c2</value>
         <object_component_ref idref="oc-21a"/>
      </symbol>
      <symbol id="sm-716">
         <name>_CANIntStatus</name>
         <value>0x8311f</value>
         <object_component_ref idref="oc-21a"/>
      </symbol>
      <symbol id="sm-717">
         <name>_CANInit</name>
         <value>0x82f1e</value>
         <object_component_ref idref="oc-21a"/>
      </symbol>
      <symbol id="sm-718">
         <name>_CANErrCntrGet</name>
         <value>0x831a5</value>
         <object_component_ref idref="oc-21a"/>
      </symbol>
      <symbol id="sm-719">
         <name>_CANEnable</name>
         <value>0x82fcb</value>
         <object_component_ref idref="oc-21a"/>
      </symbol>
      <symbol id="sm-71a">
         <name>_CANClkSourceSelect</name>
         <value>0x82fdc</value>
         <object_component_ref idref="oc-21a"/>
      </symbol>
      <symbol id="sm-71b">
         <name>_CANRetrySet</name>
         <value>0x83162</value>
         <object_component_ref idref="oc-21a"/>
      </symbol>
      <symbol id="sm-71c">
         <name>_CANIntClear</name>
         <value>0x83139</value>
         <object_component_ref idref="oc-21a"/>
      </symbol>
      <symbol id="sm-71d">
         <name>_CANMessageSet</name>
         <value>0x831c0</value>
         <object_component_ref idref="oc-21a"/>
      </symbol>
      <symbol id="sm-71e">
         <name>_CANBitTimingGet</name>
         <value>0x83003</value>
         <object_component_ref idref="oc-21a"/>
      </symbol>
      <symbol id="sm-71f">
         <name>_CANIntEnable</name>
         <value>0x83101</value>
         <object_component_ref idref="oc-21a"/>
      </symbol>
      <symbol id="sm-720">
         <name>_CANIntUnregister</name>
         <value>0x830f4</value>
         <object_component_ref idref="oc-21a"/>
      </symbol>
      <symbol id="sm-721">
         <name>_CANIntDisable</name>
         <value>0x8310f</value>
         <object_component_ref idref="oc-21a"/>
      </symbol>
      <symbol id="sm-722">
         <name>_CANBitRateSet</name>
         <value>0x8302e</value>
         <object_component_ref idref="oc-21a"/>
      </symbol>
      <symbol id="sm-723">
         <name>_CANDisable</name>
         <value>0x82fd4</value>
         <object_component_ref idref="oc-21a"/>
      </symbol>
      <symbol id="sm-724">
         <name>_CANRetryGet</name>
         <value>0x83173</value>
         <object_component_ref idref="oc-21a"/>
      </symbol>
      <symbol id="sm-725">
         <name>_CANBitTimingSet</name>
         <value>0x8309b</value>
         <object_component_ref idref="oc-21a"/>
      </symbol>
      <symbol id="sm-726">
         <name>_CANMessageClear</name>
         <value>0x83380</value>
         <object_component_ref idref="oc-21a"/>
      </symbol>
      <symbol id="sm-753">
         <name>_IntIFRClear</name>
         <value>0x83e9c</value>
         <object_component_ref idref="oc-221"/>
      </symbol>
      <symbol id="sm-754">
         <name>_IntRegister</name>
         <value>0x83d61</value>
         <object_component_ref idref="oc-221"/>
      </symbol>
      <symbol id="sm-755">
         <name>_IntUnregister</name>
         <value>0x83d74</value>
         <object_component_ref idref="oc-221"/>
      </symbol>
      <symbol id="sm-756">
         <name>_IntMasterDisable</name>
         <value>0x83d59</value>
         <object_component_ref idref="oc-221"/>
      </symbol>
      <symbol id="sm-757">
         <name>_IntDefaultHandler</name>
         <value>0x84471</value>
         <object_component_ref idref="oc-1c3"/>
      </symbol>
      <symbol id="sm-758">
         <name>_IntEnable</name>
         <value>0x83d89</value>
         <object_component_ref idref="oc-221"/>
      </symbol>
      <symbol id="sm-759">
         <name>_IntMasterEnable</name>
         <value>0x83d51</value>
         <object_component_ref idref="oc-221"/>
      </symbol>
      <symbol id="sm-75a">
         <name>_IntDisable</name>
         <value>0x83e1c</value>
         <object_component_ref idref="oc-221"/>
      </symbol>
      <symbol id="sm-766">
         <name>_SysCtlDelay</name>
         <value>0x803b</value>
         <object_component_ref idref="oc-1c9"/>
      </symbol>
      <symbol id="sm-793">
         <name>_c_int00</name>
         <value>0x842f6</value>
         <object_component_ref idref="oc-8a"/>
      </symbol>
      <symbol id="sm-794">
         <name>__stack</name>
         <value>0x400</value>
         <object_component_ref idref="oc-1d8"/>
      </symbol>
      <symbol id="sm-7a3">
         <name>_copy_in</name>
         <value>0x843fa</value>
         <object_component_ref idref="oc-216"/>
      </symbol>
      <symbol id="sm-7b7">
         <name>C$$EXIT</name>
         <value>0x84383</value>
         <object_component_ref idref="oc-219"/>
      </symbol>
      <symbol id="sm-7b8">
         <name>_exit</name>
         <value>0x84385</value>
         <object_component_ref idref="oc-219"/>
      </symbol>
      <symbol id="sm-7b9">
         <name>___TI_cleanup_ptr</name>
         <value>0xae72</value>
         <object_component_ref idref="oc-1e5"/>
      </symbol>
      <symbol id="sm-7ba">
         <name>___TI_enable_exit_profile_output</name>
         <value>0xae70</value>
         <object_component_ref idref="oc-1e5"/>
      </symbol>
      <symbol id="sm-7bb">
         <name>_abort</name>
         <value>0x84383</value>
         <object_component_ref idref="oc-219"/>
      </symbol>
      <symbol id="sm-7bc">
         <name>___TI_dtors_ptr</name>
         <value>0xae74</value>
         <object_component_ref idref="oc-1e5"/>
      </symbol>
      <symbol id="sm-7c8">
         <name>LL$$AND</name>
         <value>0x84459</value>
         <object_component_ref idref="oc-1ea"/>
      </symbol>
      <symbol id="sm-7c9">
         <name>LL$$OR</name>
         <value>0x84461</value>
         <object_component_ref idref="oc-1ea"/>
      </symbol>
      <symbol id="sm-7ca">
         <name>LL$$XOR</name>
         <value>0x84469</value>
         <object_component_ref idref="oc-1ea"/>
      </symbol>
      <symbol id="sm-7db">
         <name>_memcpy</name>
         <value>0x8441e</value>
         <object_component_ref idref="oc-21c"/>
      </symbol>
      <symbol id="sm-822">
         <name>__sys_memory</name>
         <value>0xa800</value>
         <object_component_ref idref="oc-1f6"/>
      </symbol>
      <symbol id="sm-823">
         <name>_chkheap</name>
         <value>0x83d38</value>
         <object_component_ref idref="oc-222"/>
      </symbol>
      <symbol id="sm-824">
         <name>_realloc</name>
         <value>0x83c46</value>
         <object_component_ref idref="oc-222"/>
      </symbol>
      <symbol id="sm-825">
         <name>_free_memory</name>
         <value>0x83d1a</value>
         <object_component_ref idref="oc-222"/>
      </symbol>
      <symbol id="sm-826">
         <name>_max_free</name>
         <value>0x83cf8</value>
         <object_component_ref idref="oc-222"/>
      </symbol>
      <symbol id="sm-827">
         <name>_free</name>
         <value>0x83b7f</value>
         <object_component_ref idref="oc-222"/>
      </symbol>
      <symbol id="sm-828">
         <name>_calloc</name>
         <value>0x83d3a</value>
         <object_component_ref idref="oc-222"/>
      </symbol>
      <symbol id="sm-829">
         <name>_malloc</name>
         <value>0x83be8</value>
         <object_component_ref idref="oc-222"/>
      </symbol>
      <symbol id="sm-82a">
         <name>_minit</name>
         <value>0x83bc3</value>
         <object_component_ref idref="oc-222"/>
      </symbol>
      <symbol id="sm-83f">
         <name>__system_pre_init</name>
         <value>0x8448c</value>
         <object_component_ref idref="oc-215"/>
      </symbol>
      <symbol id="sm-84b">
         <name>__system_post_cinit</name>
         <value>0x83fff</value>
         <object_component_ref idref="oc-217"/>
      </symbol>
      <symbol id="sm-85f">
         <name>__unlock</name>
         <value>0xadbc</value>
         <object_component_ref idref="oc-228"/>
      </symbol>
      <symbol id="sm-860">
         <name>__lock</name>
         <value>0xacfe</value>
         <object_component_ref idref="oc-21e"/>
      </symbol>
      <symbol id="sm-861">
         <name>__register_lock</name>
         <value>0x84484</value>
         <object_component_ref idref="oc-226"/>
      </symbol>
      <symbol id="sm-862">
         <name>__nop</name>
         <value>0x84488</value>
         <object_component_ref idref="oc-226"/>
      </symbol>
      <symbol id="sm-863">
         <name>__register_unlock</name>
         <value>0x84480</value>
         <object_component_ref idref="oc-226"/>
      </symbol>
      <symbol id="sm-872">
         <name>__args_main</name>
         <value>0x83fe6</value>
         <object_component_ref idref="oc-218"/>
      </symbol>
   </symbol_table>
   <title>Link successful</title>
</link_info>
