<?xml version="1.0" encoding="ISO-8859-1" ?>
<link_info>
   <banner>TMS320C2000 Linker PC v18.1.3.LTS</banner>
   <copyright>Copyright (c) 1996-2017 Texas Instruments Incorporated</copyright>
   <link_time>0x5bd1f26d</link_time>
   <link_errors>0x0</link_errors>
   <output_file>COM_cpu01.out</output_file>
   <entry_point>
      <name>_c_int00</name>
      <address>0x83c00</address>
   </entry_point>
   <input_file_list>
      <input_file id="fl-2">
         <path>.\</path>
         <kind>object</kind>
         <file>main_cpu1.obj</file>
         <name>main_cpu1.obj</name>
      </input_file>
      <input_file id="fl-3">
         <path>.\App\</path>
         <kind>object</kind>
         <file>ComModule.obj</file>
         <name>ComModule.obj</name>
      </input_file>
      <input_file id="fl-4">
         <path>.\App\</path>
         <kind>object</kind>
         <file>Diccionario_CANOpen.obj</file>
         <name>Diccionario_CANOpen.obj</name>
      </input_file>
      <input_file id="fl-5">
         <path>.\UFCharger\F2837xD\Comun\Drivers\</path>
         <kind>object</kind>
         <file>Config_ADC.obj</file>
         <name>Config_ADC.obj</name>
      </input_file>
      <input_file id="fl-6">
         <path>.\UFCharger\F2837xD\Comun\Drivers\</path>
         <kind>object</kind>
         <file>Config_CAN.obj</file>
         <name>Config_CAN.obj</name>
      </input_file>
      <input_file id="fl-7">
         <path>.\UFCharger\F2837xD\Comun\Drivers\</path>
         <kind>object</kind>
         <file>Config_GPIO.obj</file>
         <name>Config_GPIO.obj</name>
      </input_file>
      <input_file id="fl-8">
         <path>.\UFCharger\F2837xD\Comun\Drivers\</path>
         <kind>object</kind>
         <file>FIFO.obj</file>
         <name>FIFO.obj</name>
      </input_file>
      <input_file id="fl-9">
         <path>.\UFCharger\F2837xD\Comun\Drivers\</path>
         <kind>object</kind>
         <file>Init_HW.obj</file>
         <name>Init_HW.obj</name>
      </input_file>
      <input_file id="fl-a">
         <path>.\UFCharger\F2837xD\Comun\Drivers\</path>
         <kind>object</kind>
         <file>MEM.obj</file>
         <name>MEM.obj</name>
      </input_file>
      <input_file id="fl-b">
         <path>.\UFCharger\F2837xD\Comun\common\</path>
         <kind>object</kind>
         <file>F2837xD_Adc.obj</file>
         <name>F2837xD_Adc.obj</name>
      </input_file>
      <input_file id="fl-c">
         <path>.\UFCharger\F2837xD\Comun\common\</path>
         <kind>object</kind>
         <file>F2837xD_CodeStartBranch.obj</file>
         <name>F2837xD_CodeStartBranch.obj</name>
      </input_file>
      <input_file id="fl-d">
         <path>.\UFCharger\F2837xD\Comun\common\</path>
         <kind>object</kind>
         <file>F2837xD_CpuTimers.obj</file>
         <name>F2837xD_CpuTimers.obj</name>
      </input_file>
      <input_file id="fl-e">
         <path>.\UFCharger\F2837xD\Comun\common\</path>
         <kind>object</kind>
         <file>F2837xD_DBGIER.obj</file>
         <name>F2837xD_DBGIER.obj</name>
      </input_file>
      <input_file id="fl-f">
         <path>.\UFCharger\F2837xD\Comun\common\</path>
         <kind>object</kind>
         <file>F2837xD_DefaultISR.obj</file>
         <name>F2837xD_DefaultISR.obj</name>
      </input_file>
      <input_file id="fl-10">
         <path>.\UFCharger\F2837xD\Comun\common\</path>
         <kind>object</kind>
         <file>F2837xD_Dma.obj</file>
         <name>F2837xD_Dma.obj</name>
      </input_file>
      <input_file id="fl-11">
         <path>.\UFCharger\F2837xD\Comun\common\</path>
         <kind>object</kind>
         <file>F2837xD_ECap.obj</file>
         <name>F2837xD_ECap.obj</name>
      </input_file>
      <input_file id="fl-12">
         <path>.\UFCharger\F2837xD\Comun\common\</path>
         <kind>object</kind>
         <file>F2837xD_EPwm.obj</file>
         <name>F2837xD_EPwm.obj</name>
      </input_file>
      <input_file id="fl-13">
         <path>.\UFCharger\F2837xD\Comun\common\</path>
         <kind>object</kind>
         <file>F2837xD_EQep.obj</file>
         <name>F2837xD_EQep.obj</name>
      </input_file>
      <input_file id="fl-14">
         <path>.\UFCharger\F2837xD\Comun\common\</path>
         <kind>object</kind>
         <file>F2837xD_Emif.obj</file>
         <name>F2837xD_Emif.obj</name>
      </input_file>
      <input_file id="fl-15">
         <path>.\UFCharger\F2837xD\Comun\common\</path>
         <kind>object</kind>
         <file>F2837xD_GlobalVariableDefs.obj</file>
         <name>F2837xD_GlobalVariableDefs.obj</name>
      </input_file>
      <input_file id="fl-16">
         <path>.\UFCharger\F2837xD\Comun\common\</path>
         <kind>object</kind>
         <file>F2837xD_Gpio.obj</file>
         <name>F2837xD_Gpio.obj</name>
      </input_file>
      <input_file id="fl-17">
         <path>.\UFCharger\F2837xD\Comun\common\</path>
         <kind>object</kind>
         <file>F2837xD_I2C.obj</file>
         <name>F2837xD_I2C.obj</name>
      </input_file>
      <input_file id="fl-18">
         <path>.\UFCharger\F2837xD\Comun\common\</path>
         <kind>object</kind>
         <file>F2837xD_Ipc.obj</file>
         <name>F2837xD_Ipc.obj</name>
      </input_file>
      <input_file id="fl-19">
         <path>.\UFCharger\F2837xD\Comun\common\</path>
         <kind>object</kind>
         <file>F2837xD_Ipc_Driver.obj</file>
         <name>F2837xD_Ipc_Driver.obj</name>
      </input_file>
      <input_file id="fl-1a">
         <path>.\UFCharger\F2837xD\Comun\common\</path>
         <kind>object</kind>
         <file>F2837xD_Ipc_Driver_Lite.obj</file>
         <name>F2837xD_Ipc_Driver_Lite.obj</name>
      </input_file>
      <input_file id="fl-1b">
         <path>.\UFCharger\F2837xD\Comun\common\</path>
         <kind>object</kind>
         <file>F2837xD_Ipc_Driver_Util.obj</file>
         <name>F2837xD_Ipc_Driver_Util.obj</name>
      </input_file>
      <input_file id="fl-1c">
         <path>.\UFCharger\F2837xD\Comun\common\</path>
         <kind>object</kind>
         <file>F2837xD_Mcbsp.obj</file>
         <name>F2837xD_Mcbsp.obj</name>
      </input_file>
      <input_file id="fl-1d">
         <path>.\UFCharger\F2837xD\Comun\common\</path>
         <kind>object</kind>
         <file>F2837xD_PieCtrl.obj</file>
         <name>F2837xD_PieCtrl.obj</name>
      </input_file>
      <input_file id="fl-1e">
         <path>.\UFCharger\F2837xD\Comun\common\</path>
         <kind>object</kind>
         <file>F2837xD_PieVect.obj</file>
         <name>F2837xD_PieVect.obj</name>
      </input_file>
      <input_file id="fl-1f">
         <path>.\UFCharger\F2837xD\Comun\common\</path>
         <kind>object</kind>
         <file>F2837xD_Sci.obj</file>
         <name>F2837xD_Sci.obj</name>
      </input_file>
      <input_file id="fl-20">
         <path>.\UFCharger\F2837xD\Comun\common\</path>
         <kind>object</kind>
         <file>F2837xD_Spi.obj</file>
         <name>F2837xD_Spi.obj</name>
      </input_file>
      <input_file id="fl-21">
         <path>.\UFCharger\F2837xD\Comun\common\</path>
         <kind>object</kind>
         <file>F2837xD_SysCtrl.obj</file>
         <name>F2837xD_SysCtrl.obj</name>
      </input_file>
      <input_file id="fl-22">
         <path>.\UFCharger\F2837xD\Comun\common\</path>
         <kind>object</kind>
         <file>F2837xD_TempSensorConv.obj</file>
         <name>F2837xD_TempSensorConv.obj</name>
      </input_file>
      <input_file id="fl-23">
         <path>.\UFCharger\F2837xD\Comun\common\</path>
         <kind>object</kind>
         <file>F2837xD_Upp.obj</file>
         <name>F2837xD_Upp.obj</name>
      </input_file>
      <input_file id="fl-24">
         <path>.\UFCharger\F2837xD\Comun\common\</path>
         <kind>object</kind>
         <file>F2837xD_can.obj</file>
         <name>F2837xD_can.obj</name>
      </input_file>
      <input_file id="fl-25">
         <path>.\UFCharger\F2837xD\Comun\common\</path>
         <kind>object</kind>
         <file>F2837xD_sci_io.obj</file>
         <name>F2837xD_sci_io.obj</name>
      </input_file>
      <input_file id="fl-26">
         <path>.\UFCharger\F2837xD\Comun\common\</path>
         <kind>object</kind>
         <file>F2837xD_sdfm_drivers.obj</file>
         <name>F2837xD_sdfm_drivers.obj</name>
      </input_file>
      <input_file id="fl-27">
         <path>.\UFCharger\F2837xD\Comun\common\</path>
         <kind>object</kind>
         <file>F2837xD_struct.obj</file>
         <name>F2837xD_struct.obj</name>
      </input_file>
      <input_file id="fl-28">
         <path>.\UFCharger\F2837xD\Comun\common\</path>
         <kind>object</kind>
         <file>F2837xD_usDelay.obj</file>
         <name>F2837xD_usDelay.obj</name>
      </input_file>
      <input_file id="fl-29">
         <path>.\UFCharger\F2837xD\Comun\driverlib\</path>
         <kind>object</kind>
         <file>can.obj</file>
         <name>can.obj</name>
      </input_file>
      <input_file id="fl-2a">
         <path>.\UFCharger\F2837xD\Comun\driverlib\</path>
         <kind>object</kind>
         <file>interrupt.obj</file>
         <name>interrupt.obj</name>
      </input_file>
      <input_file id="fl-2b">
         <path>.\UFCharger\F2837xD\Comun\driverlib\</path>
         <kind>object</kind>
         <file>sysctl.obj</file>
         <name>sysctl.obj</name>
      </input_file>
      <input_file id="fl-2c">
         <path>.\UFCharger\F2837xD\Comun\driverlib\</path>
         <kind>object</kind>
         <file>systick.obj</file>
         <name>systick.obj</name>
      </input_file>
      <input_file id="fl-2d">
         <path>.\UFCharger\F2837xD\Comun\driverlib\</path>
         <kind>object</kind>
         <file>uart.obj</file>
         <name>uart.obj</name>
      </input_file>
      <input_file id="fl-2e">
         <path>.\UFCharger\F2837xD\Comun\driverlib\</path>
         <kind>object</kind>
         <file>usb.obj</file>
         <name>usb.obj</name>
      </input_file>
      <input_file id="fl-34">
         <kind>object</kind>
         <file>&lt;internal&gt;</file>
         <name>&lt;internal&gt;</name>
      </input_file>
      <input_file id="fl-35">
         <path>C:\Users\dagaro\workspace\Firmware_Test\UFCharger\F2837xD\ti-cgt-c2000_16.9.6.LTS\lib\</path>
         <kind>archive</kind>
         <file>rts2800_fpu32.lib</file>
         <name>boot28.obj</name>
      </input_file>
      <input_file id="fl-36">
         <path>C:\Users\dagaro\workspace\Firmware_Test\UFCharger\F2837xD\ti-cgt-c2000_16.9.6.LTS\lib\</path>
         <kind>archive</kind>
         <file>rts2800_fpu32.lib</file>
         <name>cpy_tbl.obj</name>
      </input_file>
      <input_file id="fl-37">
         <path>C:\Users\dagaro\workspace\Firmware_Test\UFCharger\F2837xD\ti-cgt-c2000_16.9.6.LTS\lib\</path>
         <kind>archive</kind>
         <file>rts2800_fpu32.lib</file>
         <name>exit.obj</name>
      </input_file>
      <input_file id="fl-38">
         <path>C:\Users\dagaro\workspace\Firmware_Test\UFCharger\F2837xD\ti-cgt-c2000_16.9.6.LTS\lib\</path>
         <kind>archive</kind>
         <file>rts2800_fpu32.lib</file>
         <name>fs_div28.obj</name>
      </input_file>
      <input_file id="fl-39">
         <path>C:\Users\dagaro\workspace\Firmware_Test\UFCharger\F2837xD\ti-cgt-c2000_16.9.6.LTS\lib\</path>
         <kind>archive</kind>
         <file>rts2800_fpu32.lib</file>
         <name>ll_aox28.obj</name>
      </input_file>
      <input_file id="fl-3a">
         <path>C:\Users\dagaro\workspace\Firmware_Test\UFCharger\F2837xD\ti-cgt-c2000_16.9.6.LTS\lib\</path>
         <kind>archive</kind>
         <file>rts2800_fpu32.lib</file>
         <name>memcpy.obj</name>
      </input_file>
      <input_file id="fl-3b">
         <path>C:\Users\dagaro\workspace\Firmware_Test\UFCharger\F2837xD\ti-cgt-c2000_16.9.6.LTS\lib\</path>
         <kind>archive</kind>
         <file>rts2800_fpu32.lib</file>
         <name>memory.obj</name>
      </input_file>
      <input_file id="fl-3c">
         <path>C:\Users\dagaro\workspace\Firmware_Test\UFCharger\F2837xD\ti-cgt-c2000_16.9.6.LTS\lib\</path>
         <kind>archive</kind>
         <file>rts2800_fpu32.lib</file>
         <name>memset.obj</name>
      </input_file>
      <input_file id="fl-3d">
         <path>C:\Users\dagaro\workspace\Firmware_Test\UFCharger\F2837xD\ti-cgt-c2000_16.9.6.LTS\lib\</path>
         <kind>archive</kind>
         <file>rts2800_fpu32.lib</file>
         <name>pre_init.obj</name>
      </input_file>
      <input_file id="fl-3e">
         <path>C:\Users\dagaro\workspace\Firmware_Test\UFCharger\F2837xD\ti-cgt-c2000_16.9.6.LTS\lib\</path>
         <kind>archive</kind>
         <file>rts2800_fpu32.lib</file>
         <name>startup.obj</name>
      </input_file>
      <input_file id="fl-3f">
         <path>C:\Users\dagaro\workspace\Firmware_Test\UFCharger\F2837xD\ti-cgt-c2000_16.9.6.LTS\lib\</path>
         <kind>archive</kind>
         <file>rts2800_fpu32.lib</file>
         <name>_lock.obj</name>
      </input_file>
      <input_file id="fl-40">
         <path>C:\Users\dagaro\workspace\Firmware_Test\UFCharger\F2837xD\ti-cgt-c2000_16.9.6.LTS\lib\</path>
         <kind>archive</kind>
         <file>rts2800_fpu32.lib</file>
         <name>args_main.obj</name>
      </input_file>
   </input_file_list>
   <object_component_list>
      <object_component id="oc-1b3">
         <name>.cinit</name>
         <load_address>0x82000</load_address>
         <run_address>0x82000</run_address>
         <size>0x90</size>
         <input_file_ref idref="fl-27"/>
      </object_component>
      <object_component id="oc-9a">
         <name>.cinit</name>
         <load_address>0x82090</load_address>
         <run_address>0x82090</run_address>
         <size>0x7e</size>
         <input_file_ref idref="fl-4"/>
      </object_component>
      <object_component id="oc-93">
         <name>.cinit</name>
         <load_address>0x8210e</load_address>
         <run_address>0x8210e</run_address>
         <size>0x12</size>
         <input_file_ref idref="fl-3"/>
      </object_component>
      <object_component id="oc-1e7">
         <name>.cinit</name>
         <load_address>0x82120</load_address>
         <run_address>0x82120</run_address>
         <size>0xe</size>
         <input_file_ref idref="fl-37"/>
      </object_component>
      <object_component id="oc-a3">
         <name>.cinit</name>
         <load_address>0x8212e</load_address>
         <run_address>0x8212e</run_address>
         <size>0x5</size>
         <input_file_ref idref="fl-6"/>
      </object_component>
      <object_component id="oc-227">
         <name>.cinit:__lock</name>
         <load_address>0x82133</load_address>
         <run_address>0x82133</run_address>
         <size>0x5</size>
         <input_file_ref idref="fl-3f"/>
      </object_component>
      <object_component id="oc-22f">
         <name>.cinit:__unlock</name>
         <load_address>0x82138</load_address>
         <run_address>0x82138</run_address>
         <size>0x5</size>
         <input_file_ref idref="fl-3f"/>
      </object_component>
      <object_component id="oc-8c">
         <name>.cinit</name>
         <load_address>0x8213d</load_address>
         <run_address>0x8213d</run_address>
         <size>0x5</size>
         <input_file_ref idref="fl-2"/>
      </object_component>
      <object_component id="oc-1a7">
         <name>.cinit</name>
         <load_address>0x82142</load_address>
         <run_address>0x82142</run_address>
         <size>0x4</size>
         <input_file_ref idref="fl-25"/>
      </object_component>
      <object_component id="oc-1fd">
         <name>.cinit</name>
         <load_address>0x82146</load_address>
         <run_address>0x82146</run_address>
         <size>0x4</size>
         <input_file_ref idref="fl-3b"/>
      </object_component>
      <object_component id="oc-d4">
         <name>.text:retain</name>
         <load_address>0x8214c</load_address>
         <run_address>0x8214c</run_address>
         <size>0x61f</size>
         <input_file_ref idref="fl-f"/>
      </object_component>
      <object_component id="oc-222">
         <name>.text</name>
         <load_address>0x8276b</load_address>
         <run_address>0x8276b</run_address>
         <size>0x522</size>
         <input_file_ref idref="fl-29"/>
      </object_component>
      <object_component id="oc-231">
         <name>.text</name>
         <load_address>0x82c8d</load_address>
         <run_address>0x82c8d</run_address>
         <size>0x347</size>
         <input_file_ref idref="fl-21"/>
      </object_component>
      <object_component id="oc-238">
         <name>.text</name>
         <load_address>0x82fd4</load_address>
         <run_address>0x82fd4</run_address>
         <size>0x255</size>
         <input_file_ref idref="fl-16"/>
      </object_component>
      <object_component id="oc-223">
         <name>.text</name>
         <load_address>0x83229</load_address>
         <run_address>0x83229</run_address>
         <size>0x207</size>
         <input_file_ref idref="fl-8"/>
      </object_component>
      <object_component id="oc-22a">
         <name>.text</name>
         <load_address>0x83430</load_address>
         <run_address>0x83430</run_address>
         <size>0x1d2</size>
         <input_file_ref idref="fl-3b"/>
      </object_component>
      <object_component id="oc-229">
         <name>.text</name>
         <load_address>0x83602</load_address>
         <run_address>0x83602</run_address>
         <size>0x1ca</size>
         <input_file_ref idref="fl-2a"/>
      </object_component>
      <object_component id="oc-234">
         <name>.text</name>
         <load_address>0x837cc</load_address>
         <run_address>0x837cc</run_address>
         <size>0x166</size>
         <input_file_ref idref="fl-1b"/>
      </object_component>
      <object_component id="oc-22d">
         <name>.text</name>
         <load_address>0x83932</load_address>
         <run_address>0x83932</run_address>
         <size>0x127</size>
         <input_file_ref idref="fl-3"/>
      </object_component>
      <object_component id="oc-233">
         <name>.text</name>
         <load_address>0x83a59</load_address>
         <run_address>0x83a59</run_address>
         <size>0xa3</size>
         <input_file_ref idref="fl-7"/>
      </object_component>
      <object_component id="oc-1ed">
         <name>.text</name>
         <load_address>0x83afc</load_address>
         <run_address>0x83afc</run_address>
         <size>0x88</size>
         <input_file_ref idref="fl-38"/>
      </object_component>
      <object_component id="oc-232">
         <name>.text</name>
         <load_address>0x83b84</load_address>
         <run_address>0x83b84</run_address>
         <size>0x7c</size>
         <input_file_ref idref="fl-d"/>
      </object_component>
      <object_component id="oc-8a">
         <name>.text</name>
         <load_address>0x83c00</load_address>
         <run_address>0x83c00</run_address>
         <size>0x56</size>
         <input_file_ref idref="fl-35"/>
      </object_component>
      <object_component id="oc-22c">
         <name>.text</name>
         <load_address>0x83c56</load_address>
         <run_address>0x83c56</run_address>
         <size>0x4b</size>
         <input_file_ref idref="fl-6"/>
      </object_component>
      <object_component id="oc-22b">
         <name>.text</name>
         <load_address>0x83ca1</load_address>
         <run_address>0x83ca1</run_address>
         <size>0x32</size>
         <input_file_ref idref="fl-9"/>
      </object_component>
      <object_component id="oc-225">
         <name>.text</name>
         <load_address>0x83cd3</load_address>
         <run_address>0x83cd3</run_address>
         <size>0x2a</size>
         <input_file_ref idref="fl-2"/>
      </object_component>
      <object_component id="oc-221">
         <name>.text</name>
         <load_address>0x83cfd</load_address>
         <run_address>0x83cfd</run_address>
         <size>0x29</size>
         <input_file_ref idref="fl-37"/>
      </object_component>
      <object_component id="oc-235">
         <name>.text</name>
         <load_address>0x83d26</load_address>
         <run_address>0x83d26</run_address>
         <size>0x28</size>
         <input_file_ref idref="fl-1d"/>
      </object_component>
      <object_component id="oc-236">
         <name>.text</name>
         <load_address>0x83d4e</load_address>
         <run_address>0x83d4e</run_address>
         <size>0x26</size>
         <input_file_ref idref="fl-1e"/>
      </object_component>
      <object_component id="oc-21e">
         <name>.text</name>
         <load_address>0x83d74</load_address>
         <run_address>0x83d74</run_address>
         <size>0x24</size>
         <input_file_ref idref="fl-36"/>
      </object_component>
      <object_component id="oc-224">
         <name>.text</name>
         <load_address>0x83d98</load_address>
         <run_address>0x83d98</run_address>
         <size>0x1e</size>
         <input_file_ref idref="fl-3a"/>
      </object_component>
      <object_component id="oc-220">
         <name>.text</name>
         <load_address>0x83db6</load_address>
         <run_address>0x83db6</run_address>
         <size>0x19</size>
         <input_file_ref idref="fl-40"/>
      </object_component>
      <object_component id="oc-1f2">
         <name>.text</name>
         <load_address>0x83dcf</load_address>
         <run_address>0x83dcf</run_address>
         <size>0x18</size>
         <input_file_ref idref="fl-39"/>
      </object_component>
      <object_component id="oc-1c1">
         <name>.text:retain</name>
         <load_address>0x83de7</load_address>
         <run_address>0x83de7</run_address>
         <size>0xf</size>
         <input_file_ref idref="fl-2a"/>
      </object_component>
      <object_component id="oc-22e">
         <name>.text</name>
         <load_address>0x83df6</load_address>
         <run_address>0x83df6</run_address>
         <size>0x9</size>
         <input_file_ref idref="fl-3f"/>
      </object_component>
      <object_component id="oc-cd">
         <name>.text</name>
         <load_address>0x83dff</load_address>
         <run_address>0x83dff</run_address>
         <size>0x3</size>
         <input_file_ref idref="fl-e"/>
      </object_component>
      <object_component id="oc-21d">
         <name>.text</name>
         <load_address>0x83e02</load_address>
         <run_address>0x83e02</run_address>
         <size>0x2</size>
         <input_file_ref idref="fl-3d"/>
      </object_component>
      <object_component id="oc-21f">
         <name>.text</name>
         <load_address>0x83e04</load_address>
         <run_address>0x83e04</run_address>
         <size>0x1</size>
         <input_file_ref idref="fl-3e"/>
      </object_component>
      <object_component id="oc-c2">
         <name>codestart</name>
         <load_address>0x80000</load_address>
         <run_address>0x80000</run_address>
         <size>0x2</size>
         <input_file_ref idref="fl-c"/>
      </object_component>
      <object_component id="oc-1db">
         <name>.stack</name>
         <uninitialized>true</uninitialized>
         <run_address>0x400</run_address>
         <size>0x0</size>
         <input_file_ref idref="fl-35"/>
      </object_component>
      <object_component id="oc-2c9">
         <name>.stack</name>
         <uninitialized>true</uninitialized>
         <run_address>0x400</run_address>
         <size>0x0</size>
      </object_component>
      <object_component id="oc-94">
         <name>.ebss</name>
         <uninitialized>true</uninitialized>
         <run_address>0xac00</run_address>
         <size>0xbc</size>
         <input_file_ref idref="fl-3"/>
      </object_component>
      <object_component id="oc-d3">
         <name>.ebss</name>
         <uninitialized>true</uninitialized>
         <run_address>0xacbc</run_address>
         <size>0x2</size>
         <input_file_ref idref="fl-f"/>
      </object_component>
      <object_component id="oc-226">
         <name>.ebss:__lock</name>
         <uninitialized>true</uninitialized>
         <run_address>0xacbe</run_address>
         <size>0x2</size>
         <input_file_ref idref="fl-3f"/>
      </object_component>
      <object_component id="oc-9b">
         <name>.ebss</name>
         <uninitialized>true</uninitialized>
         <run_address>0xacc0</run_address>
         <size>0xbb</size>
         <input_file_ref idref="fl-4"/>
      </object_component>
      <object_component id="oc-1a8">
         <name>.ebss</name>
         <uninitialized>true</uninitialized>
         <run_address>0xad7b</run_address>
         <size>0x1</size>
         <input_file_ref idref="fl-25"/>
      </object_component>
      <object_component id="oc-230">
         <name>.ebss:__unlock</name>
         <uninitialized>true</uninitialized>
         <run_address>0xad7c</run_address>
         <size>0x2</size>
         <input_file_ref idref="fl-3f"/>
      </object_component>
      <object_component id="oc-8d">
         <name>.ebss</name>
         <uninitialized>true</uninitialized>
         <run_address>0xad7e</run_address>
         <size>0x2</size>
         <input_file_ref idref="fl-2"/>
      </object_component>
      <object_component id="oc-1b4">
         <name>.ebss</name>
         <uninitialized>true</uninitialized>
         <run_address>0xad80</run_address>
         <size>0x78</size>
         <input_file_ref idref="fl-27"/>
      </object_component>
      <object_component id="oc-1ff">
         <name>.ebss</name>
         <uninitialized>true</uninitialized>
         <run_address>0xadf8</run_address>
         <size>0x8</size>
         <input_file_ref idref="fl-3b"/>
      </object_component>
      <object_component id="oc-a4">
         <name>.ebss</name>
         <uninitialized>true</uninitialized>
         <run_address>0xae00</run_address>
         <size>0x30</size>
         <input_file_ref idref="fl-6"/>
      </object_component>
      <object_component id="oc-197">
         <name>.ebss</name>
         <uninitialized>true</uninitialized>
         <run_address>0xae30</run_address>
         <size>0x6</size>
         <input_file_ref idref="fl-22"/>
      </object_component>
      <object_component id="oc-1e8">
         <name>.ebss</name>
         <uninitialized>true</uninitialized>
         <run_address>0xae36</run_address>
         <size>0x6</size>
         <input_file_ref idref="fl-37"/>
      </object_component>
      <object_component id="oc-c8">
         <name>.ebss</name>
         <uninitialized>true</uninitialized>
         <run_address>0xae40</run_address>
         <size>0x18</size>
         <input_file_ref idref="fl-d"/>
      </object_component>
      <object_component id="oc-1fe">
         <name>.esysmem</name>
         <uninitialized>true</uninitialized>
         <run_address>0xa800</run_address>
         <size>0x1</size>
         <input_file_ref idref="fl-3b"/>
      </object_component>
      <object_component id="oc-2ca">
         <name>.esysmem</name>
         <uninitialized>true</uninitialized>
         <run_address>0xa800</run_address>
         <size>0x0</size>
      </object_component>
      <object_component id="oc-239">
         <name>.econst:_PieVectTableInit</name>
         <load_address>0x90000</load_address>
         <run_address>0x90000</run_address>
         <size>0x1c0</size>
         <input_file_ref idref="fl-1e"/>
      </object_component>
      <object_component id="oc-228">
         <name>.econst:_g_ui16CANBitValues</name>
         <load_address>0x901c0</load_address>
         <run_address>0x901c0</run_address>
         <size>0x9</size>
         <input_file_ref idref="fl-29"/>
      </object_component>
      <object_component id="oc-1dc">
         <name>.reset</name>
         <load_address>0x3fffc0</load_address>
         <run_address>0x3fffc0</run_address>
         <size>0x2</size>
         <input_file_ref idref="fl-35"/>
      </object_component>
      <object_component id="oc-237">
         <name>.TI.ramfunc</name>
         <load_address>0x86000</load_address>
         <run_address>0x8000</run_address>
         <size>0x37</size>
         <input_file_ref idref="fl-21"/>
      </object_component>
      <object_component id="oc-1b6">
         <name>.TI.ramfunc</name>
         <load_address>0x86037</load_address>
         <run_address>0x8037</run_address>
         <size>0x4</size>
         <input_file_ref idref="fl-28"/>
      </object_component>
      <object_component id="oc-1c7">
         <name>.TI.ramfunc</name>
         <load_address>0x8603b</load_address>
         <run_address>0x803b</run_address>
         <size>0x4</size>
         <input_file_ref idref="fl-2b"/>
      </object_component>
      <object_component id="oc-16b">
         <name>PUTBUFFER</name>
         <uninitialized>true</uninitialized>
         <run_address>0x3fc00</run_address>
         <size>0x80</size>
         <input_file_ref idref="fl-19"/>
      </object_component>
      <object_component id="oc-168">
         <name>PUTWRITEIDX</name>
         <uninitialized>true</uninitialized>
         <run_address>0x3fc80</run_address>
         <size>0x4</size>
         <input_file_ref idref="fl-19"/>
      </object_component>
      <object_component id="oc-16a">
         <name>GETREADIDX</name>
         <uninitialized>true</uninitialized>
         <run_address>0x3fc84</run_address>
         <size>0x4</size>
         <input_file_ref idref="fl-19"/>
      </object_component>
      <object_component id="oc-16c">
         <name>GETBUFFER</name>
         <uninitialized>true</uninitialized>
         <run_address>0x3f800</run_address>
         <size>0x80</size>
         <input_file_ref idref="fl-19"/>
      </object_component>
      <object_component id="oc-167">
         <name>GETWRITEIDX</name>
         <uninitialized>true</uninitialized>
         <run_address>0x3f880</run_address>
         <size>0x4</size>
         <input_file_ref idref="fl-19"/>
      </object_component>
      <object_component id="oc-169">
         <name>PUTREADIDX</name>
         <uninitialized>true</uninitialized>
         <run_address>0x3f884</run_address>
         <size>0x4</size>
         <input_file_ref idref="fl-19"/>
      </object_component>
      <object_component id="oc-155">
         <name>PieVectTableFile</name>
         <uninitialized>true</uninitialized>
         <run_address>0xd00</run_address>
         <size>0x1c0</size>
         <input_file_ref idref="fl-15"/>
      </object_component>
      <object_component id="oc-f4">
         <name>EmuKeyVar</name>
         <uninitialized>true</uninitialized>
         <run_address>0xd00</run_address>
         <size>0x1</size>
         <input_file_ref idref="fl-15"/>
      </object_component>
      <object_component id="oc-f3">
         <name>EmuBModeVar</name>
         <uninitialized>true</uninitialized>
         <run_address>0xd01</run_address>
         <size>0x1</size>
         <input_file_ref idref="fl-15"/>
      </object_component>
      <object_component id="oc-10b">
         <name>AdcaResultFile</name>
         <uninitialized>true</uninitialized>
         <run_address>0xb00</run_address>
         <size>0x18</size>
         <input_file_ref idref="fl-15"/>
      </object_component>
      <object_component id="oc-10d">
         <name>AdcbResultFile</name>
         <uninitialized>true</uninitialized>
         <run_address>0xb20</run_address>
         <size>0x18</size>
         <input_file_ref idref="fl-15"/>
      </object_component>
      <object_component id="oc-10a">
         <name>AdccResultFile</name>
         <uninitialized>true</uninitialized>
         <run_address>0xb40</run_address>
         <size>0x18</size>
         <input_file_ref idref="fl-15"/>
      </object_component>
      <object_component id="oc-10c">
         <name>AdcdResultFile</name>
         <uninitialized>true</uninitialized>
         <run_address>0xb60</run_address>
         <size>0x18</size>
         <input_file_ref idref="fl-15"/>
      </object_component>
      <object_component id="oc-13f">
         <name>AdcaRegsFile</name>
         <uninitialized>true</uninitialized>
         <run_address>0x7400</run_address>
         <size>0x80</size>
         <input_file_ref idref="fl-15"/>
      </object_component>
      <object_component id="oc-141">
         <name>AdcbRegsFile</name>
         <uninitialized>true</uninitialized>
         <run_address>0x7480</run_address>
         <size>0x80</size>
         <input_file_ref idref="fl-15"/>
      </object_component>
      <object_component id="oc-13c">
         <name>AdccRegsFile</name>
         <uninitialized>true</uninitialized>
         <run_address>0x7500</run_address>
         <size>0x80</size>
         <input_file_ref idref="fl-15"/>
      </object_component>
      <object_component id="oc-13b">
         <name>AdcdRegsFile</name>
         <uninitialized>true</uninitialized>
         <run_address>0x7580</run_address>
         <size>0x80</size>
         <input_file_ref idref="fl-15"/>
      </object_component>
      <object_component id="oc-138">
         <name>AnalogSubsysRegsFile</name>
         <uninitialized>true</uninitialized>
         <run_address>0x5d180</run_address>
         <size>0x48</size>
         <input_file_ref idref="fl-15"/>
      </object_component>
      <object_component id="oc-143">
         <name>CanaRegsFile</name>
         <uninitialized>true</uninitialized>
         <run_address>0x48000</run_address>
         <size>0xa4</size>
         <input_file_ref idref="fl-15"/>
      </object_component>
      <object_component id="oc-144">
         <name>CanbRegsFile</name>
         <uninitialized>true</uninitialized>
         <run_address>0x4a000</run_address>
         <size>0xa4</size>
         <input_file_ref idref="fl-15"/>
      </object_component>
      <object_component id="oc-132">
         <name>Cla1RegsFile</name>
         <uninitialized>true</uninitialized>
         <run_address>0x1400</run_address>
         <size>0x3e</size>
         <input_file_ref idref="fl-15"/>
      </object_component>
      <object_component id="oc-f8">
         <name>Cla1SoftIntRegsFile</name>
         <uninitialized>true</uninitialized>
         <run_address>0xce0</run_address>
         <size>0x4</size>
         <input_file_ref idref="fl-15"/>
      </object_component>
      <object_component id="oc-11c">
         <name>Cmpss1RegsFile</name>
         <uninitialized>true</uninitialized>
         <run_address>0x5c80</run_address>
         <size>0x20</size>
         <input_file_ref idref="fl-15"/>
      </object_component>
      <object_component id="oc-11e">
         <name>Cmpss2RegsFile</name>
         <uninitialized>true</uninitialized>
         <run_address>0x5ca0</run_address>
         <size>0x20</size>
         <input_file_ref idref="fl-15"/>
      </object_component>
      <object_component id="oc-120">
         <name>Cmpss3RegsFile</name>
         <uninitialized>true</uninitialized>
         <run_address>0x5cc0</run_address>
         <size>0x20</size>
         <input_file_ref idref="fl-15"/>
      </object_component>
      <object_component id="oc-11a">
         <name>Cmpss4RegsFile</name>
         <uninitialized>true</uninitialized>
         <run_address>0x5ce0</run_address>
         <size>0x20</size>
         <input_file_ref idref="fl-15"/>
      </object_component>
      <object_component id="oc-119">
         <name>Cmpss5RegsFile</name>
         <uninitialized>true</uninitialized>
         <run_address>0x5d00</run_address>
         <size>0x20</size>
         <input_file_ref idref="fl-15"/>
      </object_component>
      <object_component id="oc-123">
         <name>Cmpss6RegsFile</name>
         <uninitialized>true</uninitialized>
         <run_address>0x5d20</run_address>
         <size>0x20</size>
         <input_file_ref idref="fl-15"/>
      </object_component>
      <object_component id="oc-11d">
         <name>Cmpss7RegsFile</name>
         <uninitialized>true</uninitialized>
         <run_address>0x5d40</run_address>
         <size>0x20</size>
         <input_file_ref idref="fl-15"/>
      </object_component>
      <object_component id="oc-11b">
         <name>Cmpss8RegsFile</name>
         <uninitialized>true</uninitialized>
         <run_address>0x5d60</run_address>
         <size>0x20</size>
         <input_file_ref idref="fl-15"/>
      </object_component>
      <object_component id="oc-fc">
         <name>CpuTimer0RegsFile</name>
         <uninitialized>true</uninitialized>
         <run_address>0xc00</run_address>
         <size>0x8</size>
         <input_file_ref idref="fl-15"/>
      </object_component>
      <object_component id="oc-ff">
         <name>CpuTimer1RegsFile</name>
         <uninitialized>true</uninitialized>
         <run_address>0xc08</run_address>
         <size>0x8</size>
         <input_file_ref idref="fl-15"/>
      </object_component>
      <object_component id="oc-fe">
         <name>CpuTimer2RegsFile</name>
         <uninitialized>true</uninitialized>
         <run_address>0xc10</run_address>
         <size>0x8</size>
         <input_file_ref idref="fl-15"/>
      </object_component>
      <object_component id="oc-fd">
         <name>DacaRegsFile</name>
         <uninitialized>true</uninitialized>
         <run_address>0x5c00</run_address>
         <size>0x8</size>
         <input_file_ref idref="fl-15"/>
      </object_component>
      <object_component id="oc-100">
         <name>DacbRegsFile</name>
         <uninitialized>true</uninitialized>
         <run_address>0x5c10</run_address>
         <size>0x8</size>
         <input_file_ref idref="fl-15"/>
      </object_component>
      <object_component id="oc-101">
         <name>DaccRegsFile</name>
         <uninitialized>true</uninitialized>
         <run_address>0x5c20</run_address>
         <size>0x8</size>
         <input_file_ref idref="fl-15"/>
      </object_component>
      <object_component id="oc-12b">
         <name>DcsmZ1RegsFile</name>
         <uninitialized>true</uninitialized>
         <run_address>0x5f000</run_address>
         <size>0x24</size>
         <input_file_ref idref="fl-15"/>
      </object_component>
      <object_component id="oc-129">
         <name>DcsmZ2RegsFile</name>
         <uninitialized>true</uninitialized>
         <run_address>0x5f040</run_address>
         <size>0x24</size>
         <input_file_ref idref="fl-15"/>
      </object_component>
      <object_component id="oc-fb">
         <name>DcsmCommonRegsFile</name>
         <uninitialized>true</uninitialized>
         <run_address>0x5f070</run_address>
         <size>0x8</size>
         <input_file_ref idref="fl-15"/>
      </object_component>
      <object_component id="oc-121">
         <name>DcsmZ1OtpFile</name>
         <uninitialized>true</uninitialized>
         <run_address>0x78000</run_address>
         <size>0x20</size>
         <input_file_ref idref="fl-15"/>
      </object_component>
      <object_component id="oc-122">
         <name>DcsmZ2OtpFile</name>
         <uninitialized>true</uninitialized>
         <run_address>0x78200</run_address>
         <size>0x20</size>
         <input_file_ref idref="fl-15"/>
      </object_component>
      <object_component id="oc-145">
         <name>DmaRegsFile</name>
         <uninitialized>true</uninitialized>
         <run_address>0x1000</run_address>
         <size>0xe0</size>
         <input_file_ref idref="fl-15"/>
      </object_component>
      <object_component id="oc-10f">
         <name>DmaClaSrcSelRegsFile</name>
         <uninitialized>true</uninitialized>
         <run_address>0x7980</run_address>
         <size>0x1a</size>
         <input_file_ref idref="fl-15"/>
      </object_component>
      <object_component id="oc-11f">
         <name>ECap1RegsFile</name>
         <uninitialized>true</uninitialized>
         <run_address>0x5000</run_address>
         <size>0x20</size>
         <input_file_ref idref="fl-15"/>
      </object_component>
      <object_component id="oc-113">
         <name>ECap2RegsFile</name>
         <uninitialized>true</uninitialized>
         <run_address>0x5020</run_address>
         <size>0x20</size>
         <input_file_ref idref="fl-15"/>
      </object_component>
      <object_component id="oc-112">
         <name>ECap3RegsFile</name>
         <uninitialized>true</uninitialized>
         <run_address>0x5040</run_address>
         <size>0x20</size>
         <input_file_ref idref="fl-15"/>
      </object_component>
      <object_component id="oc-110">
         <name>ECap4RegsFile</name>
         <uninitialized>true</uninitialized>
         <run_address>0x5060</run_address>
         <size>0x20</size>
         <input_file_ref idref="fl-15"/>
      </object_component>
      <object_component id="oc-111">
         <name>ECap5RegsFile</name>
         <uninitialized>true</uninitialized>
         <run_address>0x5080</run_address>
         <size>0x20</size>
         <input_file_ref idref="fl-15"/>
      </object_component>
      <object_component id="oc-118">
         <name>ECap6RegsFile</name>
         <uninitialized>true</uninitialized>
         <run_address>0x50a0</run_address>
         <size>0x20</size>
         <input_file_ref idref="fl-15"/>
      </object_component>
      <object_component id="oc-139">
         <name>Emif1RegsFile</name>
         <uninitialized>true</uninitialized>
         <run_address>0x47000</run_address>
         <size>0x70</size>
         <input_file_ref idref="fl-15"/>
      </object_component>
      <object_component id="oc-13a">
         <name>Emif2RegsFile</name>
         <uninitialized>true</uninitialized>
         <run_address>0x47800</run_address>
         <size>0x70</size>
         <input_file_ref idref="fl-15"/>
      </object_component>
      <object_component id="oc-14a">
         <name>EPwm1RegsFile</name>
         <uninitialized>true</uninitialized>
         <run_address>0x4000</run_address>
         <size>0x100</size>
         <input_file_ref idref="fl-15"/>
      </object_component>
      <object_component id="oc-149">
         <name>EPwm2RegsFile</name>
         <uninitialized>true</uninitialized>
         <run_address>0x4100</run_address>
         <size>0x100</size>
         <input_file_ref idref="fl-15"/>
      </object_component>
      <object_component id="oc-14c">
         <name>EPwm3RegsFile</name>
         <uninitialized>true</uninitialized>
         <run_address>0x4200</run_address>
         <size>0x100</size>
         <input_file_ref idref="fl-15"/>
      </object_component>
      <object_component id="oc-147">
         <name>EPwm4RegsFile</name>
         <uninitialized>true</uninitialized>
         <run_address>0x4300</run_address>
         <size>0x100</size>
         <input_file_ref idref="fl-15"/>
      </object_component>
      <object_component id="oc-146">
         <name>EPwm5RegsFile</name>
         <uninitialized>true</uninitialized>
         <run_address>0x4400</run_address>
         <size>0x100</size>
         <input_file_ref idref="fl-15"/>
      </object_component>
      <object_component id="oc-14b">
         <name>EPwm6RegsFile</name>
         <uninitialized>true</uninitialized>
         <run_address>0x4500</run_address>
         <size>0x100</size>
         <input_file_ref idref="fl-15"/>
      </object_component>
      <object_component id="oc-148">
         <name>EPwm7RegsFile</name>
         <uninitialized>true</uninitialized>
         <run_address>0x4600</run_address>
         <size>0x100</size>
         <input_file_ref idref="fl-15"/>
      </object_component>
      <object_component id="oc-151">
         <name>EPwm8RegsFile</name>
         <uninitialized>true</uninitialized>
         <run_address>0x4700</run_address>
         <size>0x100</size>
         <input_file_ref idref="fl-15"/>
      </object_component>
      <object_component id="oc-14f">
         <name>EPwm9RegsFile</name>
         <uninitialized>true</uninitialized>
         <run_address>0x4800</run_address>
         <size>0x100</size>
         <input_file_ref idref="fl-15"/>
      </object_component>
      <object_component id="oc-150">
         <name>EPwm10RegsFile</name>
         <uninitialized>true</uninitialized>
         <run_address>0x4900</run_address>
         <size>0x100</size>
         <input_file_ref idref="fl-15"/>
      </object_component>
      <object_component id="oc-14d">
         <name>EPwm11RegsFile</name>
         <uninitialized>true</uninitialized>
         <run_address>0x4a00</run_address>
         <size>0x100</size>
         <input_file_ref idref="fl-15"/>
      </object_component>
      <object_component id="oc-14e">
         <name>EPwm12RegsFile</name>
         <uninitialized>true</uninitialized>
         <run_address>0x4b00</run_address>
         <size>0x100</size>
         <input_file_ref idref="fl-15"/>
      </object_component>
      <object_component id="oc-135">
         <name>EPwmXbarRegsFile</name>
         <uninitialized>true</uninitialized>
         <run_address>0x7a00</run_address>
         <size>0x40</size>
         <input_file_ref idref="fl-15"/>
      </object_component>
      <object_component id="oc-124">
         <name>EQep1RegsFile</name>
         <uninitialized>true</uninitialized>
         <run_address>0x5100</run_address>
         <size>0x22</size>
         <input_file_ref idref="fl-15"/>
      </object_component>
      <object_component id="oc-127">
         <name>EQep2RegsFile</name>
         <uninitialized>true</uninitialized>
         <run_address>0x5140</run_address>
         <size>0x22</size>
         <input_file_ref idref="fl-15"/>
      </object_component>
      <object_component id="oc-126">
         <name>EQep3RegsFile</name>
         <uninitialized>true</uninitialized>
         <run_address>0x5180</run_address>
         <size>0x22</size>
         <input_file_ref idref="fl-15"/>
      </object_component>
      <object_component id="oc-154">
         <name>Flash0CtrlRegsFile</name>
         <uninitialized>true</uninitialized>
         <run_address>0x5f800</run_address>
         <size>0x182</size>
         <input_file_ref idref="fl-15"/>
      </object_component>
      <object_component id="oc-12e">
         <name>Flash0EccRegsFile</name>
         <uninitialized>true</uninitialized>
         <run_address>0x5fb00</run_address>
         <size>0x28</size>
         <input_file_ref idref="fl-15"/>
      </object_component>
      <object_component id="oc-153">
         <name>GpioCtrlRegsFile</name>
         <uninitialized>true</uninitialized>
         <run_address>0x7c00</run_address>
         <size>0x180</size>
         <input_file_ref idref="fl-15"/>
      </object_component>
      <object_component id="oc-130">
         <name>GpioDataRegsFile</name>
         <uninitialized>true</uninitialized>
         <run_address>0x7f00</run_address>
         <size>0x30</size>
         <input_file_ref idref="fl-15"/>
      </object_component>
      <object_component id="oc-136">
         <name>OutputXbarRegsFile</name>
         <uninitialized>true</uninitialized>
         <run_address>0x7a80</run_address>
         <size>0x40</size>
         <input_file_ref idref="fl-15"/>
      </object_component>
      <object_component id="oc-125">
         <name>I2caRegsFile</name>
         <uninitialized>true</uninitialized>
         <run_address>0x7300</run_address>
         <size>0x22</size>
         <input_file_ref idref="fl-15"/>
      </object_component>
      <object_component id="oc-128">
         <name>I2cbRegsFile</name>
         <uninitialized>true</uninitialized>
         <run_address>0x7340</run_address>
         <size>0x22</size>
         <input_file_ref idref="fl-15"/>
      </object_component>
      <object_component id="oc-116">
         <name>InputXbarRegsFile</name>
         <uninitialized>true</uninitialized>
         <run_address>0x7900</run_address>
         <size>0x20</size>
         <input_file_ref idref="fl-15"/>
      </object_component>
      <object_component id="oc-117">
         <name>XbarRegsFile</name>
         <uninitialized>true</uninitialized>
         <run_address>0x7920</run_address>
         <size>0x20</size>
         <input_file_ref idref="fl-15"/>
      </object_component>
      <object_component id="oc-12d">
         <name>IpcRegsFile</name>
         <uninitialized>true</uninitialized>
         <run_address>0x50000</run_address>
         <size>0x24</size>
         <input_file_ref idref="fl-15"/>
      </object_component>
      <object_component id="oc-f7">
         <name>FlashPumpSemaphoreRegsFile</name>
         <uninitialized>true</uninitialized>
         <run_address>0x50024</run_address>
         <size>0x2</size>
         <input_file_ref idref="fl-15"/>
      </object_component>
      <object_component id="oc-f6">
         <name>RomPrefetchRegsFile</name>
         <uninitialized>true</uninitialized>
         <run_address>0x5e608</run_address>
         <size>0x2</size>
         <input_file_ref idref="fl-15"/>
      </object_component>
      <object_component id="oc-140">
         <name>MemCfgRegsFile</name>
         <uninitialized>true</uninitialized>
         <run_address>0x5f400</run_address>
         <size>0x80</size>
         <input_file_ref idref="fl-15"/>
      </object_component>
      <object_component id="oc-114">
         <name>Emif1ConfigRegsFile</name>
         <uninitialized>true</uninitialized>
         <run_address>0x5f480</run_address>
         <size>0x20</size>
         <input_file_ref idref="fl-15"/>
      </object_component>
      <object_component id="oc-115">
         <name>Emif2ConfigRegsFile</name>
         <uninitialized>true</uninitialized>
         <run_address>0x5f4a0</run_address>
         <size>0x20</size>
         <input_file_ref idref="fl-15"/>
      </object_component>
      <object_component id="oc-134">
         <name>AccessProtectionRegsFile</name>
         <uninitialized>true</uninitialized>
         <run_address>0x5f4c0</run_address>
         <size>0x40</size>
         <input_file_ref idref="fl-15"/>
      </object_component>
      <object_component id="oc-133">
         <name>MemoryErrorRegsFile</name>
         <uninitialized>true</uninitialized>
         <run_address>0x5f500</run_address>
         <size>0x40</size>
         <input_file_ref idref="fl-15"/>
      </object_component>
      <object_component id="oc-f5">
         <name>RomWaitStateRegsFile</name>
         <uninitialized>true</uninitialized>
         <run_address>0x5f540</run_address>
         <size>0x2</size>
         <input_file_ref idref="fl-15"/>
      </object_component>
      <object_component id="oc-12c">
         <name>McbspaRegsFile</name>
         <uninitialized>true</uninitialized>
         <run_address>0x6000</run_address>
         <size>0x24</size>
         <input_file_ref idref="fl-15"/>
      </object_component>
      <object_component id="oc-12a">
         <name>McbspbRegsFile</name>
         <uninitialized>true</uninitialized>
         <run_address>0x6040</run_address>
         <size>0x24</size>
         <input_file_ref idref="fl-15"/>
      </object_component>
      <object_component id="oc-137">
         <name>UppRegsFile</name>
         <uninitialized>true</uninitialized>
         <run_address>0x6200</run_address>
         <size>0x48</size>
         <input_file_ref idref="fl-15"/>
      </object_component>
      <object_component id="oc-fa">
         <name>NmiIntruptRegsFile</name>
         <uninitialized>true</uninitialized>
         <run_address>0x7060</run_address>
         <size>0x7</size>
         <input_file_ref idref="fl-15"/>
      </object_component>
      <object_component id="oc-10e">
         <name>PieCtrlRegsFile</name>
         <uninitialized>true</uninitialized>
         <run_address>0xce0</run_address>
         <size>0x1a</size>
         <input_file_ref idref="fl-15"/>
      </object_component>
      <object_component id="oc-105">
         <name>SciaRegsFile</name>
         <uninitialized>true</uninitialized>
         <run_address>0x7200</run_address>
         <size>0x10</size>
         <input_file_ref idref="fl-15"/>
      </object_component>
      <object_component id="oc-103">
         <name>ScibRegsFile</name>
         <uninitialized>true</uninitialized>
         <run_address>0x7210</run_address>
         <size>0x10</size>
         <input_file_ref idref="fl-15"/>
      </object_component>
      <object_component id="oc-107">
         <name>ScicRegsFile</name>
         <uninitialized>true</uninitialized>
         <run_address>0x7220</run_address>
         <size>0x10</size>
         <input_file_ref idref="fl-15"/>
      </object_component>
      <object_component id="oc-106">
         <name>ScidRegsFile</name>
         <uninitialized>true</uninitialized>
         <run_address>0x7230</run_address>
         <size>0x10</size>
         <input_file_ref idref="fl-15"/>
      </object_component>
      <object_component id="oc-13d">
         <name>Sdfm1RegsFile</name>
         <uninitialized>true</uninitialized>
         <run_address>0x5e00</run_address>
         <size>0x80</size>
         <input_file_ref idref="fl-15"/>
      </object_component>
      <object_component id="oc-13e">
         <name>Sdfm2RegsFile</name>
         <uninitialized>true</uninitialized>
         <run_address>0x5e80</run_address>
         <size>0x80</size>
         <input_file_ref idref="fl-15"/>
      </object_component>
      <object_component id="oc-108">
         <name>SpiaRegsFile</name>
         <uninitialized>true</uninitialized>
         <run_address>0x6100</run_address>
         <size>0x10</size>
         <input_file_ref idref="fl-15"/>
      </object_component>
      <object_component id="oc-109">
         <name>SpibRegsFile</name>
         <uninitialized>true</uninitialized>
         <run_address>0x6110</run_address>
         <size>0x10</size>
         <input_file_ref idref="fl-15"/>
      </object_component>
      <object_component id="oc-104">
         <name>SpicRegsFile</name>
         <uninitialized>true</uninitialized>
         <run_address>0x6120</run_address>
         <size>0x10</size>
         <input_file_ref idref="fl-15"/>
      </object_component>
      <object_component id="oc-152">
         <name>DevCfgRegsFile</name>
         <uninitialized>true</uninitialized>
         <run_address>0x5d000</run_address>
         <size>0x12e</size>
         <input_file_ref idref="fl-15"/>
      </object_component>
      <object_component id="oc-131">
         <name>ClkCfgRegsFile</name>
         <uninitialized>true</uninitialized>
         <run_address>0x5d200</run_address>
         <size>0x32</size>
         <input_file_ref idref="fl-15"/>
      </object_component>
      <object_component id="oc-142">
         <name>CpuSysRegsFile</name>
         <uninitialized>true</uninitialized>
         <run_address>0x5d300</run_address>
         <size>0x82</size>
         <input_file_ref idref="fl-15"/>
      </object_component>
      <object_component id="oc-f9">
         <name>SyncSocRegsFile</name>
         <uninitialized>true</uninitialized>
         <run_address>0x7940</run_address>
         <size>0x6</size>
         <input_file_ref idref="fl-15"/>
      </object_component>
      <object_component id="oc-12f">
         <name>WdRegsFile</name>
         <uninitialized>true</uninitialized>
         <run_address>0x7000</run_address>
         <size>0x2b</size>
         <input_file_ref idref="fl-15"/>
      </object_component>
      <object_component id="oc-102">
         <name>XintRegsFile</name>
         <uninitialized>true</uninitialized>
         <run_address>0x7070</run_address>
         <size>0xb</size>
         <input_file_ref idref="fl-15"/>
      </object_component>
      <object_component id="oc-8b">
         <name>.debug_info</name>
         <load_address>0x0</load_address>
         <run_address>0x0</run_address>
         <size>0xbd0</size>
         <input_file_ref idref="fl-2"/>
      </object_component>
      <object_component id="oc-92">
         <name>.debug_info</name>
         <load_address>0xbd0</load_address>
         <run_address>0xbd0</run_address>
         <size>0x1448</size>
         <input_file_ref idref="fl-3"/>
      </object_component>
      <object_component id="oc-99">
         <name>.debug_info</name>
         <load_address>0x2018</load_address>
         <run_address>0x2018</run_address>
         <size>0x27d</size>
         <input_file_ref idref="fl-4"/>
      </object_component>
      <object_component id="oc-9d">
         <name>.debug_info</name>
         <load_address>0x2295</load_address>
         <run_address>0x2295</run_address>
         <size>0xa9a1</size>
         <input_file_ref idref="fl-5"/>
      </object_component>
      <object_component id="oc-a2">
         <name>.debug_info</name>
         <load_address>0xcc36</load_address>
         <run_address>0xcc36</run_address>
         <size>0xc89</size>
         <input_file_ref idref="fl-6"/>
      </object_component>
      <object_component id="oc-a9">
         <name>.debug_info</name>
         <load_address>0xd8bf</load_address>
         <run_address>0xd8bf</run_address>
         <size>0x891</size>
         <input_file_ref idref="fl-7"/>
      </object_component>
      <object_component id="oc-ae">
         <name>.debug_info</name>
         <load_address>0xe150</load_address>
         <run_address>0xe150</run_address>
         <size>0xa38</size>
         <input_file_ref idref="fl-8"/>
      </object_component>
      <object_component id="oc-b3">
         <name>.debug_info</name>
         <load_address>0xeb88</load_address>
         <run_address>0xeb88</run_address>
         <size>0x3c98</size>
         <input_file_ref idref="fl-9"/>
      </object_component>
      <object_component id="oc-b8">
         <name>.debug_info</name>
         <load_address>0x12820</load_address>
         <run_address>0x12820</run_address>
         <size>0x682</size>
         <input_file_ref idref="fl-a"/>
      </object_component>
      <object_component id="oc-bd">
         <name>.debug_info</name>
         <load_address>0x12ea2</load_address>
         <run_address>0x12ea2</run_address>
         <size>0x469f</size>
         <input_file_ref idref="fl-b"/>
      </object_component>
      <object_component id="oc-c3">
         <name>.debug_info</name>
         <load_address>0x17541</load_address>
         <run_address>0x17541</run_address>
         <size>0x192</size>
         <input_file_ref idref="fl-c"/>
      </object_component>
      <object_component id="oc-c7">
         <name>.debug_info</name>
         <load_address>0x176d3</load_address>
         <run_address>0x176d3</run_address>
         <size>0xb18</size>
         <input_file_ref idref="fl-d"/>
      </object_component>
      <object_component id="oc-ce">
         <name>.debug_info</name>
         <load_address>0x181eb</load_address>
         <run_address>0x181eb</run_address>
         <size>0x18b</size>
         <input_file_ref idref="fl-e"/>
      </object_component>
      <object_component id="oc-d2">
         <name>.debug_info</name>
         <load_address>0x18376</load_address>
         <run_address>0x18376</run_address>
         <size>0xba37</size>
         <input_file_ref idref="fl-f"/>
      </object_component>
      <object_component id="oc-d9">
         <name>.debug_info</name>
         <load_address>0x23dad</load_address>
         <run_address>0x23dad</run_address>
         <size>0x4793</size>
         <input_file_ref idref="fl-10"/>
      </object_component>
      <object_component id="oc-de">
         <name>.debug_info</name>
         <load_address>0x28540</load_address>
         <run_address>0x28540</run_address>
         <size>0x13ecd</size>
         <input_file_ref idref="fl-11"/>
      </object_component>
      <object_component id="oc-e3">
         <name>.debug_info</name>
         <load_address>0x3c40d</load_address>
         <run_address>0x3c40d</run_address>
         <size>0xf45b</size>
         <input_file_ref idref="fl-12"/>
      </object_component>
      <object_component id="oc-e8">
         <name>.debug_info</name>
         <load_address>0x4b868</load_address>
         <run_address>0x4b868</run_address>
         <size>0xf45b</size>
         <input_file_ref idref="fl-13"/>
      </object_component>
      <object_component id="oc-ed">
         <name>.debug_info</name>
         <load_address>0x5acc3</load_address>
         <run_address>0x5acc3</run_address>
         <size>0x54be</size>
         <input_file_ref idref="fl-14"/>
      </object_component>
      <object_component id="oc-f2">
         <name>.debug_info</name>
         <load_address>0x60181</load_address>
         <run_address>0x60181</run_address>
         <size>0x501f7</size>
         <input_file_ref idref="fl-15"/>
      </object_component>
      <object_component id="oc-157">
         <name>.debug_info</name>
         <load_address>0xb0378</load_address>
         <run_address>0xb0378</run_address>
         <size>0x1a661</size>
         <input_file_ref idref="fl-16"/>
      </object_component>
      <object_component id="oc-15c">
         <name>.debug_info</name>
         <load_address>0xca9d9</load_address>
         <run_address>0xca9d9</run_address>
         <size>0xf45a</size>
         <input_file_ref idref="fl-17"/>
      </object_component>
      <object_component id="oc-161">
         <name>.debug_info</name>
         <load_address>0xd9e33</load_address>
         <run_address>0xd9e33</run_address>
         <size>0x16b7</size>
         <input_file_ref idref="fl-18"/>
      </object_component>
      <object_component id="oc-166">
         <name>.debug_info</name>
         <load_address>0xdb4ea</load_address>
         <run_address>0xdb4ea</run_address>
         <size>0x1a16</size>
         <input_file_ref idref="fl-19"/>
      </object_component>
      <object_component id="oc-171">
         <name>.debug_info</name>
         <load_address>0xdcf00</load_address>
         <run_address>0xdcf00</run_address>
         <size>0x494a</size>
         <input_file_ref idref="fl-1a"/>
      </object_component>
      <object_component id="oc-176">
         <name>.debug_info</name>
         <load_address>0xe184a</load_address>
         <run_address>0xe184a</run_address>
         <size>0x187fd</size>
         <input_file_ref idref="fl-1b"/>
      </object_component>
      <object_component id="oc-17b">
         <name>.debug_info</name>
         <load_address>0xfa047</load_address>
         <run_address>0xfa047</run_address>
         <size>0x103f4</size>
         <input_file_ref idref="fl-1c"/>
      </object_component>
      <object_component id="oc-180">
         <name>.debug_info</name>
         <load_address>0x10a43b</load_address>
         <run_address>0x10a43b</run_address>
         <size>0x36e6</size>
         <input_file_ref idref="fl-1d"/>
      </object_component>
      <object_component id="oc-185">
         <name>.debug_info</name>
         <load_address>0x10db21</load_address>
         <run_address>0x10db21</run_address>
         <size>0x6824</size>
         <input_file_ref idref="fl-1e"/>
      </object_component>
      <object_component id="oc-18a">
         <name>.debug_info</name>
         <load_address>0x114345</load_address>
         <run_address>0x114345</run_address>
         <size>0x1dc</size>
         <input_file_ref idref="fl-1f"/>
      </object_component>
      <object_component id="oc-18c">
         <name>.debug_info</name>
         <load_address>0x114521</load_address>
         <run_address>0x114521</run_address>
         <size>0xfd42</size>
         <input_file_ref idref="fl-20"/>
      </object_component>
      <object_component id="oc-191">
         <name>.debug_info</name>
         <load_address>0x124263</load_address>
         <run_address>0x124263</run_address>
         <size>0xd569</size>
         <input_file_ref idref="fl-21"/>
      </object_component>
      <object_component id="oc-196">
         <name>.debug_info</name>
         <load_address>0x1317cc</load_address>
         <run_address>0x1317cc</run_address>
         <size>0x4e25</size>
         <input_file_ref idref="fl-22"/>
      </object_component>
      <object_component id="oc-19c">
         <name>.debug_info</name>
         <load_address>0x1365f1</load_address>
         <run_address>0x1365f1</run_address>
         <size>0x109fd</size>
         <input_file_ref idref="fl-23"/>
      </object_component>
      <object_component id="oc-1a1">
         <name>.debug_info</name>
         <load_address>0x146fee</load_address>
         <run_address>0x146fee</run_address>
         <size>0x29b2</size>
         <input_file_ref idref="fl-24"/>
      </object_component>
      <object_component id="oc-1a6">
         <name>.debug_info</name>
         <load_address>0x1499a0</load_address>
         <run_address>0x1499a0</run_address>
         <size>0x3487</size>
         <input_file_ref idref="fl-25"/>
      </object_component>
      <object_component id="oc-1ad">
         <name>.debug_info</name>
         <load_address>0x14ce27</load_address>
         <run_address>0x14ce27</run_address>
         <size>0x204c</size>
         <input_file_ref idref="fl-26"/>
      </object_component>
      <object_component id="oc-1b2">
         <name>.debug_info</name>
         <load_address>0x14ee73</load_address>
         <run_address>0x14ee73</run_address>
         <size>0x10011</size>
         <input_file_ref idref="fl-27"/>
      </object_component>
      <object_component id="oc-1b7">
         <name>.debug_info</name>
         <load_address>0x15ee84</load_address>
         <run_address>0x15ee84</run_address>
         <size>0x18d</size>
         <input_file_ref idref="fl-28"/>
      </object_component>
      <object_component id="oc-1bb">
         <name>.debug_info</name>
         <load_address>0x15f011</load_address>
         <run_address>0x15f011</run_address>
         <size>0x416b</size>
         <input_file_ref idref="fl-29"/>
      </object_component>
      <object_component id="oc-1c0">
         <name>.debug_info</name>
         <load_address>0x16317c</load_address>
         <run_address>0x16317c</run_address>
         <size>0x6205</size>
         <input_file_ref idref="fl-2a"/>
      </object_component>
      <object_component id="oc-1c6">
         <name>.debug_info</name>
         <load_address>0x169381</load_address>
         <run_address>0x169381</run_address>
         <size>0x7d7d</size>
         <input_file_ref idref="fl-2b"/>
      </object_component>
      <object_component id="oc-1cc">
         <name>.debug_info</name>
         <load_address>0x1710fe</load_address>
         <run_address>0x1710fe</run_address>
         <size>0x7ff</size>
         <input_file_ref idref="fl-2c"/>
      </object_component>
      <object_component id="oc-1d1">
         <name>.debug_info</name>
         <load_address>0x1718fd</load_address>
         <run_address>0x1718fd</run_address>
         <size>0x4a4</size>
         <input_file_ref idref="fl-2d"/>
      </object_component>
      <object_component id="oc-1d6">
         <name>.debug_info</name>
         <load_address>0x171da1</load_address>
         <run_address>0x171da1</run_address>
         <size>0x4b7</size>
         <input_file_ref idref="fl-2e"/>
      </object_component>
      <object_component id="oc-1dd">
         <name>.debug_info</name>
         <load_address>0x172258</load_address>
         <run_address>0x172258</run_address>
         <size>0x16b</size>
         <input_file_ref idref="fl-35"/>
      </object_component>
      <object_component id="oc-1e1">
         <name>.debug_info</name>
         <load_address>0x1723c3</load_address>
         <run_address>0x1723c3</run_address>
         <size>0x5c1</size>
         <input_file_ref idref="fl-36"/>
      </object_component>
      <object_component id="oc-1e6">
         <name>.debug_info</name>
         <load_address>0x172984</load_address>
         <run_address>0x172984</run_address>
         <size>0x5ab</size>
         <input_file_ref idref="fl-37"/>
      </object_component>
      <object_component id="oc-1ee">
         <name>.debug_info</name>
         <load_address>0x172f2f</load_address>
         <run_address>0x172f2f</run_address>
         <size>0x10c</size>
         <input_file_ref idref="fl-38"/>
      </object_component>
      <object_component id="oc-1f3">
         <name>.debug_info</name>
         <load_address>0x17303b</load_address>
         <run_address>0x17303b</run_address>
         <size>0x16e</size>
         <input_file_ref idref="fl-39"/>
      </object_component>
      <object_component id="oc-1f7">
         <name>.debug_info</name>
         <load_address>0x1731a9</load_address>
         <run_address>0x1731a9</run_address>
         <size>0x46f</size>
         <input_file_ref idref="fl-3a"/>
      </object_component>
      <object_component id="oc-1fc">
         <name>.debug_info</name>
         <load_address>0x173618</load_address>
         <run_address>0x173618</run_address>
         <size>0xb1f</size>
         <input_file_ref idref="fl-3b"/>
      </object_component>
      <object_component id="oc-204">
         <name>.debug_info</name>
         <load_address>0x174137</load_address>
         <run_address>0x174137</run_address>
         <size>0x3ab</size>
         <input_file_ref idref="fl-3c"/>
      </object_component>
      <object_component id="oc-209">
         <name>.debug_info</name>
         <load_address>0x1744e2</load_address>
         <run_address>0x1744e2</run_address>
         <size>0x3e2</size>
         <input_file_ref idref="fl-3d"/>
      </object_component>
      <object_component id="oc-20e">
         <name>.debug_info</name>
         <load_address>0x1748c4</load_address>
         <run_address>0x1748c4</run_address>
         <size>0x3df</size>
         <input_file_ref idref="fl-3e"/>
      </object_component>
      <object_component id="oc-213">
         <name>.debug_info</name>
         <load_address>0x174ca3</load_address>
         <run_address>0x174ca3</run_address>
         <size>0x501</size>
         <input_file_ref idref="fl-3f"/>
      </object_component>
      <object_component id="oc-218">
         <name>.debug_info</name>
         <load_address>0x1751a4</load_address>
         <run_address>0x1751a4</run_address>
         <size>0x4ce</size>
         <input_file_ref idref="fl-40"/>
      </object_component>
      <object_component id="oc-2cf">
         <name>.debug_info</name>
         <load_address>0x175672</load_address>
         <run_address>0x175672</run_address>
         <size>0xc0</size>
      </object_component>
      <object_component id="oc-8e">
         <name>.debug_frame</name>
         <load_address>0x0</load_address>
         <run_address>0x0</run_address>
         <size>0x48</size>
         <input_file_ref idref="fl-2"/>
      </object_component>
      <object_component id="oc-95">
         <name>.debug_frame</name>
         <load_address>0x48</load_address>
         <run_address>0x48</run_address>
         <size>0xb8</size>
         <input_file_ref idref="fl-3"/>
      </object_component>
      <object_component id="oc-9e">
         <name>.debug_frame</name>
         <load_address>0x100</load_address>
         <run_address>0x100</run_address>
         <size>0x30</size>
         <input_file_ref idref="fl-5"/>
      </object_component>
      <object_component id="oc-a5">
         <name>.debug_frame</name>
         <load_address>0x130</load_address>
         <run_address>0x130</run_address>
         <size>0x98</size>
         <input_file_ref idref="fl-6"/>
      </object_component>
      <object_component id="oc-aa">
         <name>.debug_frame</name>
         <load_address>0x1c8</load_address>
         <run_address>0x1c8</run_address>
         <size>0x48</size>
         <input_file_ref idref="fl-7"/>
      </object_component>
      <object_component id="oc-af">
         <name>.debug_frame</name>
         <load_address>0x210</load_address>
         <run_address>0x210</run_address>
         <size>0x84</size>
         <input_file_ref idref="fl-8"/>
      </object_component>
      <object_component id="oc-b4">
         <name>.debug_frame</name>
         <load_address>0x294</load_address>
         <run_address>0x294</run_address>
         <size>0x60</size>
         <input_file_ref idref="fl-9"/>
      </object_component>
      <object_component id="oc-b9">
         <name>.debug_frame</name>
         <load_address>0x2f4</load_address>
         <run_address>0x2f4</run_address>
         <size>0x30</size>
         <input_file_ref idref="fl-a"/>
      </object_component>
      <object_component id="oc-be">
         <name>.debug_frame</name>
         <load_address>0x324</load_address>
         <run_address>0x324</run_address>
         <size>0x30</size>
         <input_file_ref idref="fl-b"/>
      </object_component>
      <object_component id="oc-c9">
         <name>.debug_frame</name>
         <load_address>0x354</load_address>
         <run_address>0x354</run_address>
         <size>0x64</size>
         <input_file_ref idref="fl-d"/>
      </object_component>
      <object_component id="oc-d5">
         <name>.debug_frame</name>
         <load_address>0x3b8</load_address>
         <run_address>0x3b8</run_address>
         <size>0x16b0</size>
         <input_file_ref idref="fl-f"/>
      </object_component>
      <object_component id="oc-da">
         <name>.debug_frame</name>
         <load_address>0x1a68</load_address>
         <run_address>0x1a68</run_address>
         <size>0x30</size>
         <input_file_ref idref="fl-10"/>
      </object_component>
      <object_component id="oc-df">
         <name>.debug_frame</name>
         <load_address>0x1a98</load_address>
         <run_address>0x1a98</run_address>
         <size>0x30</size>
         <input_file_ref idref="fl-11"/>
      </object_component>
      <object_component id="oc-e4">
         <name>.debug_frame</name>
         <load_address>0x1ac8</load_address>
         <run_address>0x1ac8</run_address>
         <size>0x30</size>
         <input_file_ref idref="fl-12"/>
      </object_component>
      <object_component id="oc-e9">
         <name>.debug_frame</name>
         <load_address>0x1af8</load_address>
         <run_address>0x1af8</run_address>
         <size>0x30</size>
         <input_file_ref idref="fl-13"/>
      </object_component>
      <object_component id="oc-ee">
         <name>.debug_frame</name>
         <load_address>0x1b28</load_address>
         <run_address>0x1b28</run_address>
         <size>0x30</size>
         <input_file_ref idref="fl-14"/>
      </object_component>
      <object_component id="oc-158">
         <name>.debug_frame</name>
         <load_address>0x1b58</load_address>
         <run_address>0x1b58</run_address>
         <size>0x1cc</size>
         <input_file_ref idref="fl-16"/>
      </object_component>
      <object_component id="oc-15d">
         <name>.debug_frame</name>
         <load_address>0x1d24</load_address>
         <run_address>0x1d24</run_address>
         <size>0x30</size>
         <input_file_ref idref="fl-17"/>
      </object_component>
      <object_component id="oc-162">
         <name>.debug_frame</name>
         <load_address>0x1d54</load_address>
         <run_address>0x1d54</run_address>
         <size>0x30</size>
         <input_file_ref idref="fl-18"/>
      </object_component>
      <object_component id="oc-16d">
         <name>.debug_frame</name>
         <load_address>0x1d84</load_address>
         <run_address>0x1d84</run_address>
         <size>0x30</size>
         <input_file_ref idref="fl-19"/>
      </object_component>
      <object_component id="oc-172">
         <name>.debug_frame</name>
         <load_address>0x1db4</load_address>
         <run_address>0x1db4</run_address>
         <size>0x30</size>
         <input_file_ref idref="fl-1a"/>
      </object_component>
      <object_component id="oc-177">
         <name>.debug_frame</name>
         <load_address>0x1de4</load_address>
         <run_address>0x1de4</run_address>
         <size>0xf4</size>
         <input_file_ref idref="fl-1b"/>
      </object_component>
      <object_component id="oc-17c">
         <name>.debug_frame</name>
         <load_address>0x1ed8</load_address>
         <run_address>0x1ed8</run_address>
         <size>0x30</size>
         <input_file_ref idref="fl-1c"/>
      </object_component>
      <object_component id="oc-181">
         <name>.debug_frame</name>
         <load_address>0x1f08</load_address>
         <run_address>0x1f08</run_address>
         <size>0x60</size>
         <input_file_ref idref="fl-1d"/>
      </object_component>
      <object_component id="oc-186">
         <name>.debug_frame</name>
         <load_address>0x1f68</load_address>
         <run_address>0x1f68</run_address>
         <size>0x4c</size>
         <input_file_ref idref="fl-1e"/>
      </object_component>
      <object_component id="oc-18d">
         <name>.debug_frame</name>
         <load_address>0x1fb4</load_address>
         <run_address>0x1fb4</run_address>
         <size>0x30</size>
         <input_file_ref idref="fl-20"/>
      </object_component>
      <object_component id="oc-192">
         <name>.debug_frame</name>
         <load_address>0x1fe4</load_address>
         <run_address>0x1fe4</run_address>
         <size>0x24c</size>
         <input_file_ref idref="fl-21"/>
      </object_component>
      <object_component id="oc-198">
         <name>.debug_frame</name>
         <load_address>0x2230</load_address>
         <run_address>0x2230</run_address>
         <size>0x30</size>
         <input_file_ref idref="fl-22"/>
      </object_component>
      <object_component id="oc-19d">
         <name>.debug_frame</name>
         <load_address>0x2260</load_address>
         <run_address>0x2260</run_address>
         <size>0x30</size>
         <input_file_ref idref="fl-23"/>
      </object_component>
      <object_component id="oc-1a2">
         <name>.debug_frame</name>
         <load_address>0x2290</load_address>
         <run_address>0x2290</run_address>
         <size>0x30</size>
         <input_file_ref idref="fl-24"/>
      </object_component>
      <object_component id="oc-1a9">
         <name>.debug_frame</name>
         <load_address>0x22c0</load_address>
         <run_address>0x22c0</run_address>
         <size>0x30</size>
         <input_file_ref idref="fl-25"/>
      </object_component>
      <object_component id="oc-1ae">
         <name>.debug_frame</name>
         <load_address>0x22f0</load_address>
         <run_address>0x22f0</run_address>
         <size>0x30</size>
         <input_file_ref idref="fl-26"/>
      </object_component>
      <object_component id="oc-1bc">
         <name>.debug_frame</name>
         <load_address>0x2320</load_address>
         <run_address>0x2320</run_address>
         <size>0x324</size>
         <input_file_ref idref="fl-29"/>
      </object_component>
      <object_component id="oc-1c2">
         <name>.debug_frame</name>
         <load_address>0x2644</load_address>
         <run_address>0x2644</run_address>
         <size>0x118</size>
         <input_file_ref idref="fl-2a"/>
      </object_component>
      <object_component id="oc-1c8">
         <name>.debug_frame</name>
         <load_address>0x275c</load_address>
         <run_address>0x275c</run_address>
         <size>0x30</size>
         <input_file_ref idref="fl-2b"/>
      </object_component>
      <object_component id="oc-1cd">
         <name>.debug_frame</name>
         <load_address>0x278c</load_address>
         <run_address>0x278c</run_address>
         <size>0x30</size>
         <input_file_ref idref="fl-2c"/>
      </object_component>
      <object_component id="oc-1d2">
         <name>.debug_frame</name>
         <load_address>0x27bc</load_address>
         <run_address>0x27bc</run_address>
         <size>0x30</size>
         <input_file_ref idref="fl-2d"/>
      </object_component>
      <object_component id="oc-1d7">
         <name>.debug_frame</name>
         <load_address>0x27ec</load_address>
         <run_address>0x27ec</run_address>
[...]
      </symbol>
      <symbol id="sm-4c5">
         <name>_GPIO_SetupPinOptions</name>
         <value>0x830a0</value>
         <object_component_ref idref="oc-238"/>
      </symbol>
      <symbol id="sm-4c6">
         <name>_GPIO_EnableUnbondedIOPullups</name>
         <value>0x831cd</value>
         <object_component_ref idref="oc-238"/>
      </symbol>
      <symbol id="sm-4c7">
         <name>_GPIO_SetupXINT1Gpio</name>
         <value>0x8315d</value>
         <object_component_ref idref="oc-238"/>
      </symbol>
      <symbol id="sm-4c8">
         <name>_GPIO_TogglePin</name>
         <value>0x83218</value>
         <object_component_ref idref="oc-238"/>
      </symbol>
      <symbol id="sm-4c9">
         <name>_GPIO_SetupPinMux</name>
         <value>0x83014</value>
         <object_component_ref idref="oc-238"/>
      </symbol>
      <symbol id="sm-4ca">
         <name>_GPIO_EnableUnbondedIOPullupsFor100Pin</name>
         <value>0x831a8</value>
         <object_component_ref idref="oc-238"/>
      </symbol>
      <symbol id="sm-4cb">
         <name>_GPIO_ReadPin</name>
         <value>0x831e3</value>
         <object_component_ref idref="oc-238"/>
      </symbol>
      <symbol id="sm-4f3">
         <name>_g_usGetReadIndexes</name>
         <value>0x3fc84</value>
         <object_component_ref idref="oc-16a"/>
      </symbol>
      <symbol id="sm-4f4">
         <name>_g_usPutWriteIndexes</name>
         <value>0x3fc80</value>
         <object_component_ref idref="oc-168"/>
      </symbol>
      <symbol id="sm-4f5">
         <name>_g_usGetWriteIndexes</name>
         <value>0x3f880</value>
         <object_component_ref idref="oc-167"/>
      </symbol>
      <symbol id="sm-4f6">
         <name>_g_asIPCCPU2toCPU1Buffers</name>
         <value>0x3f800</value>
         <object_component_ref idref="oc-16c"/>
      </symbol>
      <symbol id="sm-4f7">
         <name>_g_asIPCCPU1toCPU2Buffers</name>
         <value>0x3fc00</value>
         <object_component_ref idref="oc-16b"/>
      </symbol>
      <symbol id="sm-4f8">
         <name>_g_usPutReadIndexes</name>
         <value>0x3f884</value>
         <object_component_ref idref="oc-169"/>
      </symbol>
      <symbol id="sm-51f">
         <name>_IPCLtoRFlagClear</name>
         <value>0x837fa</value>
         <object_component_ref idref="oc-234"/>
      </symbol>
      <symbol id="sm-520">
         <name>_IPCRtoLFlagBusy</name>
         <value>0x837d4</value>
         <object_component_ref idref="oc-234"/>
      </symbol>
      <symbol id="sm-521">
         <name>_IPCLtoRFlagBusy</name>
         <value>0x837e3</value>
         <object_component_ref idref="oc-234"/>
      </symbol>
      <symbol id="sm-522">
         <name>_IPCBootCPU2</name>
         <value>0x83806</value>
         <object_component_ref idref="oc-234"/>
      </symbol>
      <symbol id="sm-523">
         <name>_IPCLtoRFlagSet</name>
         <value>0x837f2</value>
         <object_component_ref idref="oc-234"/>
      </symbol>
      <symbol id="sm-524">
         <name>_IPCGetBootStatus</name>
         <value>0x83802</value>
         <object_component_ref idref="oc-234"/>
      </symbol>
      <symbol id="sm-525">
         <name>_IPCRtoLFlagAcknowledge</name>
         <value>0x837cc</value>
         <object_component_ref idref="oc-234"/>
      </symbol>
      <symbol id="sm-53a">
         <name>_InitPieCtrl</name>
         <value>0x83d26</value>
         <object_component_ref idref="oc-235"/>
      </symbol>
      <symbol id="sm-53b">
         <name>_EnableInterrupts</name>
         <value>0x83d45</value>
         <object_component_ref idref="oc-235"/>
      </symbol>
      <symbol id="sm-54b">
         <name>_PieVectTableInit</name>
         <value>0x90000</value>
         <object_component_ref idref="oc-239"/>
      </symbol>
      <symbol id="sm-54c">
         <name>_InitPieVectTable</name>
         <value>0x83d4e</value>
         <object_component_ref idref="oc-236"/>
      </symbol>
      <symbol id="sm-58a">
         <name>_InitSysPll</name>
         <value>0x82d9b</value>
         <object_component_ref idref="oc-231"/>
      </symbol>
      <symbol id="sm-58b">
         <name>_SeizeFlashPump</name>
         <value>0x82d66</value>
         <object_component_ref idref="oc-231"/>
      </symbol>
      <symbol id="sm-58c">
         <name>_DisablePeripheralClocks</name>
         <value>0x82d4e</value>
         <object_component_ref idref="oc-231"/>
      </symbol>
      <symbol id="sm-58d">
         <name>_FlashOff</name>
         <value>0x8029</value>
         <object_component_ref idref="oc-237"/>
      </symbol>
      <symbol id="sm-58e">
         <name>_DisableDog</name>
         <value>0x82d8d</value>
         <object_component_ref idref="oc-231"/>
      </symbol>
      <symbol id="sm-58f">
         <name>_SysIntOsc2Sel</name>
         <value>0x82f54</value>
         <object_component_ref idref="oc-231"/>
      </symbol>
      <symbol id="sm-590">
         <name>_ReleaseFlashPump</name>
         <value>0x82d75</value>
         <object_component_ref idref="oc-231"/>
      </symbol>
      <symbol id="sm-591">
         <name>_HALT</name>
         <value>0x82f9e</value>
         <object_component_ref idref="oc-231"/>
      </symbol>
      <symbol id="sm-592">
         <name>_IDLE</name>
         <value>0x82f8a</value>
         <object_component_ref idref="oc-231"/>
      </symbol>
      <symbol id="sm-593">
         <name>_InitPeripheralClocks</name>
         <value>0x82cca</value>
         <object_component_ref idref="oc-231"/>
      </symbol>
      <symbol id="sm-594">
         <name>_InitFlash</name>
         <value>0x8000</value>
         <object_component_ref idref="oc-237"/>
      </symbol>
      <symbol id="sm-595">
         <name>_SysXtalOscSel</name>
         <value>0x82f5e</value>
         <object_component_ref idref="oc-231"/>
      </symbol>
      <symbol id="sm-596">
         <name>_CsmUnlock</name>
         <value>0x82f29</value>
         <object_component_ref idref="oc-231"/>
      </symbol>
      <symbol id="sm-597">
         <name>_SysIntOsc1Sel</name>
         <value>0x82f4a</value>
         <object_component_ref idref="oc-231"/>
      </symbol>
      <symbol id="sm-598">
         <name>_ServiceDog</name>
         <value>0x82d7f</value>
         <object_component_ref idref="oc-231"/>
      </symbol>
      <symbol id="sm-599">
         <name>_HIB</name>
         <value>0x82fb7</value>
         <object_component_ref idref="oc-231"/>
      </symbol>
      <symbol id="sm-59a">
         <name>_AuxAuxClkSel</name>
         <value>0x82f80</value>
         <object_component_ref idref="oc-231"/>
      </symbol>
      <symbol id="sm-59b">
         <name>_AuxIntOsc2Sel</name>
         <value>0x82f6a</value>
         <object_component_ref idref="oc-231"/>
      </symbol>
      <symbol id="sm-59c">
         <name>_InitAuxPll</name>
         <value>0x82e61</value>
         <object_component_ref idref="oc-231"/>
      </symbol>
      <symbol id="sm-59d">
         <name>_InitSysCtrl</name>
         <value>0x82c8d</value>
         <object_component_ref idref="oc-231"/>
      </symbol>
      <symbol id="sm-59e">
         <name>_STANDBY</name>
         <value>0x82f93</value>
         <object_component_ref idref="oc-231"/>
      </symbol>
      <symbol id="sm-59f">
         <name>_AuxXtalOscSel</name>
         <value>0x82f74</value>
         <object_component_ref idref="oc-231"/>
      </symbol>
      <symbol id="sm-5ab">
         <name>_tempSensor_tempSlope</name>
         <value>0xae34</value>
         <object_component_ref idref="oc-197"/>
      </symbol>
      <symbol id="sm-5ac">
         <name>_tempSensor_tempOffset</name>
         <value>0xae30</value>
         <object_component_ref idref="oc-197"/>
      </symbol>
      <symbol id="sm-5ad">
         <name>_tempSensor_scaleFactor</name>
         <value>0xae32</value>
         <object_component_ref idref="oc-197"/>
      </symbol>
      <symbol id="sm-5cd">
         <name>_deviceOpen</name>
         <value>0xad7b</value>
         <object_component_ref idref="oc-1a8"/>
      </symbol>
      <symbol id="sm-5ea">
         <name>_I2C</name>
         <value>0xad88</value>
         <object_component_ref idref="oc-1b4"/>
      </symbol>
      <symbol id="sm-5eb">
         <name>_TRIP_SEL</name>
         <value>0xadda</value>
         <object_component_ref idref="oc-1b4"/>
      </symbol>
      <symbol id="sm-5ec">
         <name>_EPWM</name>
         <value>0xadc0</value>
         <object_component_ref idref="oc-1b4"/>
      </symbol>
      <symbol id="sm-5ed">
         <name>_MCBSP</name>
         <value>0xad84</value>
         <object_component_ref idref="oc-1b4"/>
      </symbol>
      <symbol id="sm-5ee">
         <name>_ECAP</name>
         <value>0xadac</value>
         <object_component_ref idref="oc-1b4"/>
      </symbol>
      <symbol id="sm-5ef">
         <name>_SPI</name>
         <value>0xad9a</value>
         <object_component_ref idref="oc-1b4"/>
      </symbol>
      <symbol id="sm-5f0">
         <name>_EQEP</name>
         <value>0xad92</value>
         <object_component_ref idref="oc-1b4"/>
      </symbol>
      <symbol id="sm-5f1">
         <name>_SDFM</name>
         <value>0xad8c</value>
         <object_component_ref idref="oc-1b4"/>
      </symbol>
      <symbol id="sm-5f2">
         <name>_ADC</name>
         <value>0xada2</value>
         <object_component_ref idref="oc-1b4"/>
      </symbol>
      <symbol id="sm-5f3">
         <name>_SCI</name>
         <value>0xad80</value>
         <object_component_ref idref="oc-1b4"/>
      </symbol>
      <symbol id="sm-5ff">
         <name>_F28x_usDelay</name>
         <value>0x8037</value>
         <object_component_ref idref="oc-1b6"/>
      </symbol>
      <symbol id="sm-676">
         <name>_CANGlobalIntEnable</name>
         <value>0x82c64</value>
         <object_component_ref idref="oc-222"/>
      </symbol>
      <symbol id="sm-677">
         <name>_CANIntRegister</name>
         <value>0x829a2</value>
         <object_component_ref idref="oc-222"/>
      </symbol>
      <symbol id="sm-678">
         <name>_CANStatusGet</name>
         <value>0x82a3b</value>
         <object_component_ref idref="oc-222"/>
      </symbol>
      <symbol id="sm-679">
         <name>_CANGlobalIntClear</name>
         <value>0x82c77</value>
         <object_component_ref idref="oc-222"/>
      </symbol>
      <symbol id="sm-67a">
         <name>_CANMessageGet</name>
         <value>0x82b6a</value>
         <object_component_ref idref="oc-222"/>
      </symbol>
      <symbol id="sm-67b">
         <name>_CANGlobalIntDisable</name>
         <value>0x82c6d</value>
         <object_component_ref idref="oc-222"/>
      </symbol>
      <symbol id="sm-67c">
         <name>_CANGlobalIntstatusGet</name>
         <value>0x82c80</value>
         <object_component_ref idref="oc-222"/>
      </symbol>
      <symbol id="sm-67d">
         <name>_CANIntStatus</name>
         <value>0x829dd</value>
         <object_component_ref idref="oc-222"/>
      </symbol>
      <symbol id="sm-67e">
         <name>_CANInit</name>
         <value>0x827dc</value>
         <object_component_ref idref="oc-222"/>
      </symbol>
      <symbol id="sm-67f">
         <name>_CANErrCntrGet</name>
         <value>0x82a63</value>
         <object_component_ref idref="oc-222"/>
      </symbol>
      <symbol id="sm-680">
         <name>_CANEnable</name>
         <value>0x82889</value>
         <object_component_ref idref="oc-222"/>
      </symbol>
      <symbol id="sm-681">
         <name>_CANClkSourceSelect</name>
         <value>0x8289a</value>
         <object_component_ref idref="oc-222"/>
      </symbol>
      <symbol id="sm-682">
         <name>_CANRetrySet</name>
         <value>0x82a20</value>
         <object_component_ref idref="oc-222"/>
      </symbol>
      <symbol id="sm-683">
         <name>_CANIntClear</name>
         <value>0x829f7</value>
         <object_component_ref idref="oc-222"/>
      </symbol>
      <symbol id="sm-684">
         <name>_CANMessageSet</name>
         <value>0x82a7e</value>
         <object_component_ref idref="oc-222"/>
      </symbol>
      <symbol id="sm-685">
         <name>_CANBitTimingGet</name>
         <value>0x828c1</value>
         <object_component_ref idref="oc-222"/>
      </symbol>
      <symbol id="sm-686">
         <name>_CANIntEnable</name>
         <value>0x829bf</value>
         <object_component_ref idref="oc-222"/>
      </symbol>
      <symbol id="sm-687">
         <name>_CANIntUnregister</name>
         <value>0x829b2</value>
         <object_component_ref idref="oc-222"/>
      </symbol>
      <symbol id="sm-688">
         <name>_CANIntDisable</name>
         <value>0x829cd</value>
         <object_component_ref idref="oc-222"/>
      </symbol>
      <symbol id="sm-689">
         <name>_CANBitRateSet</name>
         <value>0x828ec</value>
         <object_component_ref idref="oc-222"/>
      </symbol>
      <symbol id="sm-68a">
         <name>_CANDisable</name>
         <value>0x82892</value>
         <object_component_ref idref="oc-222"/>
      </symbol>
      <symbol id="sm-68b">
         <name>_CANRetryGet</name>
         <value>0x82a31</value>
         <object_component_ref idref="oc-222"/>
      </symbol>
      <symbol id="sm-68c">
         <name>_CANBitTimingSet</name>
         <value>0x82959</value>
         <object_component_ref idref="oc-222"/>
      </symbol>
      <symbol id="sm-68d">
         <name>_CANMessageClear</name>
         <value>0x82c3e</value>
         <object_component_ref idref="oc-222"/>
      </symbol>
      <symbol id="sm-6ba">
         <name>_IntIFRClear</name>
         <value>0x8374d</value>
         <object_component_ref idref="oc-229"/>
      </symbol>
      <symbol id="sm-6bb">
         <name>_IntRegister</name>
         <value>0x83612</value>
         <object_component_ref idref="oc-229"/>
      </symbol>
      <symbol id="sm-6bc">
         <name>_IntUnregister</name>
         <value>0x83625</value>
         <object_component_ref idref="oc-229"/>
      </symbol>
      <symbol id="sm-6bd">
         <name>_IntMasterDisable</name>
         <value>0x8360a</value>
         <object_component_ref idref="oc-229"/>
      </symbol>
      <symbol id="sm-6be">
         <name>_IntDefaultHandler</name>
         <value>0x83de7</value>
         <object_component_ref idref="oc-1c1"/>
      </symbol>
      <symbol id="sm-6bf">
         <name>_IntEnable</name>
         <value>0x8363a</value>
         <object_component_ref idref="oc-229"/>
      </symbol>
      <symbol id="sm-6c0">
         <name>_IntMasterEnable</name>
         <value>0x83602</value>
         <object_component_ref idref="oc-229"/>
      </symbol>
      <symbol id="sm-6c1">
         <name>_IntDisable</name>
         <value>0x836cd</value>
         <object_component_ref idref="oc-229"/>
      </symbol>
      <symbol id="sm-6cd">
         <name>_SysCtlDelay</name>
         <value>0x803b</value>
         <object_component_ref idref="oc-1c7"/>
      </symbol>
      <symbol id="sm-703">
         <name>_c_int00</name>
         <value>0x83c00</value>
         <object_component_ref idref="oc-8a"/>
      </symbol>
      <symbol id="sm-704">
         <name>__stack</name>
         <value>0x400</value>
         <object_component_ref idref="oc-1db"/>
      </symbol>
      <symbol id="sm-713">
         <name>_copy_in</name>
         <value>0x83d74</value>
         <object_component_ref idref="oc-21e"/>
      </symbol>
      <symbol id="sm-727">
         <name>C$$EXIT</name>
         <value>0x83cfd</value>
         <object_component_ref idref="oc-221"/>
      </symbol>
      <symbol id="sm-728">
         <name>_exit</name>
         <value>0x83cff</value>
         <object_component_ref idref="oc-221"/>
      </symbol>
      <symbol id="sm-729">
         <name>___TI_cleanup_ptr</name>
         <value>0xae38</value>
         <object_component_ref idref="oc-1e8"/>
      </symbol>
      <symbol id="sm-72a">
         <name>___TI_enable_exit_profile_output</name>
         <value>0xae36</value>
         <object_component_ref idref="oc-1e8"/>
      </symbol>
      <symbol id="sm-72b">
         <name>_abort</name>
         <value>0x83cfd</value>
         <object_component_ref idref="oc-221"/>
      </symbol>
      <symbol id="sm-72c">
         <name>___TI_dtors_ptr</name>
         <value>0xae3a</value>
         <object_component_ref idref="oc-1e8"/>
      </symbol>
      <symbol id="sm-73d">
         <name>FS$$DIV</name>
         <value>0x83afc</value>
         <object_component_ref idref="oc-1ed"/>
      </symbol>
      <symbol id="sm-749">
         <name>LL$$AND</name>
         <value>0x83dcf</value>
         <object_component_ref idref="oc-1f2"/>
      </symbol>
      <symbol id="sm-74a">
         <name>LL$$OR</name>
         <value>0x83dd7</value>
         <object_component_ref idref="oc-1f2"/>
      </symbol>
      <symbol id="sm-74b">
         <name>LL$$XOR</name>
         <value>0x83ddf</value>
         <object_component_ref idref="oc-1f2"/>
      </symbol>
      <symbol id="sm-75c">
         <name>_memcpy</name>
         <value>0x83d98</value>
         <object_component_ref idref="oc-224"/>
      </symbol>
      <symbol id="sm-7a3">
         <name>__sys_memory</name>
         <value>0xa800</value>
         <object_component_ref idref="oc-1fe"/>
      </symbol>
      <symbol id="sm-7a4">
         <name>_chkheap</name>
         <value>0x835e9</value>
         <object_component_ref idref="oc-22a"/>
      </symbol>
      <symbol id="sm-7a5">
         <name>_realloc</name>
         <value>0x834f7</value>
         <object_component_ref idref="oc-22a"/>
      </symbol>
      <symbol id="sm-7a6">
         <name>_free_memory</name>
         <value>0x835cb</value>
         <object_component_ref idref="oc-22a"/>
      </symbol>
      <symbol id="sm-7a7">
         <name>_max_free</name>
         <value>0x835a9</value>
         <object_component_ref idref="oc-22a"/>
      </symbol>
      <symbol id="sm-7a8">
         <name>_free</name>
         <value>0x83430</value>
         <object_component_ref idref="oc-22a"/>
      </symbol>
      <symbol id="sm-7a9">
         <name>_calloc</name>
         <value>0x835eb</value>
         <object_component_ref idref="oc-22a"/>
      </symbol>
      <symbol id="sm-7aa">
         <name>_malloc</name>
         <value>0x83499</value>
         <object_component_ref idref="oc-22a"/>
      </symbol>
      <symbol id="sm-7ab">
         <name>_minit</name>
         <value>0x83474</value>
         <object_component_ref idref="oc-22a"/>
      </symbol>
      <symbol id="sm-7c0">
         <name>__system_pre_init</name>
         <value>0x83e02</value>
         <object_component_ref idref="oc-21d"/>
      </symbol>
      <symbol id="sm-7cc">
         <name>__system_post_cinit</name>
         <value>0x83e04</value>
         <object_component_ref idref="oc-21f"/>
      </symbol>
      <symbol id="sm-7e0">
         <name>__unlock</name>
         <value>0xad7c</value>
         <object_component_ref idref="oc-230"/>
      </symbol>
      <symbol id="sm-7e1">
         <name>__lock</name>
         <value>0xacbe</value>
         <object_component_ref idref="oc-226"/>
      </symbol>
      <symbol id="sm-7e2">
         <name>__register_lock</name>
         <value>0x83dfa</value>
         <object_component_ref idref="oc-22e"/>
      </symbol>
      <symbol id="sm-7e3">
         <name>__nop</name>
         <value>0x83dfe</value>
         <object_component_ref idref="oc-22e"/>
      </symbol>
      <symbol id="sm-7e4">
         <name>__register_unlock</name>
         <value>0x83df6</value>
         <object_component_ref idref="oc-22e"/>
      </symbol>
      <symbol id="sm-7f3">
         <name>__args_main</name>
         <value>0x83db6</value>
         <object_component_ref idref="oc-220"/>
      </symbol>
   </symbol_table>
   <title>Link successful</title>
</link_info>
