******************************************************************************
             TMS320C2000 Linker PC v18.1.3                     
******************************************************************************
>> Linked Wed Nov 28 18:37:33 2018

OUTPUT FILE NAME:   <COM_cpu01.out>
ENTRY POINT SYMBOL: "_c_int00"  address: 00084811


MEMORY CONFIGURATION

         name            origin    length      used     unused   attr    fill
----------------------  --------  ---------  --------  --------  ----  --------
PAGE 0:
  RAMM0                 00000122   000002de  00000000  000002de  RWIX
  RAMLS0                00008000   00000800  0000003f  000007c1  RWIX
  RAMLS1                00008800   00000800  00000000  00000800  RWIX
  RAMLS2                00009000   00000800  00000000  00000800  RWIX
  RAMLS3                00009800   00000800  00000000  00000800  RWIX
  RAMLS4                0000a000   00000800  00000000  00000800  RWIX
  RAMD0                 0000b000   00000800  00000000  00000800  RWIX
  RAMGS14               0001a000   00001000  00000000  00001000  RWIX
  RAMGS15               0001b000   00001000  00000000  00001000  RWIX
  BEGIN                 00080000   00000002  00000002  00000000  RWIX
  FLASHA                00080002   00001ffe  00000000  00001ffe  RWIX
  FLASHB                00082000   00002000  00001ffd  00000003  RWIX
  FLASHC                00084000   00002000  00000992  0000166e  RWIX
  FLASHD                00086000   00002000  0000003f  00001fc1  RWIX
  FLASHE                00088000   00008000  00000000  00008000  RWIX
  FLASHF                00090000   00008000  000001c9  00007e37  RWIX
  FLASHG                00098000   00008000  00000000  00008000  RWIX
  FLASHH                000a0000   00008000  00000000  00008000  RWIX
  FLASHI                000a8000   00008000  00000000  00008000  RWIX
  FLASHJ                000b0000   00008000  00000000  00008000  RWIX
  FLASHK                000b8000   00002000  00000000  00002000  RWIX
  FLASHL                000ba000   00002000  00000000  00002000  RWIX
  FLASHM                000bc000   00002000  00000000  00002000  RWIX
  FLASHN                000be000   00002000  00000000  00002000  RWIX
  RESET                 003fffc0   00000002  00000000  00000002  RWIX

PAGE 1:
  BOOT_RSVD             00000002   00000120  00000000  00000120  RWIX
  RAMM1                 00000400   00000400  00000400  00000000  RWIX
  ADCA_RESULT           00000b00   00000020  00000018  00000008  RWIX
  ADCB_RESULT           00000b20   00000020  00000018  00000008  RWIX
  ADCC_RESULT           00000b40   00000020  00000018  00000008  RWIX
  ADCD_RESULT           00000b60   00000020  00000018  00000008  RWIX
  CPU_TIMER0            00000c00   00000008  00000008  00000000  RWIX
  CPU_TIMER1            00000c08   00000008  00000008  00000000  RWIX
  CPU_TIMER2            00000c10   00000008  00000008  00000000  RWIX
  PIE_CTRL              00000ce0   00000020  0000001a  00000006  RWIX
  PIE_VECT              00000d00   00000200  000001c0  00000040  RWIX
  DMA                   00001000   00000200  000000e0  00000120  RWIX
  CLA1                  00001400   00000040  0000003e  00000002  RWIX
  EPWM1                 00004000   00000100  00000100  00000000  RWIX
  EPWM2                 00004100   00000100  00000100  00000000  RWIX
  EPWM3                 00004200   00000100  00000100  00000000  RWIX
  EPWM4                 00004300   00000100  00000100  00000000  RWIX
  EPWM5                 00004400   00000100  00000100  00000000  RWIX
  EPWM6                 00004500   00000100  00000100  00000000  RWIX
  EPWM7                 00004600   00000100  00000100  00000000  RWIX
  EPWM8                 00004700   00000100  00000100  00000000  RWIX
  EPWM9                 00004800   00000100  00000100  00000000  RWIX
  EPWM10                00004900   00000100  00000100  00000000  RWIX
  EPWM11                00004a00   00000100  00000100  00000000  RWIX
  EPWM12                00004b00   00000100  00000100  00000000  RWIX
  ECAP1                 00005000   00000020  00000020  00000000  RWIX
  ECAP2                 00005020   00000020  00000020  00000000  RWIX
  ECAP3                 00005040   00000020  00000020  00000000  RWIX
  ECAP4                 00005060   00000020  00000020  00000000  RWIX
  ECAP5                 00005080   00000020  00000020  00000000  RWIX
  ECAP6                 000050a0   00000020  00000020  00000000  RWIX
  EQEP1                 00005100   00000040  00000022  0000001e  RWIX
  EQEP2                 00005140   00000040  00000022  0000001e  RWIX
  EQEP3                 00005180   00000040  00000022  0000001e  RWIX
  DACA                  00005c00   00000010  00000008  00000008  RWIX
  DACB                  00005c10   00000010  00000008  00000008  RWIX
  DACC                  00005c20   00000010  00000008  00000008  RWIX
  CMPSS1                00005c80   00000020  00000020  00000000  RWIX
  CMPSS2                00005ca0   00000020  00000020  00000000  RWIX
  CMPSS3                00005cc0   00000020  00000020  00000000  RWIX
  CMPSS4                00005ce0   00000020  00000020  00000000  RWIX
  CMPSS5                00005d00   00000020  00000020  00000000  RWIX
  CMPSS6                00005d20   00000020  00000020  00000000  RWIX
  CMPSS7                00005d40   00000020  00000020  00000000  RWIX
  CMPSS8                00005d60   00000020  00000020  00000000  RWIX
  SDFM1                 00005e00   00000080  00000080  00000000  RWIX
  SDFM2                 00005e80   00000080  00000080  00000000  RWIX
  MCBSPA                00006000   00000040  00000024  0000001c  RWIX
  MCBSPB                00006040   00000040  00000024  0000001c  RWIX
  SPIA                  00006100   00000010  00000010  00000000  RWIX
  SPIB                  00006110   00000010  00000010  00000000  RWIX
  SPIC                  00006120   00000010  00000010  00000000  RWIX
  SPID                  00006130   00000010  00000000  00000010  RWIX
  UPP                   00006200   00000100  00000048  000000b8  RWIX
  WD                    00007000   00000040  0000002b  00000015  RWIX
  NMIINTRUPT            00007060   00000010  00000007  00000009  RWIX
  XINT                  00007070   00000010  0000000b  00000005  RWIX
  SCIA                  00007200   00000010  00000010  00000000  RWIX
  SCIB                  00007210   00000010  00000010  00000000  RWIX
  SCIC                  00007220   00000010  00000010  00000000  RWIX
  SCID                  00007230   00000010  00000010  00000000  RWIX
  I2CA                  00007300   00000040  00000022  0000001e  RWIX
  I2CB                  00007340   00000040  00000022  0000001e  RWIX
  ADCA                  00007400   00000080  00000080  00000000  RWIX
  ADCB                  00007480   00000080  00000080  00000000  RWIX
  ADCC                  00007500   00000080  00000080  00000000  RWIX
  ADCD                  00007580   00000080  00000080  00000000  RWIX
  INPUT_XBAR            00007900   00000020  00000020  00000000  RWIX
  XBAR                  00007920   00000020  00000020  00000000  RWIX
  SYNC_SOC              00007940   00000010  00000006  0000000a  RWIX
  DMACLASRCSEL          00007980   00000040  0000001a  00000026  RWIX
  EPWM_XBAR             00007a00   00000040  00000040  00000000  RWIX
  CLB_XBAR              00007a40   00000040  00000000  00000040  RWIX
  OUTPUT_XBAR           00007a80   00000040  00000040  00000000  RWIX
  GPIOCTRL              00007c00   00000180  00000180  00000000  RWIX
  GPIODAT               00007f00   00000030  00000030  00000000  RWIX
  RAMLS5                0000a800   00000800  00000680  00000180  RWIX
  RAMD1                 0000b800   00000800  00000000  00000800  RWIX
  RAMGS0                0000c000   00001000  00000000  00001000  RWIX
  RAMGS1                0000d000   00001000  00000000  00001000  RWIX
  RAMGS2                0000e000   00001000  00000000  00001000  RWIX
  RAMGS3                0000f000   00001000  00000000  00001000  RWIX
  RAMGS4                00010000   00001000  00000000  00001000  RWIX
  RAMGS5                00011000   00001000  00000000  00001000  RWIX
  RAMGS6                00012000   00001000  00000000  00001000  RWIX
  RAMGS7                00013000   00001000  00000000  00001000  RWIX
  RAMGS8                00014000   00001000  00000000  00001000  RWIX
  RAMGS9                00015000   00001000  00000000  00001000  RWIX
  RAMGS10               00016000   00001000  00000000  00001000  RWIX
  RAMGS11               00017000   00001000  00000000  00001000  RWIX
  RAMGS12               00018000   00001000  00000000  00001000  RWIX
  RAMGS13               00019000   00001000  00000000  00001000  RWIX
  CPU2TOCPU1RAM         0003f800   00000400  00000000  00000400  RWIX
  CPU1TOCPU2RAM         0003fc00   00000400  00000088  00000378  RWIX
  EMIF1                 00047000   00000800  00000070  00000790  RWIX
  EMIF2                 00047800   00000800  00000070  00000790  RWIX
  CANA                  00048000   00000800  000000a4  0000075c  RWIX
  CANB                  0004a000   00000800  000000a4  0000075c  RWIX
  IPC                   00050000   00000024  00000024  00000000  RWIX
  FLASHPUMPSEMAPHORE    00050024   00000002  00000002  00000000  RWIX
  DEV_CFG               0005d000   00000180  0000012e  00000052  RWIX
  ANALOG_SUBSYS         0005d180   00000080  00000048  00000038  RWIX
  CLK_CFG               0005d200   00000100  00000032  000000ce  RWIX
  CPU_SYS               0005d300   00000100  00000082  0000007e  RWIX
  ROMPREFETCH           0005e608   00000002  00000002  00000000  RWIX
  DCSM_Z1               0005f000   00000030  00000024  0000000c  RWIX
  DCSM_Z2               0005f040   00000030  00000024  0000000c  RWIX
  DCSM_COMMON           0005f070   00000010  00000008  00000008  RWIX
  MEMCFG                0005f400   00000080  00000080  00000000  RWIX
  EMIF1CONFIG           0005f480   00000020  00000020  00000000  RWIX
  EMIF2CONFIG           0005f4a0   00000020  00000020  00000000  RWIX
  ACCESSPROTECTION      0005f4c0   00000040  00000040  00000000  RWIX
  MEMORYERROR           0005f500   00000040  00000040  00000000  RWIX
  ROMWAITSTATE          0005f540   00000002  00000002  00000000  RWIX
  FLASH0_CTRL           0005f800   00000300  00000182  0000017e  RWIX
  FLASH0_ECC            0005fb00   00000040  00000028  00000018  RWIX
  DCSM_Z1_OTP           00078000   00000020  00000020  00000000  RWIX
  DCSM_Z2_OTP           00078200   00000020  00000020  00000000  RWIX


SECTION ALLOCATION MAP

 output                                  attributes/
section   page    origin      length       input sections
--------  ----  ----------  ----------   ----------------
.cinit     0    00082000    000001ea     
                  00082000    000000b5     ComModule.obj (.cinit)
                  000820b5    00000090     F2837xD_struct.obj (.cinit)
                  00082145    0000007e     Diccionario_CANOpen.obj (.cinit)
                  000821c3    0000000e     rts2800_fpu32.lib : exit.obj (.cinit)
                  000821d1    00000005     Config_CAN.obj (.cinit)
                  000821d6    00000005     rts2800_fpu32.lib : _lock.obj (.cinit:__lock)
                  000821db    00000005                       : _lock.obj (.cinit:__unlock)
                  000821e0    00000004     F2837xD_sci_io.obj (.cinit)
                  000821e4    00000004     rts2800_fpu32.lib : memory.obj (.cinit)
                  000821e8    00000002     --HOLE-- [fill = 0]

.pinit     0    00082000    00000000     UNINITIALIZED

codestart 
*          0    00080000    00000002     
                  00080000    00000002     F2837xD_CodeStartBranch.obj (codestart)

.stack     1    00000400    00000400     UNINITIALIZED
                  00000400    00000400     --HOLE--

.esysmem   1    0000a800    00000400     UNINITIALIZED
                  0000a800    00000001     rts2800_fpu32.lib : memory.obj (.esysmem)
                  0000a801    000003ff     --HOLE--

.reset     0    003fffc0    00000002     DSECT
                  003fffc0    00000002     rts2800_fpu32.lib : boot28.obj (.reset)

.TI.ramfunc 
*          0    00086000    0000003f     RUN ADDR = 00008000
                  00086000    00000037     F2837xD_SysCtrl.obj (.TI.ramfunc)
                  00086037    00000004     F2837xD_usDelay.obj (.TI.ramfunc)
                  0008603b    00000004     sysctl.obj (.TI.ramfunc)

.econst    0    00090000    000001c9     
                  00090000    000001c0     F2837xD_PieVect.obj (.econst:_PieVectTableInit)
                  000901c0    00000009     can.obj (.econst:_g_ui16CANBitValues)

AdcaResultFile 
*          1    00000b00    00000018     UNINITIALIZED
                  00000b00    00000018     F2837xD_GlobalVariableDefs.obj (AdcaResultFile)

AdcbResultFile 
*          1    00000b20    00000018     UNINITIALIZED
                  00000b20    00000018     F2837xD_GlobalVariableDefs.obj (AdcbResultFile)

AdccResultFile 
*          1    00000b40    00000018     UNINITIALIZED
                  00000b40    00000018     F2837xD_GlobalVariableDefs.obj (AdccResultFile)

AdcdResultFile 
*          1    00000b60    00000018     UNINITIALIZED
                  00000b60    00000018     F2837xD_GlobalVariableDefs.obj (AdcdResultFile)

CpuTimer0RegsFile 
*          1    00000c00    00000008     UNINITIALIZED
                  00000c00    00000008     F2837xD_GlobalVariableDefs.obj (CpuTimer0RegsFile)

CpuTimer1RegsFile 
*          1    00000c08    00000008     UNINITIALIZED
                  00000c08    00000008     F2837xD_GlobalVariableDefs.obj (CpuTimer1RegsFile)

CpuTimer2RegsFile 
*          1    00000c10    00000008     UNINITIALIZED
                  00000c10    00000008     F2837xD_GlobalVariableDefs.obj (CpuTimer2RegsFile)

PieCtrlRegsFile 
*          1    00000ce0    0000001a     UNINITIALIZED
                  00000ce0    0000001a     F2837xD_GlobalVariableDefs.obj (PieCtrlRegsFile)

DmaRegsFile 
*          1    00001000    000000e0     UNINITIALIZED
                  00001000    000000e0     F2837xD_GlobalVariableDefs.obj (DmaRegsFile)

Cla1RegsFile 
*          1    00001400    0000003e     UNINITIALIZED
                  00001400    0000003e     F2837xD_GlobalVariableDefs.obj (Cla1RegsFile)

EPwm1RegsFile 
*          1    00004000    00000100     UNINITIALIZED
                  00004000    00000100     F2837xD_GlobalVariableDefs.obj (EPwm1RegsFile)

EPwm2RegsFile 
*          1    00004100    00000100     UNINITIALIZED
                  00004100    00000100     F2837xD_GlobalVariableDefs.obj (EPwm2RegsFile)

EPwm3RegsFile 
*          1    00004200    00000100     UNINITIALIZED
                  00004200    00000100     F2837xD_GlobalVariableDefs.obj (EPwm3RegsFile)

EPwm4RegsFile 
*          1    00004300    00000100     UNINITIALIZED
                  00004300    00000100     F2837xD_GlobalVariableDefs.obj (EPwm4RegsFile)

EPwm5RegsFile 
*          1    00004400    00000100     UNINITIALIZED
                  00004400    00000100     F2837xD_GlobalVariableDefs.obj (EPwm5RegsFile)

EPwm6RegsFile 
*          1    00004500    00000100     UNINITIALIZED
                  00004500    00000100     F2837xD_GlobalVariableDefs.obj (EPwm6RegsFile)

EPwm7RegsFile 
*          1    00004600    00000100     UNINITIALIZED
                  00004600    00000100     F2837xD_GlobalVariableDefs.obj (EPwm7RegsFile)

EPwm8RegsFile 
*          1    00004700    00000100     UNINITIALIZED
                  00004700    00000100     F2837xD_GlobalVariableDefs.obj (EPwm8RegsFile)

EPwm9RegsFile 
*          1    00004800    00000100     UNINITIALIZED
                  00004800    00000100     F2837xD_GlobalVariableDefs.obj (EPwm9RegsFile)

EPwm10RegsFile 
*          1    00004900    00000100     UNINITIALIZED
                  00004900    00000100     F2837xD_GlobalVariableDefs.obj (EPwm10RegsFile)

EPwm11RegsFile 
*          1    00004a00    00000100     UNINITIALIZED
                  00004a00    00000100     F2837xD_GlobalVariableDefs.obj (EPwm11RegsFile)

EPwm12RegsFile 
*          1    00004b00    00000100     UNINITIALIZED
                  00004b00    00000100     F2837xD_GlobalVariableDefs.obj (EPwm12RegsFile)

ECap1RegsFile 
*          1    00005000    00000020     UNINITIALIZED
                  00005000    00000020     F2837xD_GlobalVariableDefs.obj (ECap1RegsFile)

ECap2RegsFile 
*          1    00005020    00000020     UNINITIALIZED
                  00005020    00000020     F2837xD_GlobalVariableDefs.obj (ECap2RegsFile)

ECap3RegsFile 
*          1    00005040    00000020     UNINITIALIZED
                  00005040    00000020     F2837xD_GlobalVariableDefs.obj (ECap3RegsFile)

ECap4RegsFile 
*          1    00005060    00000020     UNINITIALIZED
                  00005060    00000020     F2837xD_GlobalVariableDefs.obj (ECap4RegsFile)

ECap5RegsFile 
*          1    00005080    00000020     UNINITIALIZED
                  00005080    00000020     F2837xD_GlobalVariableDefs.obj (ECap5RegsFile)

ECap6RegsFile 
*          1    000050a0    00000020     UNINITIALIZED
                  000050a0    00000020     F2837xD_GlobalVariableDefs.obj (ECap6RegsFile)

EQep1RegsFile 
*          1    00005100    00000022     UNINITIALIZED
                  00005100    00000022     F2837xD_GlobalVariableDefs.obj (EQep1RegsFile)

EQep2RegsFile 
*          1    00005140    00000022     UNINITIALIZED
                  00005140    00000022     F2837xD_GlobalVariableDefs.obj (EQep2RegsFile)

EQep3RegsFile 
*          1    00005180    00000022     UNINITIALIZED
                  00005180    00000022     F2837xD_GlobalVariableDefs.obj (EQep3RegsFile)

DacaRegsFile 
*          1    00005c00    00000008     UNINITIALIZED
                  00005c00    00000008     F2837xD_GlobalVariableDefs.obj (DacaRegsFile)

DacbRegsFile 
*          1    00005c10    00000008     UNINITIALIZED
                  00005c10    00000008     F2837xD_GlobalVariableDefs.obj (DacbRegsFile)

DaccRegsFile 
*          1    00005c20    00000008     UNINITIALIZED
                  00005c20    00000008     F2837xD_GlobalVariableDefs.obj (DaccRegsFile)

Sdfm1RegsFile 
*          1    00005e00    00000080     UNINITIALIZED
                  00005e00    00000080     F2837xD_GlobalVariableDefs.obj (Sdfm1RegsFile)

Sdfm2RegsFile 
*          1    00005e80    00000080     UNINITIALIZED
                  00005e80    00000080     F2837xD_GlobalVariableDefs.obj (Sdfm2RegsFile)

McbspaRegsFile 
*          1    00006000    00000024     UNINITIALIZED
                  00006000    00000024     F2837xD_GlobalVariableDefs.obj (McbspaRegsFile)

McbspbRegsFile 
*          1    00006040    00000024     UNINITIALIZED
                  00006040    00000024     F2837xD_GlobalVariableDefs.obj (McbspbRegsFile)

SpiaRegsFile 
*          1    00006100    00000010     UNINITIALIZED
                  00006100    00000010     F2837xD_GlobalVariableDefs.obj (SpiaRegsFile)

SpibRegsFile 
*          1    00006110    00000010     UNINITIALIZED
                  00006110    00000010     F2837xD_GlobalVariableDefs.obj (SpibRegsFile)

SpicRegsFile 
*          1    00006120    00000010     UNINITIALIZED
                  00006120    00000010     F2837xD_GlobalVariableDefs.obj (SpicRegsFile)

UppRegsFile 
*          1    00006200    00000048     UNINITIALIZED
                  00006200    00000048     F2837xD_GlobalVariableDefs.obj (UppRegsFile)

WdRegsFile 
*          1    00007000    0000002b     UNINITIALIZED
                  00007000    0000002b     F2837xD_GlobalVariableDefs.obj (WdRegsFile)

NmiIntruptRegsFile 
*          1    00007060    00000007     UNINITIALIZED
                  00007060    00000007     F2837xD_GlobalVariableDefs.obj (NmiIntruptRegsFile)

XintRegsFile 
*          1    00007070    0000000b     UNINITIALIZED
                  00007070    0000000b     F2837xD_GlobalVariableDefs.obj (XintRegsFile)

SciaRegsFile 
*          1    00007200    00000010     UNINITIALIZED
                  00007200    00000010     F2837xD_GlobalVariableDefs.obj (SciaRegsFile)

ScibRegsFile 
*          1    00007210    00000010     UNINITIALIZED
                  00007210    00000010     F2837xD_GlobalVariableDefs.obj (ScibRegsFile)

ScicRegsFile 
*          1    00007220    00000010     UNINITIALIZED
                  00007220    00000010     F2837xD_GlobalVariableDefs.obj (ScicRegsFile)

ScidRegsFile 
*          1    00007230    00000010     UNINITIALIZED
                  00007230    00000010     F2837xD_GlobalVariableDefs.obj (ScidRegsFile)

I2caRegsFile 
*          1    00007300    00000022     UNINITIALIZED
                  00007300    00000022     F2837xD_GlobalVariableDefs.obj (I2caRegsFile)

I2cbRegsFile 
*          1    00007340    00000022     UNINITIALIZED
                  00007340    00000022     F2837xD_GlobalVariableDefs.obj (I2cbRegsFile)

InputXbarRegsFile 
*          1    00007900    00000020     UNINITIALIZED
                  00007900    00000020     F2837xD_GlobalVariableDefs.obj (InputXbarRegsFile)

XbarRegsFile 
*          1    00007920    00000020     UNINITIALIZED
                  00007920    00000020     F2837xD_GlobalVariableDefs.obj (XbarRegsFile)

SyncSocRegsFile 
*          1    00007940    00000006     UNINITIALIZED
                  00007940    00000006     F2837xD_GlobalVariableDefs.obj (SyncSocRegsFile)

DmaClaSrcSelRegsFile 
*          1    00007980    0000001a     UNINITIALIZED
                  00007980    0000001a     F2837xD_GlobalVariableDefs.obj (DmaClaSrcSelRegsFile)

EPwmXbarRegsFile 
*          1    00007a00    00000040     UNINITIALIZED
                  00007a00    00000040     F2837xD_GlobalVariableDefs.obj (EPwmXbarRegsFile)

OutputXbarRegsFile 
*          1    00007a80    00000040     UNINITIALIZED
                  00007a80    00000040     F2837xD_GlobalVariableDefs.obj (OutputXbarRegsFile)

GpioCtrlRegsFile 
*          1    00007c00    00000180     UNINITIALIZED
                  00007c00    00000180     F2837xD_GlobalVariableDefs.obj (GpioCtrlRegsFile)

GpioDataRegsFile 
*          1    00007f00    00000030     UNINITIALIZED
                  00007f00    00000030     F2837xD_GlobalVariableDefs.obj (GpioDataRegsFile)

PUTBUFFER 
*          1    0003fc00    00000080     UNINITIALIZED
                  0003fc00    00000080     F2837xD_Ipc_Driver.obj (PUTBUFFER)

PUTWRITEIDX 
*          1    0003fc80    00000004     UNINITIALIZED
                  0003fc80    00000004     F2837xD_Ipc_Driver.obj (PUTWRITEIDX)

GETREADIDX 
*          1    0003fc84    00000004     UNINITIALIZED
                  0003fc84    00000004     F2837xD_Ipc_Driver.obj (GETREADIDX)

GETBUFFER 
*          0    0003f800    00000080     DSECT
                  0003f800    00000080     F2837xD_Ipc_Driver.obj (GETBUFFER)

GETWRITEIDX 
*          0    0003f880    00000004     DSECT
                  0003f880    00000004     F2837xD_Ipc_Driver.obj (GETWRITEIDX)

PUTREADIDX 
*          0    0003f884    00000004     DSECT
                  0003f884    00000004     F2837xD_Ipc_Driver.obj (PUTREADIDX)

PieVectTableFile 
*          1    00000d00    000001c0     UNINITIALIZED
                  00000d00    000001c0     F2837xD_GlobalVariableDefs.obj (PieVectTableFile)

EmuKeyVar 
*          1    00000d00    00000001     UNINITIALIZED
                  00000d00    00000001     F2837xD_GlobalVariableDefs.obj (EmuKeyVar)

EmuBModeVar 
*          1    00000d01    00000001     UNINITIALIZED
                  00000d01    00000001     F2837xD_GlobalVariableDefs.obj (EmuBModeVar)

FlashCallbackVar 
*          1    00000d02    00000000     UNINITIALIZED

FlashScalingVar 
*          1    00000d02    00000000     UNINITIALIZED

AdcaRegsFile 
*          1    00007400    00000080     UNINITIALIZED
                  00007400    00000080     F2837xD_GlobalVariableDefs.obj (AdcaRegsFile)

AdcbRegsFile 
*          1    00007480    00000080     UNINITIALIZED
                  00007480    00000080     F2837xD_GlobalVariableDefs.obj (AdcbRegsFile)

AdccRegsFile 
*          1    00007500    00000080     UNINITIALIZED
                  00007500    00000080     F2837xD_GlobalVariableDefs.obj (AdccRegsFile)

AdcdRegsFile 
*          1    00007580    00000080     UNINITIALIZED
                  00007580    00000080     F2837xD_GlobalVariableDefs.obj (AdcdRegsFile)

CanaRegsFile 
*          1    00048000    000000a4     UNINITIALIZED
                  00048000    000000a4     F2837xD_GlobalVariableDefs.obj (CanaRegsFile)

CanbRegsFile 
*          1    0004a000    000000a4     UNINITIALIZED
                  0004a000    000000a4     F2837xD_GlobalVariableDefs.obj (CanbRegsFile)

AnalogSubsysRegsFile 
*          1    0005d180    00000048     UNINITIALIZED
                  0005d180    00000048     F2837xD_GlobalVariableDefs.obj (AnalogSubsysRegsFile)

Cla1SoftIntRegsFile 
*          1    00000ce0    00000004     DSECT
                  00000ce0    00000004     F2837xD_GlobalVariableDefs.obj (Cla1SoftIntRegsFile)

Cmpss1RegsFile 
*          1    00005c80    00000020     UNINITIALIZED
                  00005c80    00000020     F2837xD_GlobalVariableDefs.obj (Cmpss1RegsFile)

Cmpss2RegsFile 
*          1    00005ca0    00000020     UNINITIALIZED
                  00005ca0    00000020     F2837xD_GlobalVariableDefs.obj (Cmpss2RegsFile)

Cmpss3RegsFile 
*          1    00005cc0    00000020     UNINITIALIZED
                  00005cc0    00000020     F2837xD_GlobalVariableDefs.obj (Cmpss3RegsFile)

Cmpss4RegsFile 
*          1    00005ce0    00000020     UNINITIALIZED
                  00005ce0    00000020     F2837xD_GlobalVariableDefs.obj (Cmpss4RegsFile)

Cmpss5RegsFile 
*          1    00005d00    00000020     UNINITIALIZED
                  00005d00    00000020     F2837xD_GlobalVariableDefs.obj (Cmpss5RegsFile)

Cmpss6RegsFile 
*          1    00005d20    00000020     UNINITIALIZED
                  00005d20    00000020     F2837xD_GlobalVariableDefs.obj (Cmpss6RegsFile)

Cmpss7RegsFile 
*          1    00005d40    00000020     UNINITIALIZED
                  00005d40    00000020     F2837xD_GlobalVariableDefs.obj (Cmpss7RegsFile)

Cmpss8RegsFile 
*          1    00005d60    00000020     UNINITIALIZED
                  00005d60    00000020     F2837xD_GlobalVariableDefs.obj (Cmpss8RegsFile)

Emif1RegsFile 
*          1    00047000    00000070     UNINITIALIZED
                  00047000    00000070     F2837xD_GlobalVariableDefs.obj (Emif1RegsFile)

Emif2RegsFile 
*          1    00047800    00000070     UNINITIALIZED
                  00047800    00000070     F2837xD_GlobalVariableDefs.obj (Emif2RegsFile)

IpcRegsFile 
*          1    00050000    00000024     UNINITIALIZED
                  00050000    00000024     F2837xD_GlobalVariableDefs.obj (IpcRegsFile)

FlashPumpSemaphoreRegsFile 
*          1    00050024    00000002     UNINITIALIZED
                  00050024    00000002     F2837xD_GlobalVariableDefs.obj (FlashPumpSemaphoreRegsFile)

RomPrefetchRegsFile 
*          1    0005e608    00000002     UNINITIALIZED
                  0005e608    00000002     F2837xD_GlobalVariableDefs.obj (RomPrefetchRegsFile)

DcsmZ1RegsFile 
*          1    0005f000    00000024     UNINITIALIZED
                  0005f000    00000024     F2837xD_GlobalVariableDefs.obj (DcsmZ1RegsFile)

DcsmZ2RegsFile 
*          1    0005f040    00000024     UNINITIALIZED
                  0005f040    00000024     F2837xD_GlobalVariableDefs.obj (DcsmZ2RegsFile)

DcsmCommonRegsFile 
*          1    0005f070    00000008     UNINITIALIZED
                  0005f070    00000008     F2837xD_GlobalVariableDefs.obj (DcsmCommonRegsFile)

MemCfgRegsFile 
*          1    0005f400    00000080     UNINITIALIZED
                  0005f400    00000080     F2837xD_GlobalVariableDefs.obj (MemCfgRegsFile)

Emif1ConfigRegsFile 
*          1    0005f480    00000020     UNINITIALIZED
                  0005f480    00000020     F2837xD_GlobalVariableDefs.obj (Emif1ConfigRegsFile)

Emif2ConfigRegsFile 
*          1    0005f4a0    00000020     UNINITIALIZED
                  0005f4a0    00000020     F2837xD_GlobalVariableDefs.obj (Emif2ConfigRegsFile)

AccessProtectionRegsFile 
*          1    0005f4c0    00000040     UNINITIALIZED
                  0005f4c0    00000040     F2837xD_GlobalVariableDefs.obj (AccessProtectionRegsFile)

MemoryErrorRegsFile 
*          1    0005f500    00000040     UNINITIALIZED
                  0005f500    00000040     F2837xD_GlobalVariableDefs.obj (MemoryErrorRegsFile)

RomWaitStateRegsFile 
*          1    0005f540    00000002     UNINITIALIZED
                  0005f540    00000002     F2837xD_GlobalVariableDefs.obj (RomWaitStateRegsFile)

Flash0CtrlRegsFile 
*          1    0005f800    00000182     UNINITIALIZED
                  0005f800    00000182     F2837xD_GlobalVariableDefs.obj (Flash0CtrlRegsFile)

Flash0EccRegsFile 
*          1    0005fb00    00000028     UNINITIALIZED
                  0005fb00    00000028     F2837xD_GlobalVariableDefs.obj (Flash0EccRegsFile)

DcsmZ1OtpFile 
*          1    00078000    00000020     NOLOAD SECTION
                  00078000    00000020     F2837xD_GlobalVariableDefs.obj (DcsmZ1OtpFile)

DcsmZ2OtpFile 
*          1    00078200    00000020     NOLOAD SECTION
                  00078200    00000020     F2837xD_GlobalVariableDefs.obj (DcsmZ2OtpFile)

DevCfgRegsFile 
*          1    0005d000    0000012e     UNINITIALIZED
                  0005d000    0000012e     F2837xD_GlobalVariableDefs.obj (DevCfgRegsFile)

ClkCfgRegsFile 
*          1    0005d200    00000032     UNINITIALIZED
                  0005d200    00000032     F2837xD_GlobalVariableDefs.obj (ClkCfgRegsFile)

CpuSysRegsFile 
*          1    0005d300    00000082     UNINITIALIZED
                  0005d300    00000082     F2837xD_GlobalVariableDefs.obj (CpuSysRegsFile)

.text.1    0    000821ec    00001e13     
                  000821ec    00000a31     ComModule.obj (.text)
                  00082c1d    0000064b     F2837xD_DefaultISR.obj (.text:retain)
                  00083268    00000522     can.obj (.text)
                  0008378a    00000354     F2837xD_SysCtrl.obj (.text)
                  00083ade    00000255     F2837xD_Gpio.obj (.text)
                  00083d33    00000207     FIFO.obj (.text)
                  00083f3a    00000096     Config_CAN.obj (.text)
                  00083fd0    00000029     rts2800_fpu32.lib : exit.obj (.text)
                  00083ff9    00000003     F2837xD_DBGIER.obj (.text)
                  00083ffc    00000002     rts2800_fpu32.lib : pre_init.obj (.text)
                  00083ffe    00000001                       : startup.obj (.text)

.text.2    0    00084000    00000992     
                  00084000    000001d2     rts2800_fpu32.lib : memory.obj (.text)
                  000841d2    000001ca     interrupt.obj (.text)
                  0008439c    00000166     F2837xD_Ipc_Driver_Util.obj (.text)
                  00084502    00000140     Config_SCI.obj (.text)
                  00084642    000000d5     Config_GPIO.obj (.text)
                  00084717    0000007e     Diccionario_CANOpen.obj (.text)
                  00084795    0000007c     F2837xD_CpuTimers.obj (.text)
                  00084811    00000056     rts2800_fpu32.lib : boot28.obj (.text)
                  00084867    00000039     Init_HW.obj (.text)
                  000848a0    00000028     F2837xD_PieCtrl.obj (.text)
                  000848c8    00000026     F2837xD_PieVect.obj (.text)
                  000848ee    00000024     rts2800_fpu32.lib : cpy_tbl.obj (.text)
                  00084912    0000001e                       : memcpy.obj (.text)
                  00084930    00000019     main_cpu1.obj (.text)
                  00084949    00000019     rts2800_fpu32.lib : args_main.obj (.text)
                  00084962    00000018                       : ll_aox28.obj (.text)
                  0008497a    0000000f     interrupt.obj (.text:retain)
                  00084989    00000009     rts2800_fpu32.lib : _lock.obj (.text)

.ebss.1    1    0000ac00    0000023a     UNINITIALIZED
                  0000ac00    000000d4     ComModule.obj (.ebss)
                  0000acd4    00000018     F2837xD_CpuTimers.obj (.ebss)
                  0000acec    00000008     rts2800_fpu32.lib : memory.obj (.ebss)
                  0000acf4    00000006     F2837xD_TempSensorConv.obj (.ebss)
                  0000acfa    00000006     rts2800_fpu32.lib : exit.obj (.ebss)
                  0000ad00    000000bb     Diccionario_CANOpen.obj (.ebss)
                  0000adbb    00000001     Config_SCI.obj (.ebss)
                  0000adbc    00000002     rts2800_fpu32.lib : _lock.obj (.ebss:__lock)
                  0000adbe    00000002                       : _lock.obj (.ebss:__unlock)
                  0000adc0    00000078     F2837xD_struct.obj (.ebss)
                  0000ae38    00000001     F2837xD_DefaultISR.obj (.ebss)
                  0000ae39    00000001     F2837xD_sci_io.obj (.ebss)

.ebss.2    1    0000ae40    00000030     UNINITIALIZED
                  0000ae40    00000030     Config_CAN.obj (.ebss)

.ebss.3    1    0000ae80    00000016     UNINITIALIZED
                  0000ae80    00000016     main_cpu1.obj (.ebss)

MODULE SUMMARY

       Module                           code    initialized data   uninitialized data
       ------                           ----    ----------------   ------------------
    .\
       main_cpu1.obj                    25      0                  22                
    +--+--------------------------------+-------+------------------+--------------------+
       Total:                           25      0                  22                
                                                                                     
    .\App\
       ComModule.obj                    2609    181                212               
       Diccionario_CANOpen.obj          126     126                187               
    +--+--------------------------------+-------+------------------+--------------------+
       Total:                           2735    307                399               
                                                                                     
    .\Comun\Drivers\
       FIFO.obj                         519     0                  0                 
       Config_SCI.obj                   320     0                  1                 
       Config_GPIO.obj                  213     0                  0                 
       Config_CAN.obj                   150     5                  48                
       Init_HW.obj                      57      0                  0                 
    +--+--------------------------------+-------+------------------+--------------------+
       Total:                           1259    5                  49                
                                                                                     
    .\Comun\common\
       F2837xD_GlobalVariableDefs.obj   0       0                  8375              
       F2837xD_DefaultISR.obj           1611    0                  1                 
       F2837xD_SysCtrl.obj              962     0                  0                 
       F2837xD_Gpio.obj                 597     0                  0                 
       F2837xD_PieVect.obj              38      448                0                 
       F2837xD_Ipc_Driver_Util.obj      358     0                  0                 
       F2837xD_struct.obj               0       144                120               
       F2837xD_CpuTimers.obj            124     0                  24                
       F2837xD_Ipc_Driver.obj           0       0                  136               
       F2837xD_PieCtrl.obj              40      0                  0                 
       F2837xD_usDelay.obj              8       0                  0                 
       F2837xD_TempSensorConv.obj       0       0                  6                 
       F2837xD_sci_io.obj               0       4                  1                 
       F2837xD_DBGIER.obj               3       0                  0                 
       F2837xD_CodeStartBranch.obj      2       0                  0                 
    +--+--------------------------------+-------+------------------+--------------------+
       Total:                           3743    596                8663              
                                                                                     
    .\Comun\driverlib\
       can.obj                          1314    9                  0                 
       interrupt.obj                    473     0                  0                 
       sysctl.obj                       8       0                  0                 
    +--+--------------------------------+-------+------------------+--------------------+
       Total:                           1795    9                  0                 
                                                                                     
    C:/Users/dagaro/workspace/Firmware_Test/UFCharger/F2837xD/ti-cgt-c2000_16.9.6.LTS/lib/rts2800_fpu32.lib
       memory.obj                       466     4                  8                 
       boot28.obj                       86      0                  0                 
       exit.obj                         41      14                 6                 
       cpy_tbl.obj                      36      0                  0                 
       memcpy.obj                       30      0                  0                 
       args_main.obj                    25      0                  0                 
       ll_aox28.obj                     24      0                  0                 
       _lock.obj                        9       10                 4                 
       pre_init.obj                     2       0                  0                 
       startup.obj                      1       0                  0                 
    +--+--------------------------------+-------+------------------+--------------------+
       Total:                           720     28                 18                
                                                                                     
       Heap:                            0       0                  1024              
       Stack:                           0       0                  1024              
    +--+--------------------------------+-------+------------------+--------------------+
       Grand Total:                     10277   945                11199             


GLOBAL DATA SYMBOLS: SORTED BY DATA PAGE

address     data page           name
--------    ----------------    ----
00000400      10 (00000400)     __stack

00000b00      2c (00000b00)     _AdcaResultRegs
00000b20      2c (00000b00)     _AdcbResultRegs

00000b40      2d (00000b40)     _AdccResultRegs
00000b60      2d (00000b40)     _AdcdResultRegs

00000c00      30 (00000c00)     _CpuTimer0Regs
00000c08      30 (00000c00)     _CpuTimer1Regs
00000c10      30 (00000c00)     _CpuTimer2Regs

00000ce0      33 (00000cc0)     _Cla1SoftIntRegs
00000ce0      33 (00000cc0)     _PieCtrlRegs

00000d00      34 (00000d00)     _EmuKey
00000d00      34 (00000d00)     _PieVectTable
00000d01      34 (00000d00)     _EmuBMode

00001000      40 (00001000)     _DmaRegs

00001400      50 (00001400)     _Cla1Regs

00004000     100 (00004000)     _EPwm1Regs

00004100     104 (00004100)     _EPwm2Regs

00004200     108 (00004200)     _EPwm3Regs

00004300     10c (00004300)     _EPwm4Regs

00004400     110 (00004400)     _EPwm5Regs

00004500     114 (00004500)     _EPwm6Regs

00004600     118 (00004600)     _EPwm7Regs

00004700     11c (00004700)     _EPwm8Regs

00004800     120 (00004800)     _EPwm9Regs

00004900     124 (00004900)     _EPwm10Regs

00004a00     128 (00004a00)     _EPwm11Regs

00004b00     12c (00004b00)     _EPwm12Regs

00005000     140 (00005000)     _ECap1Regs
00005020     140 (00005000)     _ECap2Regs

00005040     141 (00005040)     _ECap3Regs
00005060     141 (00005040)     _ECap4Regs

00005080     142 (00005080)     _ECap5Regs
000050a0     142 (00005080)     _ECap6Regs

00005100     144 (00005100)     _EQep1Regs

00005140     145 (00005140)     _EQep2Regs

00005180     146 (00005180)     _EQep3Regs

00005c00     170 (00005c00)     _DacaRegs
00005c10     170 (00005c00)     _DacbRegs
00005c20     170 (00005c00)     _DaccRegs

00005c80     172 (00005c80)     _Cmpss1Regs
00005ca0     172 (00005c80)     _Cmpss2Regs

00005cc0     173 (00005cc0)     _Cmpss3Regs
00005ce0     173 (00005cc0)     _Cmpss4Regs

00005d00     174 (00005d00)     _Cmpss5Regs
00005d20     174 (00005d00)     _Cmpss6Regs

00005d40     175 (00005d40)     _Cmpss7Regs
00005d60     175 (00005d40)     _Cmpss8Regs

00005e00     178 (00005e00)     _Sdfm1Regs

00005e80     17a (00005e80)     _Sdfm2Regs

00006000     180 (00006000)     _McbspaRegs

00006040     181 (00006040)     _McbspbRegs

00006100     184 (00006100)     _SpiaRegs
00006110     184 (00006100)     _SpibRegs
00006120     184 (00006100)     _SpicRegs

00006200     188 (00006200)     _UppRegs

00007000     1c0 (00007000)     _WdRegs

00007060     1c1 (00007040)     _NmiIntruptRegs
00007070     1c1 (00007040)     _XintRegs

00007200     1c8 (00007200)     _SciaRegs
00007210     1c8 (00007200)     _ScibRegs
00007220     1c8 (00007200)     _ScicRegs
00007230     1c8 (00007200)     _ScidRegs

00007300     1cc (00007300)     _I2caRegs

00007340     1cd (00007340)     _I2cbRegs

00007400     1d0 (00007400)     _AdcaRegs

00007480     1d2 (00007480)     _AdcbRegs

00007500     1d4 (00007500)     _AdccRegs

00007580     1d6 (00007580)     _AdcdRegs

00007900     1e4 (00007900)     _InputXbarRegs
00007920     1e4 (00007900)     _XbarRegs

00007940     1e5 (00007940)     _SyncSocRegs

00007980     1e6 (00007980)     _DmaClaSrcSelRegs

00007a00     1e8 (00007a00)     _EPwmXbarRegs

00007a80     1ea (00007a80)     _OutputXbarRegs

00007c00     1f0 (00007c00)     _GpioCtrlRegs

00007f00     1fc (00007f00)     _GpioDataRegs

0000a800     2a0 (0000a800)     __sys_memory

0000ac04     2b0 (0000ac00)     _StatusCom
0000ac05     2b0 (0000ac00)     _OD_Index
0000ac06     2b0 (0000ac00)     _CurrentProcess
0000ac08     2b0 (0000ac00)     _StatusErrors
0000ac17     2b0 (0000ac00)     _Count5s
0000ac1b     2b0 (0000ac00)     _Count100ms
0000ac1c     2b0 (0000ac00)     _Count20ms
0000ac1d     2b0 (0000ac00)     _Count500ms
0000ac1e     2b0 (0000ac00)     _Count50ms
0000ac1f     2b0 (0000ac00)     _Count250ms
0000ac20     2b0 (0000ac00)     _Count2s
0000ac21     2b0 (0000ac00)     _Count200ms
0000ac22     2b0 (0000ac00)     _Count1ms
0000ac23     2b0 (0000ac00)     _Count1s
0000ac24     2b0 (0000ac00)     _Count10ms
0000ac25     2b0 (0000ac00)     _PowerSupply_LastObjectTx
0000ac27     2b0 (0000ac00)     _FsmStatus
0000ac2a     2b0 (0000ac00)     _ulTimeOutCANRx
0000ac30     2b0 (0000ac00)     _rxPsMsgData
0000ac38     2b0 (0000ac00)     _rxAdcMsgData

0000ac40     2b1 (0000ac40)     _sMailboxOneCANOpenMsg
0000ac4a     2b1 (0000ac40)     _sTX_CANOpenMsg
0000ac54     2b1 (0000ac40)     _sMailboxTwoCANOpenMsg
0000ac5e     2b1 (0000ac40)     _AdcValuesSaved
0000ac6a     2b1 (0000ac40)     _PowerSupplyValues

0000ac80     2b2 (0000ac80)     _FIFO_CanRx
0000ac94     2b2 (0000ac80)     _FIFO_CanTx
0000aca8     2b2 (0000ac80)     _FIFO_PcTx

0000acc0     2b3 (0000acc0)     _FIFO_PcRx
0000acd4     2b3 (0000acc0)     _CpuTimer1
0000acdc     2b3 (0000acc0)     _CpuTimer2
0000ace4     2b3 (0000acc0)     _CpuTimer0
0000acf4     2b3 (0000acc0)     _tempSensor_tempOffset
0000acf6     2b3 (0000acc0)     _tempSensor_scaleFactor
0000acf8     2b3 (0000acc0)     _tempSensor_tempSlope
0000acfa     2b3 (0000acc0)     ___TI_enable_exit_profile_output
0000acfc     2b3 (0000acc0)     ___TI_cleanup_ptr
0000acfe     2b3 (0000acc0)     ___TI_dtors_ptr

0000ad00     2b4 (0000ad00)     _D2

0000ad40     2b5 (0000ad40)     _Diccionario_CanOpen

0000adbb     2b6 (0000ad80)     _BRR
0000adbc     2b6 (0000ad80)     __lock
0000adbe     2b6 (0000ad80)     __unlock

0000adc0     2b7 (0000adc0)     _SCI
0000adc4     2b7 (0000adc0)     _MCBSP
0000adc8     2b7 (0000adc0)     _I2C
0000adcc     2b7 (0000adc0)     _SDFM
0000add2     2b7 (0000adc0)     _EQEP
0000adda     2b7 (0000adc0)     _SPI
0000ade2     2b7 (0000adc0)     _ADC
0000adec     2b7 (0000adc0)     _ECAP

0000ae00     2b8 (0000ae00)     _EPWM
0000ae1a     2b8 (0000ae00)     _TRIP_SEL
0000ae38     2b8 (0000ae00)     _SysTickFlag
0000ae39     2b8 (0000ae00)     _deviceOpen

0000ae40     2b9 (0000ae40)     _i
0000ae42     2b9 (0000ae40)     _errorFlag
0000ae44     2b9 (0000ae40)     _rxMsgData
0000ae4c     2b9 (0000ae40)     _rxMsgData2
0000ae54     2b9 (0000ae40)     _txMsgData
0000ae5c     2b9 (0000ae40)     _sRXCANMessage
0000ae66     2b9 (0000ae40)     _sRXCANMessage2

0000ae80     2ba (0000ae80)     _count1
0000ae81     2ba (0000ae80)     _count2
0000ae82     2ba (0000ae80)     _sdataC
0000ae8c     2ba (0000ae80)     _sTXCANMessage

0003f800     fe0 (0003f800)     _g_asIPCCPU2toCPU1Buffers

0003f880     fe2 (0003f880)     _g_usGetWriteIndexes
0003f884     fe2 (0003f880)     _g_usPutReadIndexes

0003fc00     ff0 (0003fc00)     _g_asIPCCPU1toCPU2Buffers

0003fc80     ff2 (0003fc80)     _g_usPutWriteIndexes
0003fc84     ff2 (0003fc80)     _g_usGetReadIndexes

00047000    11c0 (00047000)     _Emif1Regs

00047800    11e0 (00047800)     _Emif2Regs

00048000    1200 (00048000)     _CanaRegs

0004a000    1280 (0004a000)     _CanbRegs

00050000    1400 (00050000)     _IpcRegs
00050024    1400 (00050000)     _FlashPumpSemaphoreRegs

0005d000    1740 (0005d000)     _DevCfgRegs

0005d180    1746 (0005d180)     _AnalogSubsysRegs

0005d200    1748 (0005d200)     _ClkCfgRegs

0005d300    174c (0005d300)     _CpuSysRegs

0005e608    1798 (0005e600)     _RomPrefetchRegs

0005f000    17c0 (0005f000)     _DcsmZ1Regs

0005f040    17c1 (0005f040)     _DcsmZ2Regs
0005f070    17c1 (0005f040)     _DcsmCommonRegs

0005f400    17d0 (0005f400)     _MemCfgRegs

0005f480    17d2 (0005f480)     _Emif1ConfigRegs
0005f4a0    17d2 (0005f480)     _Emif2ConfigRegs

0005f4c0    17d3 (0005f4c0)     _AccessProtectionRegs

0005f500    17d4 (0005f500)     _MemoryErrorRegs

0005f540    17d5 (0005f540)     _RomWaitStateRegs

0005f800    17e0 (0005f800)     _Flash0CtrlRegs

0005fb00    17ec (0005fb00)     _Flash0EccRegs

00078000    1e00 (00078000)     _DcsmZ1Otp

00078200    1e08 (00078200)     _DcsmZ2Otp

00090000    2400 (00090000)     _PieVectTableInit


GLOBAL SYMBOLS: SORTED ALPHABETICALLY BY Name 

page  address   name                                  
----  -------   ----                                  
abs   ffffffff  .text                                 
0     00083fd0  C$$EXIT                               
0     00084962  LL$$AND                               
0     0008496a  LL$$OR                                
0     00084972  LL$$XOR                               
1     0000ade2  _ADC                                  
0     00082cdb  _ADCA1_ISR                            
0     00083021  _ADCA2_ISR                            
0     0008302b  _ADCA3_ISR                            
0     00083035  _ADCA4_ISR                            
0     00083017  _ADCA_EVT_ISR                         
0     00082ce5  _ADCB1_ISR                            
0     00083049  _ADCB2_ISR                            
0     00083053  _ADCB3_ISR                            
0     0008305d  _ADCB4_ISR                            
0     0008303f  _ADCB_EVT_ISR                         
0     00082cef  _ADCC1_ISR                            
0     000831b1  _ADCC2_ISR                            
0     000831bb  _ADCC3_ISR                            
0     000831c5  _ADCC4_ISR                            
0     000831a7  _ADCC_EVT_ISR                         
0     00082d0d  _ADCD1_ISR                            
0     000831d9  _ADCD2_ISR                            
0     000831e3  _ADCD3_ISR                            
0     000831ed  _ADCD4_ISR                            
0     000831cf  _ADCD_EVT_ISR                         
0     00083229  _AUX_PLL_SLIP_ISR                     
1     0005f4c0  _AccessProtectionRegs                 
1     0000ac5e  _AdcValuesSaved                       
1     00007400  _AdcaRegs                             
1     00000b00  _AdcaResultRegs                       
1     00007480  _AdcbRegs                             
1     00000b20  _AdcbResultRegs                       
1     00007500  _AdccRegs                             
1     00000b40  _AdccResultRegs                       
1     00007580  _AdcdRegs                             
1     00000b60  _AdcdResultRegs                       
1     0005d180  _AnalogSubsysRegs                     
0     00082803  _AnalyzeCanMsg                        
0     00083a8a  _AuxAuxClkSel                         
0     00083a74  _AuxIntOsc2Sel                        
0     00083a7e  _AuxXtalOscSel                        
1     0000adbb  _BRR                                  
0     00082f41  _CANA0_ISR                            
0     00082ff6  _CANA1_ISR                            
0     00083000  _CANB0_ISR                            
0     0008300d  _CANB1_ISR                            
0     000833e9  _CANBitRateSet                        
0     000833be  _CANBitTimingGet                      
0     00083456  _CANBitTimingSet                      
0     00083397  _CANClkSourceSelect                   
0     0008338f  _CANDisable                           
0     00083386  _CANEnable                            
0     00083560  _CANErrCntrGet                        
0     00083774  _CANGlobalIntClear                    
0     0008376a  _CANGlobalIntDisable                  
0     00083761  _CANGlobalIntEnable                   
0     0008377d  _CANGlobalIntstatusGet                
0     000832d9  _CANInit                              
0     000834f4  _CANIntClear                          
0     000834ca  _CANIntDisable                        
0     000834bc  _CANIntEnable                         
0     0008349f  _CANIntRegister                       
0     000834da  _CANIntStatus                         
0     000834af  _CANIntUnregister                     
0     0008373b  _CANMessageClear                      
0     00083667  _CANMessageGet                        
0     0008357b  _CANMessageSet                        
0     0008352e  _CANRetryGet                          
0     0008351d  _CANRetrySet                          
0     00083538  _CANStatusGet                         
0     00083067  _CLA1_1_ISR                           
0     00083071  _CLA1_2_ISR                           
0     0008307b  _CLA1_3_ISR                           
0     00083085  _CLA1_4_ISR                           
0     0008308f  _CLA1_5_ISR                           
0     00083099  _CLA1_6_ISR                           
0     000830a3  _CLA1_7_ISR                           
0     000830ad  _CLA1_8_ISR                           
0     00083233  _CLA_OVERFLOW_ISR                     
0     0008323d  _CLA_UNDERFLOW_ISR                    
1     00048000  _CanaRegs                             
1     0004a000  _CanbRegs                             
1     00001400  _Cla1Regs                             
0     00000ce0  _Cla1SoftIntRegs                      
1     0005d200  _ClkCfgRegs                           
1     00005c80  _Cmpss1Regs                           
1     00005ca0  _Cmpss2Regs                           
1     00005cc0  _Cmpss3Regs                           
1     00005ce0  _Cmpss4Regs                           
1     00005d00  _Cmpss5Regs                           
1     00005d20  _Cmpss6Regs                           
1     00005d40  _Cmpss7Regs                           
1     00005d60  _Cmpss8Regs                           
0     000847d6  _ConfigCpuTimer                       
0     00083f3a  _Config_CANA                          
0     00083f6c  _Config_CANB                          
0     00084642  _Config_GPIO                          
0     00084534  _Config_SCIA                          
0     00084590  _Config_SCIB                          
0     000845e8  _Config_SCIC                          
0     00084717  _Consulta_Diccionario                 
1     0000ac1b  _Count100ms                           
1     0000ac24  _Count10ms                            
1     0000ac22  _Count1ms                             
1     0000ac23  _Count1s                              
1     0000ac21  _Count200ms                           
1     0000ac1c  _Count20ms                            
1     0000ac1f  _Count250ms                           
1     0000ac20  _Count2s                              
1     0000ac1d  _Count500ms                           
1     0000ac1e  _Count50ms                            
1     0000ac17  _Count5s                              
1     0005d300  _CpuSysRegs                           
1     0000ace4  _CpuTimer0                            
1     00000c00  _CpuTimer0Regs                        
1     0000acd4  _CpuTimer1                            
1     00000c08  _CpuTimer1Regs                        
1     0000acdc  _CpuTimer2                            
1     00000c10  _CpuTimer2Regs                        
0     00083a33  _CsmUnlock                            
1     0000ac06  _CurrentProcess                       
1     0000ad00  _D2                                   
0     00082c31  _DATALOG_ISR                          
0     00082e80  _DMA_CH1_ISR                          
0     00082e8a  _DMA_CH2_ISR                          
0     00082e94  _DMA_CH3_ISR                          
0     00082e9e  _DMA_CH4_ISR                          
0     00082ea8  _DMA_CH5_ISR                          
0     00082eb2  _DMA_CH6_ISR                          
1     00005c00  _DacaRegs                             
1     00005c10  _DacbRegs                             
1     00005c20  _DaccRegs                             
1     0005f070  _DcsmCommonRegs                       
1     00078000  _DcsmZ1Otp                            
1     0005f000  _DcsmZ1Regs                           
1     00078200  _DcsmZ2Otp                            
1     0005f040  _DcsmZ2Regs                           
0     00083e61  _Desencolar_FIFO                      
1     0005d000  _DevCfgRegs                           
1     0000ad40  _Diccionario_CanOpen                  
0     00083897  _DisableDog                           
0     00083858  _DisablePeripheralClocks              
1     00007980  _DmaClaSrcSelRegs                     
1     00001000  _DmaRegs                              
1     0000adec  _ECAP                                 
0     00082dd6  _ECAP1_ISR                            
0     00082de0  _ECAP2_ISR                            
0     00082dea  _ECAP3_ISR                            
0     00082df4  _ECAP4_ISR                            
0     00082dfe  _ECAP5_ISR                            
0     00082e08  _ECAP6_ISR                            
1     00005000  _ECap1Regs                            
1     00005020  _ECap2Regs                            
1     00005040  _ECap3Regs                            
1     00005060  _ECap4Regs                            
1     00005080  _ECap5Regs                            
1     000050a0  _ECap6Regs                            
0     000831f7  _EMIF_ERROR_ISR                       
0     00083251  _EMPTY_ISR                            
0     00082c45  _EMU_ISR                              
1     0000ae00  _EPWM                                 
0     0008314d  _EPWM10_ISR                           
0     00083125  _EPWM10_TZ_ISR                        
0     00083157  _EPWM11_ISR                           
0     0008312f  _EPWM11_TZ_ISR                        
0     00083161  _EPWM12_ISR                           
0     00083139  _EPWM12_TZ_ISR                        
0     00082d86  _EPWM1_ISR                            
0     00082d36  _EPWM1_TZ_ISR                         
0     00082d90  _EPWM2_ISR                            
0     00082d40  _EPWM2_TZ_ISR                         
0     00082d9a  _EPWM3_ISR                            
0     00082d4a  _EPWM3_TZ_ISR                         
0     00082da4  _EPWM4_ISR                            
0     00082d54  _EPWM4_TZ_ISR                         
0     00082dae  _EPWM5_ISR                            
0     00082d5e  _EPWM5_TZ_ISR                         
0     00082db8  _EPWM6_ISR                            
0     00082d68  _EPWM6_TZ_ISR                         
0     00082dc2  _EPWM7_ISR                            
0     00082d72  _EPWM7_TZ_ISR                         
0     00082dcc  _EPWM8_ISR                            
0     00082d7c  _EPWM8_TZ_ISR                         
0     00083143  _EPWM9_ISR                            
0     0008311b  _EPWM9_TZ_ISR                         
1     00004900  _EPwm10Regs                           
1     00004a00  _EPwm11Regs                           
1     00004b00  _EPwm12Regs                           
1     00004000  _EPwm1Regs                            
1     00004100  _EPwm2Regs                            
1     00004200  _EPwm3Regs                            
1     00004300  _EPwm4Regs                            
1     00004400  _EPwm5Regs                            
1     00004500  _EPwm6Regs                            
1     00004600  _EPwm7Regs                            
1     00004700  _EPwm8Regs                            
1     00004800  _EPwm9Regs                            
1     00007a00  _EPwmXbarRegs                         
1     0000add2  _EQEP                                 
0     00082e12  _EQEP1_ISR                            
0     00082e1c  _EQEP2_ISR                            
0     00082e26  _EQEP3_ISR                            
1     00005100  _EQep1Regs                            
1     00005140  _EQep2Regs                            
1     00005180  _EQep3Regs                            
0     0008472c  _Econtrar_Indice_Diccionario          
1     0005f480  _Emif1ConfigRegs                      
1     00047000  _Emif1Regs                            
1     0005f4a0  _Emif2ConfigRegs                      
1     00047800  _Emif2Regs                            
1     00000d01  _EmuBMode                             
1     00000d00  _EmuKey                               
0     000848bf  _EnableInterrupts                     
0     00083d63  _Encolar_FIFO                         
0     00008037  _F28x_usDelay                         
1     0000ac80  _FIFO_CanRx                           
1     0000ac94  _FIFO_CanTx                           
1     0000acc0  _FIFO_PcRx                            
1     0000aca8  _FIFO_PcTx                            
0     0008320b  _FLASH_CORRECTABLE_ERROR_ISR          
0     000830df  _FPU_OVERFLOW_ISR                     
0     000830e9  _FPU_UNDERFLOW_ISR                    
0     00082b68  _FSM_Charge                           
0     00082aac  _FSM_Precharge                        
1     0005f800  _Flash0CtrlRegs                       
1     0005fb00  _Flash0EccRegs                        
0     00008029  _FlashOff                             
1     00050024  _FlashPumpSemaphoreRegs               
1     0000ac27  _FsmStatus                            
0     00083cd7  _GPIO_EnableUnbondedIOPullups         
0     00083cb2  _GPIO_EnableUnbondedIOPullupsFor100Pin
0     00083c99  _GPIO_EnableUnbondedIOPullupsFor176Pin
0     00083ced  _GPIO_ReadPin                         
0     00083c3e  _GPIO_SetupLock                       
0     00083b1e  _GPIO_SetupPinMux                     
0     00083baa  _GPIO_SetupPinOptions                 
0     00083c67  _GPIO_SetupXINT1Gpio                  
0     00083c71  _GPIO_SetupXINT2Gpio                  
0     00083c7b  _GPIO_SetupXINT3Gpio                  
0     00083c85  _GPIO_SetupXINT4Gpio                  
0     00083c8f  _GPIO_SetupXINT5Gpio                  
0     00083d22  _GPIO_TogglePin                       
0     00083d04  _GPIO_WritePin                        
1     00007c00  _GpioCtrlRegs                         
1     00007f00  _GpioDataRegs                         
0     00083aa8  _HALT                                 
0     00083ac1  _HIB                                  
0     00084886  _Hablitar_ISR                         
1     0000adc8  _I2C                                  
0     00082ec6  _I2CA_FIFO_ISR                        
0     00082ebc  _I2CA_ISR                             
0     00082eda  _I2CB_FIFO_ISR                        
0     00082ed0  _I2CB_ISR                             
1     00007300  _I2caRegs                             
1     00007340  _I2cbRegs                             
0     00083a94  _IDLE                                 
0     00082c59  _ILLEGAL_ISR                          
0     000830f3  _IPC0_ISR                             
0     000830fd  _IPC1_ISR                             
0     00083107  _IPC2_ISR                             
0     00083111  _IPC3_ISR                             
0     000843d6  _IPCBootCPU2                          
0     000843d2  _IPCGetBootStatus                     
0     000843b3  _IPCLtoRFlagBusy                      
0     000843ca  _IPCLtoRFlagClear                     
0     000843c2  _IPCLtoRFlagSet                       
0     0008439c  _IPCRtoLFlagAcknowledge               
0     000843a4  _IPCRtoLFlagBusy                      
0     0008238b  _InitAdc                              
0     0008396b  _InitAuxPll                           
0     00084795  _InitCpuTimers                        
0     00008000  _InitFlash                            
0     00083ade  _InitGpio                             
0     000837d4  _InitPeripheralClocks                 
0     000827f8  _InitPeripherals                      
0     000848a0  _InitPieCtrl                          
0     000848c8  _InitPieVectTable                     
0     000823e2  _InitPowerSupply                      
0     0008378a  _InitSysCtrl                          
0     000838a5  _InitSysPll                           
0     00083fb9  _Init_Buzones                         
0     000821ec  _Init_CANOpenMsgFIFOs                 
0     00083d33  _Init_FIFO                            
0     00084867  _Init_HW                              
1     00007900  _InputXbarRegs                        
0     0008497a  _IntDefaultHandler                    
0     0008429d  _IntDisable                           
0     0008420a  _IntEnable                            
0     0008431d  _IntIFRClear                          
0     000841da  _IntMasterDisable                     
0     000841d2  _IntMasterEnable                      
0     000841e2  _IntRegister                          
0     000841f5  _IntUnregister                        
1     00050000  _IpcRegs                              
1     0000adc4  _MCBSP                                
0     00082e58  _MCBSPA_RX_ISR                        
0     00082e62  _MCBSPA_TX_ISR                        
0     00082e6c  _MCBSPB_RX_ISR                        
0     00082e76  _MCBSPB_TX_ISR                        
1     00006000  _McbspaRegs                           
1     00006040  _McbspbRegs                           
1     0005f400  _MemCfgRegs                           
1     0005f500  _MemoryErrorRegs                      
0     00082c4f  _NMI_ISR                              
0     0008325e  _NOTUSED_ISR                          
1     00007060  _NmiIntruptRegs                       
1     0000ac05  _OD_Index                             
1     00007a80  _OutputXbarRegs                       
0     00083247  _PIE_RESERVED_ISR                     
1     00000ce0  _PieCtrlRegs                          
1     00000d00  _PieVectTable                         
0     00090000  _PieVectTableInit                     
1     0000ac6a  _PowerSupplyValues                    
1     0000ac25  _PowerSupply_LastObjectTx             
0     0008275c  _PsEnableDisable                      
0     00082689  _PsKeepAlive                          
0     000826d9  _PsReadOutputVI                       
0     000824b0  _PsSetVoltageCurrent                  
0     00083215  _RAM_ACCESS_VIOLATION_ISR             
0     00083201  _RAM_CORRECTABLE_ERROR_ISR            
0     00082c3b  _RTOS_ISR                             
0     0008603f  _RamfuncsLoadEnd                      
abs   0000003f  _RamfuncsLoadSize                     
0     00086000  _RamfuncsLoadStart                    
0     0000803f  _RamfuncsRunEnd                       
abs   0000003f  _RamfuncsRunSize                      
0     00008000  _RamfuncsRunStart                     
0     00083fb8  _Recibir_CANB                         
0     0008387f  _ReleaseFlashPump                     
1     0005e608  _RomPrefetchRegs                      
1     0005f540  _RomWaitStateRegs                     
1     0000adc0  _SCI                                  
0     00082f19  _SCIA_RX_ISR                          
0     00082f23  _SCIA_TX_ISR                          
0     00082f2d  _SCIB_RX_ISR                          
0     00082f37  _SCIB_TX_ISR                          
0     00082ee4  _SCIC_RX_ISR                          
0     00082efb  _SCIC_TX_ISR                          
0     00082f05  _SCID_RX_ISR                          
0     00082f0f  _SCID_TX_ISR                          
0     0008316b  _SD1_ISR                              
0     00083175  _SD2_ISR                              
1     0000adcc  _SDFM                                 
1     0000adda  _SPI                                  
0     00082e30  _SPIA_RX_ISR                          
0     00082e3a  _SPIA_TX_ISR                          
0     00082e44  _SPIB_RX_ISR                          
0     00082e4e  _SPIB_TX_ISR                          
0     0008317f  _SPIC_RX_ISR                          
0     00083189  _SPIC_TX_ISR                          
0     00083a9d  _STANDBY                              
0     0008321f  _SYS_PLL_SLIP_ISR                     
0     00082a4b  _Scheduler                            
1     00007200  _SciaRegs                             
1     00007210  _ScibRegs                             
1     00007220  _ScicRegs                             
1     00007230  _ScidRegs                             
1     00005e00  _Sdfm1Regs                            
1     00005e80  _Sdfm2Regs                            
0     00083870  _SeizeFlashPump                       
0     00083889  _ServiceDog                           
0     00083ff9  _SetDBGIER                            
0     00082293  _Set_CANOpenErrorMsg_To_Tx            
0     000821f9  _Set_CANOpenMsg_To_Tx                 
0     0008234f  _Set_MailboxOne                       
0     0008236d  _Set_MailboxTwo                       
1     00006100  _SpiaRegs                             
1     00006110  _SpibRegs                             
1     00006120  _SpicRegs                             
1     0000ac04  _StatusCom                            
1     0000ac08  _StatusErrors                         
1     00007940  _SyncSocRegs                          
0     0000803b  _SysCtlDelay                          
0     00083a54  _SysIntOsc1Sel                        
0     00083a5e  _SysIntOsc2Sel                        
1     0000ae38  _SysTickFlag                          
0     00083a68  _SysXtalOscSel                        
0     00082d17  _TIMER0_ISR                           
0     00082c1d  _TIMER1_ISR                           
0     00082c27  _TIMER2_ISR                           
1     0000ae1a  _TRIP_SEL                             
0     000827de  _TimeOutRxCanMsg                      
0     0008231c  _Transmit_CANOPenMsg                  
0     00083f9e  _Transmitir_CANA                      
0     00084502  _Transmitir_SCI                       
0     00083193  _UPPA_ISR                             
0     0008319d  _USBA_ISR                             
0     00082cbd  _USER10_ISR                           
0     00082cc7  _USER11_ISR                           
0     00082cd1  _USER12_ISR                           
0     00082c63  _USER1_ISR                            
0     00082c6d  _USER2_ISR                            
0     00082c77  _USER3_ISR                            
0     00082c81  _USER4_ISR                            
0     00082c8b  _USER5_ISR                            
0     00082c95  _USER6_ISR                            
0     00082c9f  _USER7_ISR                            
0     00082ca9  _USER8_ISR                            
0     00082cb3  _USER9_ISR                            
1     00006200  _UppRegs                              
0     000830d5  _VCU_ISR                              
0     00082d2c  _WAKE_ISR                             
1     00007000  _WdRegs                               
0     00082cf9  _XINT1_ISR                            
0     00082d03  _XINT2_ISR                            
0     000830b7  _XINT3_ISR                            
0     000830c1  _XINT4_ISR                            
0     000830cb  _XINT5_ISR                            
1     00007920  _XbarRegs                             
1     00007070  _XintRegs                             
1     00000800  __STACK_END                           
abs   00000400  __STACK_SIZE                          
abs   00000400  __SYSMEM_SIZE                         
1     0000acfc  ___TI_cleanup_ptr                     
1     0000acfe  ___TI_dtors_ptr                       
1     0000acfa  ___TI_enable_exit_profile_output      
abs   ffffffff  ___TI_pprof_out_hndl                  
abs   ffffffff  ___TI_prof_data_size                  
abs   ffffffff  ___TI_prof_data_start                 
abs   ffffffff  ___binit__                            
abs   ffffffff  ___c_args__                           
0     00082000  ___cinit__                            
abs   ffffffff  ___etext__                            
abs   ffffffff  ___pinit__                            
abs   ffffffff  ___text__                             
0     00084949  __args_main                           
1     0000adbc  __lock                                
0     00084991  __nop                                 
0     0008498d  __register_lock                       
0     00084989  __register_unlock                     
1     00000400  __stack                               
1     0000a800  __sys_memory                          
0     00083ffe  __system_post_cinit                   
0     00083ffc  __system_pre_init                     
1     0000adbe  __unlock                              
0     00083fd0  _abort                                
0     00084811  _c_int00                              
0     000841bb  _calloc                               
0     000841b9  _chkheap                              
0     000848ee  _copy_in                              
1     0000ae80  _count1                               
1     0000ae81  _count2                               
0     00084753  _datos_char_to_int                    
1     0000ae39  _deviceOpen                           
1     0000ae42  _errorFlag                            
0     00083fd2  _exit                                 
0     00084000  _free                                 
0     0008419b  _free_memory                          
1     0003fc00  _g_asIPCCPU1toCPU2Buffers             
0     0003f800  _g_asIPCCPU2toCPU1Buffers             
1     0003fc84  _g_usGetReadIndexes                   
0     0003f880  _g_usGetWriteIndexes                  
0     0003f884  _g_usPutReadIndexes                   
1     0003fc80  _g_usPutWriteIndexes                  
1     0000ae40  _i                                    
0     00084930  _main                                 
0     00084069  _malloc                               
0     00084179  _max_free                             
0     00084912  _memcpy                               
0     00084044  _minit                                
0     000840c7  _realloc                              
1     0000ac38  _rxAdcMsgData                         
1     0000ae44  _rxMsgData                            
1     0000ae4c  _rxMsgData2                           
1     0000ac30  _rxPsMsgData                          
1     0000ac40  _sMailboxOneCANOpenMsg                
1     0000ac54  _sMailboxTwoCANOpenMsg                
1     0000ae5c  _sRXCANMessage                        
1     0000ae66  _sRXCANMessage2                       
1     0000ae8c  _sTXCANMessage                        
1     0000ac4a  _sTX_CANOpenMsg                       
1     0000ae82  _sdataC                               
1     0000acf6  _tempSensor_scaleFactor               
1     0000acf4  _tempSensor_tempOffset                
1     0000acf8  _tempSensor_tempSlope                 
1     0000ae54  _txMsgData                            
1     0000ac2a  _ulTimeOutCANRx                       
abs   ffffffff  binit                                 
0     00082000  cinit                                 
0     00080000  code_start                            
abs   ffffffff  etext                                 
abs   ffffffff  pinit                                 


GLOBAL SYMBOLS: SORTED BY Symbol Address 

page  address   name                                  
----  -------   ----                                  
0     00000ce0  _Cla1SoftIntRegs                      
0     00008000  _InitFlash                            
0     00008000  _RamfuncsRunStart                     
0     00008029  _FlashOff                             
0     00008037  _F28x_usDelay                         
0     0000803b  _SysCtlDelay                          
0     0000803f  _RamfuncsRunEnd                       
0     0003f800  _g_asIPCCPU2toCPU1Buffers             
0     0003f880  _g_usGetWriteIndexes                  
0     0003f884  _g_usPutReadIndexes                   
0     00080000  code_start                            
0     00082000  ___cinit__                            
0     00082000  cinit                                 
0     000821ec  _Init_CANOpenMsgFIFOs                 
0     000821f9  _Set_CANOpenMsg_To_Tx                 
0     00082293  _Set_CANOpenErrorMsg_To_Tx            
0     0008231c  _Transmit_CANOPenMsg                  
0     0008234f  _Set_MailboxOne                       
0     0008236d  _Set_MailboxTwo                       
0     0008238b  _InitAdc                              
0     000823e2  _InitPowerSupply                      
0     000824b0  _PsSetVoltageCurrent                  
0     00082689  _PsKeepAlive                          
0     000826d9  _PsReadOutputVI                       
0     0008275c  _PsEnableDisable                      
0     000827de  _TimeOutRxCanMsg                      
0     000827f8  _InitPeripherals                      
0     00082803  _AnalyzeCanMsg                        
0     00082a4b  _Scheduler                            
0     00082aac  _FSM_Precharge                        
0     00082b68  _FSM_Charge                           
0     00082c1d  _TIMER1_ISR                           
0     00082c27  _TIMER2_ISR                           
0     00082c31  _DATALOG_ISR                          
0     00082c3b  _RTOS_ISR                             
0     00082c45  _EMU_ISR                              
0     00082c4f  _NMI_ISR                              
0     00082c59  _ILLEGAL_ISR                          
0     00082c63  _USER1_ISR                            
0     00082c6d  _USER2_ISR                            
0     00082c77  _USER3_ISR                            
0     00082c81  _USER4_ISR                            
0     00082c8b  _USER5_ISR                            
0     00082c95  _USER6_ISR                            
0     00082c9f  _USER7_ISR                            
0     00082ca9  _USER8_ISR                            
0     00082cb3  _USER9_ISR                            
0     00082cbd  _USER10_ISR                           
0     00082cc7  _USER11_ISR                           
0     00082cd1  _USER12_ISR                           
0     00082cdb  _ADCA1_ISR                            
0     00082ce5  _ADCB1_ISR                            
0     00082cef  _ADCC1_ISR                            
0     00082cf9  _XINT1_ISR                            
0     00082d03  _XINT2_ISR                            
0     00082d0d  _ADCD1_ISR                            
0     00082d17  _TIMER0_ISR                           
0     00082d2c  _WAKE_ISR                             
0     00082d36  _EPWM1_TZ_ISR                         
0     00082d40  _EPWM2_TZ_ISR                         
0     00082d4a  _EPWM3_TZ_ISR                         
0     00082d54  _EPWM4_TZ_ISR                         
0     00082d5e  _EPWM5_TZ_ISR                         
0     00082d68  _EPWM6_TZ_ISR                         
0     00082d72  _EPWM7_TZ_ISR                         
0     00082d7c  _EPWM8_TZ_ISR                         
0     00082d86  _EPWM1_ISR                            
0     00082d90  _EPWM2_ISR                            
0     00082d9a  _EPWM3_ISR                            
0     00082da4  _EPWM4_ISR                            
0     00082dae  _EPWM5_ISR                            
0     00082db8  _EPWM6_ISR                            
0     00082dc2  _EPWM7_ISR                            
0     00082dcc  _EPWM8_ISR                            
0     00082dd6  _ECAP1_ISR                            
0     00082de0  _ECAP2_ISR                            
0     00082dea  _ECAP3_ISR                            
0     00082df4  _ECAP4_ISR                            
0     00082dfe  _ECAP5_ISR                            
0     00082e08  _ECAP6_ISR                            
0     00082e12  _EQEP1_ISR                            
0     00082e1c  _EQEP2_ISR                            
0     00082e26  _EQEP3_ISR                            
0     00082e30  _SPIA_RX_ISR                          
0     00082e3a  _SPIA_TX_ISR                          
0     00082e44  _SPIB_RX_ISR                          
0     00082e4e  _SPIB_TX_ISR                          
0     00082e58  _MCBSPA_RX_ISR                        
0     00082e62  _MCBSPA_TX_ISR                        
0     00082e6c  _MCBSPB_RX_ISR                        
0     00082e76  _MCBSPB_TX_ISR                        
0     00082e80  _DMA_CH1_ISR                          
0     00082e8a  _DMA_CH2_ISR                          
0     00082e94  _DMA_CH3_ISR                          
0     00082e9e  _DMA_CH4_ISR                          
0     00082ea8  _DMA_CH5_ISR                          
0     00082eb2  _DMA_CH6_ISR                          
0     00082ebc  _I2CA_ISR                             
0     00082ec6  _I2CA_FIFO_ISR                        
0     00082ed0  _I2CB_ISR                             
0     00082eda  _I2CB_FIFO_ISR                        
0     00082ee4  _SCIC_RX_ISR                          
0     00082efb  _SCIC_TX_ISR                          
0     00082f05  _SCID_RX_ISR                          
0     00082f0f  _SCID_TX_ISR                          
0     00082f19  _SCIA_RX_ISR                          
0     00082f23  _SCIA_TX_ISR                          
0     00082f2d  _SCIB_RX_ISR                          
0     00082f37  _SCIB_TX_ISR                          
0     00082f41  _CANA0_ISR                            
0     00082ff6  _CANA1_ISR                            
0     00083000  _CANB0_ISR                            
0     0008300d  _CANB1_ISR                            
0     00083017  _ADCA_EVT_ISR                         
0     00083021  _ADCA2_ISR                            
0     0008302b  _ADCA3_ISR                            
0     00083035  _ADCA4_ISR                            
[...]
0     0008305d  _ADCB4_ISR                            
0     00083067  _CLA1_1_ISR                           
0     00083071  _CLA1_2_ISR                           
0     0008307b  _CLA1_3_ISR                           
0     00083085  _CLA1_4_ISR                           
0     0008308f  _CLA1_5_ISR                           
0     00083099  _CLA1_6_ISR                           
0     000830a3  _CLA1_7_ISR                           
0     000830ad  _CLA1_8_ISR                           
0     000830b7  _XINT3_ISR                            
0     000830c1  _XINT4_ISR                            
0     000830cb  _XINT5_ISR                            
0     000830d5  _VCU_ISR                              
0     000830df  _FPU_OVERFLOW_ISR                     
0     000830e9  _FPU_UNDERFLOW_ISR                    
0     000830f3  _IPC0_ISR                             
0     000830fd  _IPC1_ISR                             
0     00083107  _IPC2_ISR                             
0     00083111  _IPC3_ISR                             
0     0008311b  _EPWM9_TZ_ISR                         
0     00083125  _EPWM10_TZ_ISR                        
0     0008312f  _EPWM11_TZ_ISR                        
0     00083139  _EPWM12_TZ_ISR                        
0     00083143  _EPWM9_ISR                            
0     0008314d  _EPWM10_ISR                           
0     00083157  _EPWM11_ISR                           
0     00083161  _EPWM12_ISR                           
0     0008316b  _SD1_ISR                              
0     00083175  _SD2_ISR                              
0     0008317f  _SPIC_RX_ISR                          
0     00083189  _SPIC_TX_ISR                          
0     00083193  _UPPA_ISR                             
0     0008319d  _USBA_ISR                             
0     000831a7  _ADCC_EVT_ISR                         
0     000831b1  _ADCC2_ISR                            
0     000831bb  _ADCC3_ISR                            
0     000831c5  _ADCC4_ISR                            
0     000831cf  _ADCD_EVT_ISR                         
0     000831d9  _ADCD2_ISR                            
0     000831e3  _ADCD3_ISR                            
0     000831ed  _ADCD4_ISR                            
0     000831f7  _EMIF_ERROR_ISR                       
0     00083201  _RAM_CORRECTABLE_ERROR_ISR            
0     0008320b  _FLASH_CORRECTABLE_ERROR_ISR          
0     00083215  _RAM_ACCESS_VIOLATION_ISR             
0     0008321f  _SYS_PLL_SLIP_ISR                     
0     00083229  _AUX_PLL_SLIP_ISR                     
0     00083233  _CLA_OVERFLOW_ISR                     
0     0008323d  _CLA_UNDERFLOW_ISR                    
0     00083247  _PIE_RESERVED_ISR                     
0     00083251  _EMPTY_ISR                            
0     0008325e  _NOTUSED_ISR                          
0     000832d9  _CANInit                              
0     00083386  _CANEnable                            
0     0008338f  _CANDisable                           
0     00083397  _CANClkSourceSelect                   
0     000833be  _CANBitTimingGet                      
0     000833e9  _CANBitRateSet                        
0     00083456  _CANBitTimingSet                      
0     0008349f  _CANIntRegister                       
0     000834af  _CANIntUnregister                     
0     000834bc  _CANIntEnable                         
0     000834ca  _CANIntDisable                        
0     000834da  _CANIntStatus                         
0     000834f4  _CANIntClear                          
0     0008351d  _CANRetrySet                          
0     0008352e  _CANRetryGet                          
0     00083538  _CANStatusGet                         
0     00083560  _CANErrCntrGet                        
0     0008357b  _CANMessageSet                        
0     00083667  _CANMessageGet                        
0     0008373b  _CANMessageClear                      
0     00083761  _CANGlobalIntEnable                   
0     0008376a  _CANGlobalIntDisable                  
0     00083774  _CANGlobalIntClear                    
0     0008377d  _CANGlobalIntstatusGet                
0     0008378a  _InitSysCtrl                          
0     000837d4  _InitPeripheralClocks                 
0     00083858  _DisablePeripheralClocks              
0     00083870  _SeizeFlashPump                       
0     0008387f  _ReleaseFlashPump                     
0     00083889  _ServiceDog                           
0     00083897  _DisableDog                           
0     000838a5  _InitSysPll                           
0     0008396b  _InitAuxPll                           
0     00083a33  _CsmUnlock                            
0     00083a54  _SysIntOsc1Sel                        
0     00083a5e  _SysIntOsc2Sel                        
0     00083a68  _SysXtalOscSel                        
0     00083a74  _AuxIntOsc2Sel                        
0     00083a7e  _AuxXtalOscSel                        
0     00083a8a  _AuxAuxClkSel                         
0     00083a94  _IDLE                                 
0     00083a9d  _STANDBY                              
0     00083aa8  _HALT                                 
0     00083ac1  _HIB                                  
0     00083ade  _InitGpio                             
0     00083b1e  _GPIO_SetupPinMux                     
0     00083baa  _GPIO_SetupPinOptions                 
0     00083c3e  _GPIO_SetupLock                       
0     00083c67  _GPIO_SetupXINT1Gpio                  
0     00083c71  _GPIO_SetupXINT2Gpio                  
0     00083c7b  _GPIO_SetupXINT3Gpio                  
0     00083c85  _GPIO_SetupXINT4Gpio                  
0     00083c8f  _GPIO_SetupXINT5Gpio                  
0     00083c99  _GPIO_EnableUnbondedIOPullupsFor176Pin
0     00083cb2  _GPIO_EnableUnbondedIOPullupsFor100Pin
0     00083cd7  _GPIO_EnableUnbondedIOPullups         
0     00083ced  _GPIO_ReadPin                         
0     00083d04  _GPIO_WritePin                        
0     00083d22  _GPIO_TogglePin                       
0     00083d33  _Init_FIFO                            
0     00083d63  _Encolar_FIFO                         
0     00083e61  _Desencolar_FIFO                      
0     00083f3a  _Config_CANA                          
0     00083f6c  _Config_CANB                          
0     00083f9e  _Transmitir_CANA                      
0     00083fb8  _Recibir_CANB                         
0     00083fb9  _Init_Buzones                         
0     00083fd0  C$$EXIT                               
0     00083fd0  _abort                                
0     00083fd2  _exit                                 
0     00083ff9  _SetDBGIER                            
0     00083ffc  __system_pre_init                     
0     00083ffe  __system_post_cinit                   
0     00084000  _free                                 
0     00084044  _minit                                
0     00084069  _malloc                               
0     000840c7  _realloc                              
0     00084179  _max_free                             
0     0008419b  _free_memory                          
0     000841b9  _chkheap                              
0     000841bb  _calloc                               
0     000841d2  _IntMasterEnable                      
0     000841da  _IntMasterDisable                     
0     000841e2  _IntRegister                          
0     000841f5  _IntUnregister                        
0     0008420a  _IntEnable                            
0     0008429d  _IntDisable                           
0     0008431d  _IntIFRClear                          
0     0008439c  _IPCRtoLFlagAcknowledge               
0     000843a4  _IPCRtoLFlagBusy                      
0     000843b3  _IPCLtoRFlagBusy                      
0     000843c2  _IPCLtoRFlagSet                       
0     000843ca  _IPCLtoRFlagClear                     
0     000843d2  _IPCGetBootStatus                     
0     000843d6  _IPCBootCPU2                          
0     00084502  _Transmitir_SCI                       
0     00084534  _Config_SCIA                          
0     00084590  _Config_SCIB                          
0     000845e8  _Config_SCIC                          
0     00084642  _Config_GPIO                          
0     00084717  _Consulta_Diccionario                 
0     0008472c  _Econtrar_Indice_Diccionario          
0     00084753  _datos_char_to_int                    
0     00084795  _InitCpuTimers                        
0     000847d6  _ConfigCpuTimer                       
0     00084811  _c_int00                              
0     00084867  _Init_HW                              
0     00084886  _Hablitar_ISR                         
0     000848a0  _InitPieCtrl                          
0     000848bf  _EnableInterrupts                     
0     000848c8  _InitPieVectTable                     
0     000848ee  _copy_in                              
0     00084912  _memcpy                               
0     00084930  _main                                 
0     00084949  __args_main                           
0     00084962  LL$$AND                               
0     0008496a  LL$$OR                                
0     00084972  LL$$XOR                               
0     0008497a  _IntDefaultHandler                    
0     00084989  __register_unlock                     
0     0008498d  __register_lock                       
0     00084991  __nop                                 
0     00086000  _RamfuncsLoadStart                    
0     0008603f  _RamfuncsLoadEnd                      
0     00090000  _PieVectTableInit                     
1     00000400  __stack                               
1     00000800  __STACK_END                           
1     00000b00  _AdcaResultRegs                       
1     00000b20  _AdcbResultRegs                       
1     00000b40  _AdccResultRegs                       
1     00000b60  _AdcdResultRegs                       
1     00000c00  _CpuTimer0Regs                        
1     00000c08  _CpuTimer1Regs                        
1     00000c10  _CpuTimer2Regs                        
1     00000ce0  _PieCtrlRegs                          
1     00000d00  _EmuKey                               
1     00000d00  _PieVectTable                         
1     00000d01  _EmuBMode                             
1     00001000  _DmaRegs                              
1     00001400  _Cla1Regs                             
1     00004000  _EPwm1Regs                            
1     00004100  _EPwm2Regs                            
1     00004200  _EPwm3Regs                            
1     00004300  _EPwm4Regs                            
1     00004400  _EPwm5Regs                            
1     00004500  _EPwm6Regs                            
1     00004600  _EPwm7Regs                            
1     00004700  _EPwm8Regs                            
1     00004800  _EPwm9Regs                            
1     00004900  _EPwm10Regs                           
1     00004a00  _EPwm11Regs                           
1     00004b00  _EPwm12Regs                           
1     00005000  _ECap1Regs                            
1     00005020  _ECap2Regs                            
1     00005040  _ECap3Regs                            
1     00005060  _ECap4Regs                            
1     00005080  _ECap5Regs                            
1     000050a0  _ECap6Regs                            
1     00005100  _EQep1Regs                            
1     00005140  _EQep2Regs                            
1     00005180  _EQep3Regs                            
1     00005c00  _DacaRegs                             
1     00005c10  _DacbRegs                             
1     00005c20  _DaccRegs                             
1     00005c80  _Cmpss1Regs                           
1     00005ca0  _Cmpss2Regs                           
1     00005cc0  _Cmpss3Regs                           
1     00005ce0  _Cmpss4Regs                           
1     00005d00  _Cmpss5Regs                           
1     00005d20  _Cmpss6Regs                           
1     00005d40  _Cmpss7Regs                           
1     00005d60  _Cmpss8Regs                           
1     00005e00  _Sdfm1Regs                            
1     00005e80  _Sdfm2Regs                            
1     00006000  _McbspaRegs                           
1     00006040  _McbspbRegs                           
1     00006100  _SpiaRegs                             
1     00006110  _SpibRegs                             
1     00006120  _SpicRegs                             
1     00006200  _UppRegs                              
1     00007000  _WdRegs                               
1     00007060  _NmiIntruptRegs                       
1     00007070  _XintRegs                             
1     00007200  _SciaRegs                             
1     00007210  _ScibRegs                             
1     00007220  _ScicRegs                             
1     00007230  _ScidRegs                             
1     00007300  _I2caRegs                             
1     00007340  _I2cbRegs                             
1     00007400  _AdcaRegs                             
1     00007480  _AdcbRegs                             
1     00007500  _AdccRegs                             
1     00007580  _AdcdRegs                             
1     00007900  _InputXbarRegs                        
1     00007920  _XbarRegs                             
1     00007940  _SyncSocRegs                          
1     00007980  _DmaClaSrcSelRegs                     
1     00007a00  _EPwmXbarRegs                         
1     00007a80  _OutputXbarRegs                       
1     00007c00  _GpioCtrlRegs                         
1     00007f00  _GpioDataRegs                         
1     0000a800  __sys_memory                          
1     0000ac04  _StatusCom                            
1     0000ac05  _OD_Index                             
1     0000ac06  _CurrentProcess                       
1     0000ac08  _StatusErrors                         
1     0000ac17  _Count5s                              
1     0000ac1b  _Count100ms                           
1     0000ac1c  _Count20ms                            
1     0000ac1d  _Count500ms                           
1     0000ac1e  _Count50ms                            
1     0000ac1f  _Count250ms                           
1     0000ac20  _Count2s                              
1     0000ac21  _Count200ms                           
1     0000ac22  _Count1ms                             
1     0000ac23  _Count1s                              
1     0000ac24  _Count10ms                            
1     0000ac25  _PowerSupply_LastObjectTx             
1     0000ac27  _FsmStatus                            
1     0000ac2a  _ulTimeOutCANRx                       
1     0000ac30  _rxPsMsgData                          
1     0000ac38  _rxAdcMsgData                         
1     0000ac40  _sMailboxOneCANOpenMsg                
1     0000ac4a  _sTX_CANOpenMsg                       
1     0000ac54  _sMailboxTwoCANOpenMsg                
1     0000ac5e  _AdcValuesSaved                       
1     0000ac6a  _PowerSupplyValues                    
1     0000ac80  _FIFO_CanRx                           
1     0000ac94  _FIFO_CanTx                           
1     0000aca8  _FIFO_PcTx                            
1     0000acc0  _FIFO_PcRx                            
1     0000acd4  _CpuTimer1                            
1     0000acdc  _CpuTimer2                            
1     0000ace4  _CpuTimer0                            
1     0000acf4  _tempSensor_tempOffset                
1     0000acf6  _tempSensor_scaleFactor               
1     0000acf8  _tempSensor_tempSlope                 
1     0000acfa  ___TI_enable_exit_profile_output      
1     0000acfc  ___TI_cleanup_ptr                     
1     0000acfe  ___TI_dtors_ptr                       
1     0000ad00  _D2                                   
1     0000ad40  _Diccionario_CanOpen                  
1     0000adbb  _BRR                                  
1     0000adbc  __lock                                
1     0000adbe  __unlock                              
1     0000adc0  _SCI                                  
1     0000adc4  _MCBSP                                
1     0000adc8  _I2C                                  
1     0000adcc  _SDFM                                 
1     0000add2  _EQEP                                 
1     0000adda  _SPI                                  
1     0000ade2  _ADC                                  
1     0000adec  _ECAP                                 
1     0000ae00  _EPWM                                 
1     0000ae1a  _TRIP_SEL                             
1     0000ae38  _SysTickFlag                          
1     0000ae39  _deviceOpen                           
1     0000ae40  _i                                    
1     0000ae42  _errorFlag                            
1     0000ae44  _rxMsgData                            
1     0000ae4c  _rxMsgData2                           
1     0000ae54  _txMsgData                            
1     0000ae5c  _sRXCANMessage                        
1     0000ae66  _sRXCANMessage2                       
1     0000ae80  _count1                               
1     0000ae81  _count2                               
1     0000ae82  _sdataC                               
1     0000ae8c  _sTXCANMessage                        
1     0003fc00  _g_asIPCCPU1toCPU2Buffers             
1     0003fc80  _g_usPutWriteIndexes                  
1     0003fc84  _g_usGetReadIndexes                   
1     00047000  _Emif1Regs                            
1     00047800  _Emif2Regs                            
1     00048000  _CanaRegs                             
1     0004a000  _CanbRegs                             
1     00050000  _IpcRegs                              
1     00050024  _FlashPumpSemaphoreRegs               
1     0005d000  _DevCfgRegs                           
1     0005d180  _AnalogSubsysRegs                     
1     0005d200  _ClkCfgRegs                           
1     0005d300  _CpuSysRegs                           
1     0005e608  _RomPrefetchRegs                      
1     0005f000  _DcsmZ1Regs                           
1     0005f040  _DcsmZ2Regs                           
1     0005f070  _DcsmCommonRegs                       
1     0005f400  _MemCfgRegs                           
1     0005f480  _Emif1ConfigRegs                      
1     0005f4a0  _Emif2ConfigRegs                      
1     0005f4c0  _AccessProtectionRegs                 
1     0005f500  _MemoryErrorRegs                      
1     0005f540  _RomWaitStateRegs                     
1     0005f800  _Flash0CtrlRegs                       
1     0005fb00  _Flash0EccRegs                        
1     00078000  _DcsmZ1Otp                            
1     00078200  _DcsmZ2Otp                            
abs   0000003f  _RamfuncsLoadSize                     
abs   0000003f  _RamfuncsRunSize                      
abs   00000400  __STACK_SIZE                          
abs   00000400  __SYSMEM_SIZE                         
abs   ffffffff  .text                                 
abs   ffffffff  ___TI_pprof_out_hndl                  
abs   ffffffff  ___TI_prof_data_size                  
abs   ffffffff  ___TI_prof_data_start                 
abs   ffffffff  ___binit__                            
abs   ffffffff  ___c_args__                           
abs   ffffffff  ___etext__                            
abs   ffffffff  ___pinit__                            
abs   ffffffff  ___text__                             
abs   ffffffff  binit                                 
abs   ffffffff  etext                                 
abs   ffffffff  pinit                                 

[483 symbols]
