******************************************************************************
             TMS320C2000 Linker PC v18.1.3                     
******************************************************************************
>> Linked Fri Nov 23 14:57:03 2018

OUTPUT FILE NAME:   <COM_cpu01.out>
ENTRY POINT SYMBOL: "_c_int00"  address: 00084647


MEMORY CONFIGURATION

         name            origin    length      used     unused   attr    fill
----------------------  --------  ---------  --------  --------  ----  --------
PAGE 0:
  RAMM0                 00000122   000002de  00000000  000002de  RWIX
  RAMLS0                00008000   00000800  0000003f  000007c1  RWIX
  RAMLS1                00008800   00000800  00000000  00000800  RWIX
  RAMLS2                00009000   00000800  00000000  00000800  RWIX
  RAMLS3                00009800   00000800  00000000  00000800  RWIX
  RAMLS4                0000a000   00000800  00000000  00000800  RWIX
  RAMD0                 0000b000   00000800  00000000  00000800  RWIX
  RAMGS14               0001a000   00001000  00000000  00001000  RWIX
  RAMGS15               0001b000   00001000  00000000  00001000  RWIX
  BEGIN                 00080000   00000002  00000002  00000000  RWIX
  FLASHA                00080002   00001ffe  00000000  00001ffe  RWIX
  FLASHB                00082000   00002000  00001ffd  00000003  RWIX
  FLASHC                00084000   00002000  000007fe  00001802  RWIX
  FLASHD                00086000   00002000  0000003f  00001fc1  RWIX
  FLASHE                00088000   00008000  00000000  00008000  RWIX
  FLASHF                00090000   00008000  000001c9  00007e37  RWIX
  FLASHG                00098000   00008000  00000000  00008000  RWIX
  FLASHH                000a0000   00008000  00000000  00008000  RWIX
  FLASHI                000a8000   00008000  00000000  00008000  RWIX
  FLASHJ                000b0000   00008000  00000000  00008000  RWIX
  FLASHK                000b8000   00002000  00000000  00002000  RWIX
  FLASHL                000ba000   00002000  00000000  00002000  RWIX
  FLASHM                000bc000   00002000  00000000  00002000  RWIX
  FLASHN                000be000   00002000  00000000  00002000  RWIX
  RESET                 003fffc0   00000002  00000000  00000002  RWIX

PAGE 1:
  BOOT_RSVD             00000002   00000120  00000000  00000120  RWIX
  RAMM1                 00000400   00000400  00000400  00000000  RWIX
  ADCA_RESULT           00000b00   00000020  00000018  00000008  RWIX
  ADCB_RESULT           00000b20   00000020  00000018  00000008  RWIX
  ADCC_RESULT           00000b40   00000020  00000018  00000008  RWIX
  ADCD_RESULT           00000b60   00000020  00000018  00000008  RWIX
  CPU_TIMER0            00000c00   00000008  00000008  00000000  RWIX
  CPU_TIMER1            00000c08   00000008  00000008  00000000  RWIX
  CPU_TIMER2            00000c10   00000008  00000008  00000000  RWIX
  PIE_CTRL              00000ce0   00000020  0000001a  00000006  RWIX
  PIE_VECT              00000d00   00000200  000001c0  00000040  RWIX
  DMA                   00001000   00000200  000000e0  00000120  RWIX
  CLA1                  00001400   00000040  0000003e  00000002  RWIX
  EPWM1                 00004000   00000100  00000100  00000000  RWIX
  EPWM2                 00004100   00000100  00000100  00000000  RWIX
  EPWM3                 00004200   00000100  00000100  00000000  RWIX
  EPWM4                 00004300   00000100  00000100  00000000  RWIX
  EPWM5                 00004400   00000100  00000100  00000000  RWIX
  EPWM6                 00004500   00000100  00000100  00000000  RWIX
  EPWM7                 00004600   00000100  00000100  00000000  RWIX
  EPWM8                 00004700   00000100  00000100  00000000  RWIX
  EPWM9                 00004800   00000100  00000100  00000000  RWIX
  EPWM10                00004900   00000100  00000100  00000000  RWIX
  EPWM11                00004a00   00000100  00000100  00000000  RWIX
  EPWM12                00004b00   00000100  00000100  00000000  RWIX
  ECAP1                 00005000   00000020  00000020  00000000  RWIX
  ECAP2                 00005020   00000020  00000020  00000000  RWIX
  ECAP3                 00005040   00000020  00000020  00000000  RWIX
  ECAP4                 00005060   00000020  00000020  00000000  RWIX
  ECAP5                 00005080   00000020  00000020  00000000  RWIX
  ECAP6                 000050a0   00000020  00000020  00000000  RWIX
  EQEP1                 00005100   00000040  00000022  0000001e  RWIX
  EQEP2                 00005140   00000040  00000022  0000001e  RWIX
  EQEP3                 00005180   00000040  00000022  0000001e  RWIX
  DACA                  00005c00   00000010  00000008  00000008  RWIX
  DACB                  00005c10   00000010  00000008  00000008  RWIX
  DACC                  00005c20   00000010  00000008  00000008  RWIX
  CMPSS1                00005c80   00000020  00000020  00000000  RWIX
  CMPSS2                00005ca0   00000020  00000020  00000000  RWIX
  CMPSS3                00005cc0   00000020  00000020  00000000  RWIX
  CMPSS4                00005ce0   00000020  00000020  00000000  RWIX
  CMPSS5                00005d00   00000020  00000020  00000000  RWIX
  CMPSS6                00005d20   00000020  00000020  00000000  RWIX
  CMPSS7                00005d40   00000020  00000020  00000000  RWIX
  CMPSS8                00005d60   00000020  00000020  00000000  RWIX
  SDFM1                 00005e00   00000080  00000080  00000000  RWIX
  SDFM2                 00005e80   00000080  00000080  00000000  RWIX
  MCBSPA                00006000   00000040  00000024  0000001c  RWIX
  MCBSPB                00006040   00000040  00000024  0000001c  RWIX
  SPIA                  00006100   00000010  00000010  00000000  RWIX
  SPIB                  00006110   00000010  00000010  00000000  RWIX
  SPIC                  00006120   00000010  00000010  00000000  RWIX
  SPID                  00006130   00000010  00000000  00000010  RWIX
  UPP                   00006200   00000100  00000048  000000b8  RWIX
  WD                    00007000   00000040  0000002b  00000015  RWIX
  NMIINTRUPT            00007060   00000010  00000007  00000009  RWIX
  XINT                  00007070   00000010  0000000b  00000005  RWIX
  SCIA                  00007200   00000010  00000010  00000000  RWIX
  SCIB                  00007210   00000010  00000010  00000000  RWIX
  SCIC                  00007220   00000010  00000010  00000000  RWIX
  SCID                  00007230   00000010  00000010  00000000  RWIX
  I2CA                  00007300   00000040  00000022  0000001e  RWIX
  I2CB                  00007340   00000040  00000022  0000001e  RWIX
  ADCA                  00007400   00000080  00000080  00000000  RWIX
  ADCB                  00007480   00000080  00000080  00000000  RWIX
  ADCC                  00007500   00000080  00000080  00000000  RWIX
  ADCD                  00007580   00000080  00000080  00000000  RWIX
  INPUT_XBAR            00007900   00000020  00000020  00000000  RWIX
  XBAR                  00007920   00000020  00000020  00000000  RWIX
  SYNC_SOC              00007940   00000010  00000006  0000000a  RWIX
  DMACLASRCSEL          00007980   00000040  0000001a  00000026  RWIX
  EPWM_XBAR             00007a00   00000040  00000040  00000000  RWIX
  CLB_XBAR              00007a40   00000040  00000000  00000040  RWIX
  OUTPUT_XBAR           00007a80   00000040  00000040  00000000  RWIX
  GPIOCTRL              00007c00   00000180  00000180  00000000  RWIX
  GPIODAT               00007f00   00000030  00000030  00000000  RWIX
  RAMLS5                0000a800   00000800  00000680  00000180  RWIX
  RAMD1                 0000b800   00000800  00000000  00000800  RWIX
  RAMGS0                0000c000   00001000  00000000  00001000  RWIX
  RAMGS1                0000d000   00001000  00000000  00001000  RWIX
  RAMGS2                0000e000   00001000  00000000  00001000  RWIX
  RAMGS3                0000f000   00001000  00000000  00001000  RWIX
  RAMGS4                00010000   00001000  00000000  00001000  RWIX
  RAMGS5                00011000   00001000  00000000  00001000  RWIX
  RAMGS6                00012000   00001000  00000000  00001000  RWIX
  RAMGS7                00013000   00001000  00000000  00001000  RWIX
  RAMGS8                00014000   00001000  00000000  00001000  RWIX
  RAMGS9                00015000   00001000  00000000  00001000  RWIX
  RAMGS10               00016000   00001000  00000000  00001000  RWIX
  RAMGS11               00017000   00001000  00000000  00001000  RWIX
  RAMGS12               00018000   00001000  00000000  00001000  RWIX
  RAMGS13               00019000   00001000  00000000  00001000  RWIX
  CPU2TOCPU1RAM         0003f800   00000400  00000000  00000400  RWIX
  CPU1TOCPU2RAM         0003fc00   00000400  00000088  00000378  RWIX
  EMIF1                 00047000   00000800  00000070  00000790  RWIX
  EMIF2                 00047800   00000800  00000070  00000790  RWIX
  CANA                  00048000   00000800  000000a4  0000075c  RWIX
  CANB                  0004a000   00000800  000000a4  0000075c  RWIX
  IPC                   00050000   00000024  00000024  00000000  RWIX
  FLASHPUMPSEMAPHORE    00050024   00000002  00000002  00000000  RWIX
  DEV_CFG               0005d000   00000180  0000012e  00000052  RWIX
  ANALOG_SUBSYS         0005d180   00000080  00000048  00000038  RWIX
  CLK_CFG               0005d200   00000100  00000032  000000ce  RWIX
  CPU_SYS               0005d300   00000100  00000082  0000007e  RWIX
  ROMPREFETCH           0005e608   00000002  00000002  00000000  RWIX
  DCSM_Z1               0005f000   00000030  00000024  0000000c  RWIX
  DCSM_Z2               0005f040   00000030  00000024  0000000c  RWIX
  DCSM_COMMON           0005f070   00000010  00000008  00000008  RWIX
  MEMCFG                0005f400   00000080  00000080  00000000  RWIX
  EMIF1CONFIG           0005f480   00000020  00000020  00000000  RWIX
  EMIF2CONFIG           0005f4a0   00000020  00000020  00000000  RWIX
  ACCESSPROTECTION      0005f4c0   00000040  00000040  00000000  RWIX
  MEMORYERROR           0005f500   00000040  00000040  00000000  RWIX
  ROMWAITSTATE          0005f540   00000002  00000002  00000000  RWIX
  FLASH0_CTRL           0005f800   00000300  00000182  0000017e  RWIX
  FLASH0_ECC            0005fb00   00000040  00000028  00000018  RWIX
  DCSM_Z1_OTP           00078000   00000020  00000020  00000000  RWIX
  DCSM_Z2_OTP           00078200   00000020  00000020  00000000  RWIX


SECTION ALLOCATION MAP

 output                                  attributes/
section   page    origin      length       input sections
--------  ----  ----------  ----------   ----------------
.cinit     0    00082000    000001cd     
                  00082000    00000098     ComModule.obj (.cinit)
                  00082098    00000090     F2837xD_struct.obj (.cinit)
                  00082128    0000007e     Diccionario_CANOpen.obj (.cinit)
                  000821a6    0000000e     rts2800_fpu32.lib : exit.obj (.cinit)
                  000821b4    00000005     Config_CAN.obj (.cinit)
                  000821b9    00000005     rts2800_fpu32.lib : _lock.obj (.cinit:__lock)
                  000821be    00000005                       : _lock.obj (.cinit:__unlock)
                  000821c3    00000004     F2837xD_sci_io.obj (.cinit)
                  000821c7    00000004     rts2800_fpu32.lib : memory.obj (.cinit)
                  000821cb    00000002     --HOLE-- [fill = 0]

.pinit     0    00082000    00000000     UNINITIALIZED

codestart 
*          0    00080000    00000002     
                  00080000    00000002     F2837xD_CodeStartBranch.obj (codestart)

.stack     1    00000400    00000400     UNINITIALIZED
                  00000400    00000400     --HOLE--

.esysmem   1    0000a800    00000400     UNINITIALIZED
                  0000a800    00000001     rts2800_fpu32.lib : memory.obj (.esysmem)
                  0000a801    000003ff     --HOLE--

.reset     0    003fffc0    00000002     DSECT
                  003fffc0    00000002     rts2800_fpu32.lib : boot28.obj (.reset)

.TI.ramfunc 
*          0    00086000    0000003f     RUN ADDR = 00008000
                  00086000    00000037     F2837xD_SysCtrl.obj (.TI.ramfunc)
                  00086037    00000004     F2837xD_usDelay.obj (.TI.ramfunc)
                  0008603b    00000004     sysctl.obj (.TI.ramfunc)

.econst    0    00090000    000001c9     
                  00090000    000001c0     F2837xD_PieVect.obj (.econst:_PieVectTableInit)
                  000901c0    00000009     can.obj (.econst:_g_ui16CANBitValues)

AdcaResultFile 
*          1    00000b00    00000018     UNINITIALIZED
                  00000b00    00000018     F2837xD_GlobalVariableDefs.obj (AdcaResultFile)

AdcbResultFile 
*          1    00000b20    00000018     UNINITIALIZED
                  00000b20    00000018     F2837xD_GlobalVariableDefs.obj (AdcbResultFile)

AdccResultFile 
*          1    00000b40    00000018     UNINITIALIZED
                  00000b40    00000018     F2837xD_GlobalVariableDefs.obj (AdccResultFile)

AdcdResultFile 
*          1    00000b60    00000018     UNINITIALIZED
                  00000b60    00000018     F2837xD_GlobalVariableDefs.obj (AdcdResultFile)

CpuTimer0RegsFile 
*          1    00000c00    00000008     UNINITIALIZED
                  00000c00    00000008     F2837xD_GlobalVariableDefs.obj (CpuTimer0RegsFile)

CpuTimer1RegsFile 
*          1    00000c08    00000008     UNINITIALIZED
                  00000c08    00000008     F2837xD_GlobalVariableDefs.obj (CpuTimer1RegsFile)

CpuTimer2RegsFile 
*          1    00000c10    00000008     UNINITIALIZED
                  00000c10    00000008     F2837xD_GlobalVariableDefs.obj (CpuTimer2RegsFile)

PieCtrlRegsFile 
*          1    00000ce0    0000001a     UNINITIALIZED
                  00000ce0    0000001a     F2837xD_GlobalVariableDefs.obj (PieCtrlRegsFile)

DmaRegsFile 
*          1    00001000    000000e0     UNINITIALIZED
                  00001000    000000e0     F2837xD_GlobalVariableDefs.obj (DmaRegsFile)

Cla1RegsFile 
*          1    00001400    0000003e     UNINITIALIZED
                  00001400    0000003e     F2837xD_GlobalVariableDefs.obj (Cla1RegsFile)

EPwm1RegsFile 
*          1    00004000    00000100     UNINITIALIZED
                  00004000    00000100     F2837xD_GlobalVariableDefs.obj (EPwm1RegsFile)

EPwm2RegsFile 
*          1    00004100    00000100     UNINITIALIZED
                  00004100    00000100     F2837xD_GlobalVariableDefs.obj (EPwm2RegsFile)

EPwm3RegsFile 
*          1    00004200    00000100     UNINITIALIZED
                  00004200    00000100     F2837xD_GlobalVariableDefs.obj (EPwm3RegsFile)

EPwm4RegsFile 
*          1    00004300    00000100     UNINITIALIZED
                  00004300    00000100     F2837xD_GlobalVariableDefs.obj (EPwm4RegsFile)

EPwm5RegsFile 
*          1    00004400    00000100     UNINITIALIZED
                  00004400    00000100     F2837xD_GlobalVariableDefs.obj (EPwm5RegsFile)

EPwm6RegsFile 
*          1    00004500    00000100     UNINITIALIZED
                  00004500    00000100     F2837xD_GlobalVariableDefs.obj (EPwm6RegsFile)

EPwm7RegsFile 
*          1    00004600    00000100     UNINITIALIZED
                  00004600    00000100     F2837xD_GlobalVariableDefs.obj (EPwm7RegsFile)

EPwm8RegsFile 
*          1    00004700    00000100     UNINITIALIZED
                  00004700    00000100     F2837xD_GlobalVariableDefs.obj (EPwm8RegsFile)

EPwm9RegsFile 
*          1    00004800    00000100     UNINITIALIZED
                  00004800    00000100     F2837xD_GlobalVariableDefs.obj (EPwm9RegsFile)

EPwm10RegsFile 
*          1    00004900    00000100     UNINITIALIZED
                  00004900    00000100     F2837xD_GlobalVariableDefs.obj (EPwm10RegsFile)

EPwm11RegsFile 
*          1    00004a00    00000100     UNINITIALIZED
                  00004a00    00000100     F2837xD_GlobalVariableDefs.obj (EPwm11RegsFile)

EPwm12RegsFile 
*          1    00004b00    00000100     UNINITIALIZED
                  00004b00    00000100     F2837xD_GlobalVariableDefs.obj (EPwm12RegsFile)

ECap1RegsFile 
*          1    00005000    00000020     UNINITIALIZED
                  00005000    00000020     F2837xD_GlobalVariableDefs.obj (ECap1RegsFile)

ECap2RegsFile 
*          1    00005020    00000020     UNINITIALIZED
                  00005020    00000020     F2837xD_GlobalVariableDefs.obj (ECap2RegsFile)

ECap3RegsFile 
*          1    00005040    00000020     UNINITIALIZED
                  00005040    00000020     F2837xD_GlobalVariableDefs.obj (ECap3RegsFile)

ECap4RegsFile 
*          1    00005060    00000020     UNINITIALIZED
                  00005060    00000020     F2837xD_GlobalVariableDefs.obj (ECap4RegsFile)

ECap5RegsFile 
*          1    00005080    00000020     UNINITIALIZED
                  00005080    00000020     F2837xD_GlobalVariableDefs.obj (ECap5RegsFile)

ECap6RegsFile 
*          1    000050a0    00000020     UNINITIALIZED
                  000050a0    00000020     F2837xD_GlobalVariableDefs.obj (ECap6RegsFile)

EQep1RegsFile 
*          1    00005100    00000022     UNINITIALIZED
                  00005100    00000022     F2837xD_GlobalVariableDefs.obj (EQep1RegsFile)

EQep2RegsFile 
*          1    00005140    00000022     UNINITIALIZED
                  00005140    00000022     F2837xD_GlobalVariableDefs.obj (EQep2RegsFile)

EQep3RegsFile 
*          1    00005180    00000022     UNINITIALIZED
                  00005180    00000022     F2837xD_GlobalVariableDefs.obj (EQep3RegsFile)

DacaRegsFile 
*          1    00005c00    00000008     UNINITIALIZED
                  00005c00    00000008     F2837xD_GlobalVariableDefs.obj (DacaRegsFile)

DacbRegsFile 
*          1    00005c10    00000008     UNINITIALIZED
                  00005c10    00000008     F2837xD_GlobalVariableDefs.obj (DacbRegsFile)

DaccRegsFile 
*          1    00005c20    00000008     UNINITIALIZED
                  00005c20    00000008     F2837xD_GlobalVariableDefs.obj (DaccRegsFile)

Sdfm1RegsFile 
*          1    00005e00    00000080     UNINITIALIZED
                  00005e00    00000080     F2837xD_GlobalVariableDefs.obj (Sdfm1RegsFile)

Sdfm2RegsFile 
*          1    00005e80    00000080     UNINITIALIZED
                  00005e80    00000080     F2837xD_GlobalVariableDefs.obj (Sdfm2RegsFile)

McbspaRegsFile 
*          1    00006000    00000024     UNINITIALIZED
                  00006000    00000024     F2837xD_GlobalVariableDefs.obj (McbspaRegsFile)

McbspbRegsFile 
*          1    00006040    00000024     UNINITIALIZED
                  00006040    00000024     F2837xD_GlobalVariableDefs.obj (McbspbRegsFile)

SpiaRegsFile 
*          1    00006100    00000010     UNINITIALIZED
                  00006100    00000010     F2837xD_GlobalVariableDefs.obj (SpiaRegsFile)

SpibRegsFile 
*          1    00006110    00000010     UNINITIALIZED
                  00006110    00000010     F2837xD_GlobalVariableDefs.obj (SpibRegsFile)

SpicRegsFile 
*          1    00006120    00000010     UNINITIALIZED
                  00006120    00000010     F2837xD_GlobalVariableDefs.obj (SpicRegsFile)

UppRegsFile 
*          1    00006200    00000048     UNINITIALIZED
                  00006200    00000048     F2837xD_GlobalVariableDefs.obj (UppRegsFile)

WdRegsFile 
*          1    00007000    0000002b     UNINITIALIZED
                  00007000    0000002b     F2837xD_GlobalVariableDefs.obj (WdRegsFile)

NmiIntruptRegsFile 
*          1    00007060    00000007     UNINITIALIZED
                  00007060    00000007     F2837xD_GlobalVariableDefs.obj (NmiIntruptRegsFile)

XintRegsFile 
*          1    00007070    0000000b     UNINITIALIZED
                  00007070    0000000b     F2837xD_GlobalVariableDefs.obj (XintRegsFile)

SciaRegsFile 
*          1    00007200    00000010     UNINITIALIZED
                  00007200    00000010     F2837xD_GlobalVariableDefs.obj (SciaRegsFile)

ScibRegsFile 
*          1    00007210    00000010     UNINITIALIZED
                  00007210    00000010     F2837xD_GlobalVariableDefs.obj (ScibRegsFile)

ScicRegsFile 
*          1    00007220    00000010     UNINITIALIZED
                  00007220    00000010     F2837xD_GlobalVariableDefs.obj (ScicRegsFile)

ScidRegsFile 
*          1    00007230    00000010     UNINITIALIZED
                  00007230    00000010     F2837xD_GlobalVariableDefs.obj (ScidRegsFile)

I2caRegsFile 
*          1    00007300    00000022     UNINITIALIZED
                  00007300    00000022     F2837xD_GlobalVariableDefs.obj (I2caRegsFile)

I2cbRegsFile 
*          1    00007340    00000022     UNINITIALIZED
                  00007340    00000022     F2837xD_GlobalVariableDefs.obj (I2cbRegsFile)

InputXbarRegsFile 
*          1    00007900    00000020     UNINITIALIZED
                  00007900    00000020     F2837xD_GlobalVariableDefs.obj (InputXbarRegsFile)

XbarRegsFile 
*          1    00007920    00000020     UNINITIALIZED
                  00007920    00000020     F2837xD_GlobalVariableDefs.obj (XbarRegsFile)

SyncSocRegsFile 
*          1    00007940    00000006     UNINITIALIZED
                  00007940    00000006     F2837xD_GlobalVariableDefs.obj (SyncSocRegsFile)

DmaClaSrcSelRegsFile 
*          1    00007980    0000001a     UNINITIALIZED
                  00007980    0000001a     F2837xD_GlobalVariableDefs.obj (DmaClaSrcSelRegsFile)

EPwmXbarRegsFile 
*          1    00007a00    00000040     UNINITIALIZED
                  00007a00    00000040     F2837xD_GlobalVariableDefs.obj (EPwmXbarRegsFile)

OutputXbarRegsFile 
*          1    00007a80    00000040     UNINITIALIZED
                  00007a80    00000040     F2837xD_GlobalVariableDefs.obj (OutputXbarRegsFile)

GpioCtrlRegsFile 
*          1    00007c00    00000180     UNINITIALIZED
                  00007c00    00000180     F2837xD_GlobalVariableDefs.obj (GpioCtrlRegsFile)

GpioDataRegsFile 
*          1    00007f00    00000030     UNINITIALIZED
                  00007f00    00000030     F2837xD_GlobalVariableDefs.obj (GpioDataRegsFile)

PUTBUFFER 
*          1    0003fc00    00000080     UNINITIALIZED
                  0003fc00    00000080     F2837xD_Ipc_Driver.obj (PUTBUFFER)

PUTWRITEIDX 
*          1    0003fc80    00000004     UNINITIALIZED
                  0003fc80    00000004     F2837xD_Ipc_Driver.obj (PUTWRITEIDX)

GETREADIDX 
*          1    0003fc84    00000004     UNINITIALIZED
                  0003fc84    00000004     F2837xD_Ipc_Driver.obj (GETREADIDX)

GETBUFFER 
*          0    0003f800    00000080     DSECT
                  0003f800    00000080     F2837xD_Ipc_Driver.obj (GETBUFFER)

GETWRITEIDX 
*          0    0003f880    00000004     DSECT
                  0003f880    00000004     F2837xD_Ipc_Driver.obj (GETWRITEIDX)

PUTREADIDX 
*          0    0003f884    00000004     DSECT
                  0003f884    00000004     F2837xD_Ipc_Driver.obj (PUTREADIDX)

PieVectTableFile 
*          1    00000d00    000001c0     UNINITIALIZED
                  00000d00    000001c0     F2837xD_GlobalVariableDefs.obj (PieVectTableFile)

EmuKeyVar 
*          1    00000d00    00000001     UNINITIALIZED
                  00000d00    00000001     F2837xD_GlobalVariableDefs.obj (EmuKeyVar)

EmuBModeVar 
*          1    00000d01    00000001     UNINITIALIZED
                  00000d01    00000001     F2837xD_GlobalVariableDefs.obj (EmuBModeVar)

FlashCallbackVar 
*          1    00000d02    00000000     UNINITIALIZED

FlashScalingVar 
*          1    00000d02    00000000     UNINITIALIZED

AdcaRegsFile 
*          1    00007400    00000080     UNINITIALIZED
                  00007400    00000080     F2837xD_GlobalVariableDefs.obj (AdcaRegsFile)

AdcbRegsFile 
*          1    00007480    00000080     UNINITIALIZED
                  00007480    00000080     F2837xD_GlobalVariableDefs.obj (AdcbRegsFile)

AdccRegsFile 
*          1    00007500    00000080     UNINITIALIZED
                  00007500    00000080     F2837xD_GlobalVariableDefs.obj (AdccRegsFile)

AdcdRegsFile 
*          1    00007580    00000080     UNINITIALIZED
                  00007580    00000080     F2837xD_GlobalVariableDefs.obj (AdcdRegsFile)

CanaRegsFile 
*          1    00048000    000000a4     UNINITIALIZED
                  00048000    000000a4     F2837xD_GlobalVariableDefs.obj (CanaRegsFile)

CanbRegsFile 
*          1    0004a000    000000a4     UNINITIALIZED
                  0004a000    000000a4     F2837xD_GlobalVariableDefs.obj (CanbRegsFile)

AnalogSubsysRegsFile 
*          1    0005d180    00000048     UNINITIALIZED
                  0005d180    00000048     F2837xD_GlobalVariableDefs.obj (AnalogSubsysRegsFile)

Cla1SoftIntRegsFile 
*          1    00000ce0    00000004     DSECT
                  00000ce0    00000004     F2837xD_GlobalVariableDefs.obj (Cla1SoftIntRegsFile)

Cmpss1RegsFile 
*          1    00005c80    00000020     UNINITIALIZED
                  00005c80    00000020     F2837xD_GlobalVariableDefs.obj (Cmpss1RegsFile)

Cmpss2RegsFile 
*          1    00005ca0    00000020     UNINITIALIZED
                  00005ca0    00000020     F2837xD_GlobalVariableDefs.obj (Cmpss2RegsFile)

Cmpss3RegsFile 
*          1    00005cc0    00000020     UNINITIALIZED
                  00005cc0    00000020     F2837xD_GlobalVariableDefs.obj (Cmpss3RegsFile)

Cmpss4RegsFile 
*          1    00005ce0    00000020     UNINITIALIZED
                  00005ce0    00000020     F2837xD_GlobalVariableDefs.obj (Cmpss4RegsFile)

Cmpss5RegsFile 
*          1    00005d00    00000020     UNINITIALIZED
                  00005d00    00000020     F2837xD_GlobalVariableDefs.obj (Cmpss5RegsFile)

Cmpss6RegsFile 
*          1    00005d20    00000020     UNINITIALIZED
                  00005d20    00000020     F2837xD_GlobalVariableDefs.obj (Cmpss6RegsFile)

Cmpss7RegsFile 
*          1    00005d40    00000020     UNINITIALIZED
                  00005d40    00000020     F2837xD_GlobalVariableDefs.obj (Cmpss7RegsFile)

Cmpss8RegsFile 
*          1    00005d60    00000020     UNINITIALIZED
                  00005d60    00000020     F2837xD_GlobalVariableDefs.obj (Cmpss8RegsFile)

Emif1RegsFile 
*          1    00047000    00000070     UNINITIALIZED
                  00047000    00000070     F2837xD_GlobalVariableDefs.obj (Emif1RegsFile)

Emif2RegsFile 
*          1    00047800    00000070     UNINITIALIZED
                  00047800    00000070     F2837xD_GlobalVariableDefs.obj (Emif2RegsFile)

IpcRegsFile 
*          1    00050000    00000024     UNINITIALIZED
                  00050000    00000024     F2837xD_GlobalVariableDefs.obj (IpcRegsFile)

FlashPumpSemaphoreRegsFile 
*          1    00050024    00000002     UNINITIALIZED
                  00050024    00000002     F2837xD_GlobalVariableDefs.obj (FlashPumpSemaphoreRegsFile)

RomPrefetchRegsFile 
*          1    0005e608    00000002     UNINITIALIZED
                  0005e608    00000002     F2837xD_GlobalVariableDefs.obj (RomPrefetchRegsFile)

DcsmZ1RegsFile 
*          1    0005f000    00000024     UNINITIALIZED
                  0005f000    00000024     F2837xD_GlobalVariableDefs.obj (DcsmZ1RegsFile)

DcsmZ2RegsFile 
*          1    0005f040    00000024     UNINITIALIZED
                  0005f040    00000024     F2837xD_GlobalVariableDefs.obj (DcsmZ2RegsFile)

DcsmCommonRegsFile 
*          1    0005f070    00000008     UNINITIALIZED
                  0005f070    00000008     F2837xD_GlobalVariableDefs.obj (DcsmCommonRegsFile)

MemCfgRegsFile 
*          1    0005f400    00000080     UNINITIALIZED
                  0005f400    00000080     F2837xD_GlobalVariableDefs.obj (MemCfgRegsFile)

Emif1ConfigRegsFile 
*          1    0005f480    00000020     UNINITIALIZED
                  0005f480    00000020     F2837xD_GlobalVariableDefs.obj (Emif1ConfigRegsFile)

Emif2ConfigRegsFile 
*          1    0005f4a0    00000020     UNINITIALIZED
                  0005f4a0    00000020     F2837xD_GlobalVariableDefs.obj (Emif2ConfigRegsFile)

AccessProtectionRegsFile 
*          1    0005f4c0    00000040     UNINITIALIZED
                  0005f4c0    00000040     F2837xD_GlobalVariableDefs.obj (AccessProtectionRegsFile)

MemoryErrorRegsFile 
*          1    0005f500    00000040     UNINITIALIZED
                  0005f500    00000040     F2837xD_GlobalVariableDefs.obj (MemoryErrorRegsFile)

RomWaitStateRegsFile 
*          1    0005f540    00000002     UNINITIALIZED
                  0005f540    00000002     F2837xD_GlobalVariableDefs.obj (RomWaitStateRegsFile)

Flash0CtrlRegsFile 
*          1    0005f800    00000182     UNINITIALIZED
                  0005f800    00000182     F2837xD_GlobalVariableDefs.obj (Flash0CtrlRegsFile)

Flash0EccRegsFile 
*          1    0005fb00    00000028     UNINITIALIZED
                  0005fb00    00000028     F2837xD_GlobalVariableDefs.obj (Flash0EccRegsFile)

DcsmZ1OtpFile 
*          1    00078000    00000020     NOLOAD SECTION
                  00078000    00000020     F2837xD_GlobalVariableDefs.obj (DcsmZ1OtpFile)

DcsmZ2OtpFile 
*          1    00078200    00000020     NOLOAD SECTION
                  00078200    00000020     F2837xD_GlobalVariableDefs.obj (DcsmZ2OtpFile)

DevCfgRegsFile 
*          1    0005d000    0000012e     UNINITIALIZED
                  0005d000    0000012e     F2837xD_GlobalVariableDefs.obj (DevCfgRegsFile)

ClkCfgRegsFile 
*          1    0005d200    00000032     UNINITIALIZED
                  0005d200    00000032     F2837xD_GlobalVariableDefs.obj (ClkCfgRegsFile)

CpuSysRegsFile 
*          1    0005d300    00000082     UNINITIALIZED
                  0005d300    00000082     F2837xD_GlobalVariableDefs.obj (CpuSysRegsFile)

.text.1    0    000821d0    00001e30     
                  000821d0    00000897     ComModule.obj (.text)
                  00082a67    0000064b     F2837xD_DefaultISR.obj (.text:retain)
                  000830b2    00000522     can.obj (.text)
                  000835d4    00000354     F2837xD_SysCtrl.obj (.text)
                  00083928    00000255     F2837xD_Gpio.obj (.text)
                  00083b7d    00000207     FIFO.obj (.text)
                  00083d84    000001d2     rts2800_fpu32.lib : memory.obj (.text)
                  00083f56    00000096     Config_CAN.obj (.text)
                  00083fec    0000000f     interrupt.obj (.text:retain)
                  00083ffb    00000003     F2837xD_DBGIER.obj (.text)
                  00083ffe    00000002     rts2800_fpu32.lib : pre_init.obj (.text)

.text.2    0    00084000    000007fe     
                  00084000    000001ca     interrupt.obj (.text)
                  000841ca    00000166     F2837xD_Ipc_Driver_Util.obj (.text)
                  00084330    0000013e     Config_SCI.obj (.text)
                  0008446e    000000df     Config_GPIO.obj (.text)
                  0008454d    0000007e     Diccionario_CANOpen.obj (.text)
                  000845cb    0000007c     F2837xD_CpuTimers.obj (.text)
                  00084647    00000056     rts2800_fpu32.lib : boot28.obj (.text)
                  0008469d    00000039     Init_HW.obj (.text)
                  000846d6    00000034     main_cpu1.obj (.text)
                  0008470a    00000029     rts2800_fpu32.lib : exit.obj (.text)
                  00084733    00000028     F2837xD_PieCtrl.obj (.text)
                  0008475b    00000026     F2837xD_PieVect.obj (.text)
                  00084781    00000024     rts2800_fpu32.lib : cpy_tbl.obj (.text)
                  000847a5    0000001e                       : memcpy.obj (.text)
                  000847c3    00000019                       : args_main.obj (.text)
                  000847dc    00000018                       : ll_aox28.obj (.text)
                  000847f4    00000009                       : _lock.obj (.text)
                  000847fd    00000001                       : startup.obj (.text)

.ebss.1    1    0000ac00    0000023a     UNINITIALIZED
                  0000ac00    000000d4     ComModule.obj (.ebss)
                  0000acd4    00000018     F2837xD_CpuTimers.obj (.ebss)
                  0000acec    00000008     rts2800_fpu32.lib : memory.obj (.ebss)
                  0000acf4    00000006     F2837xD_TempSensorConv.obj (.ebss)
                  0000acfa    00000006     rts2800_fpu32.lib : exit.obj (.ebss)
                  0000ad00    000000bb     Diccionario_CANOpen.obj (.ebss)
                  0000adbb    00000001     Config_SCI.obj (.ebss)
                  0000adbc    00000002     rts2800_fpu32.lib : _lock.obj (.ebss:__lock)
                  0000adbe    00000002                       : _lock.obj (.ebss:__unlock)
                  0000adc0    00000078     F2837xD_struct.obj (.ebss)
                  0000ae38    00000001     F2837xD_DefaultISR.obj (.ebss)
                  0000ae39    00000001     F2837xD_sci_io.obj (.ebss)

.ebss.2    1    0000ae40    00000030     UNINITIALIZED
                  0000ae40    00000030     Config_CAN.obj (.ebss)

.ebss.3    1    0000ae80    00000016     UNINITIALIZED
                  0000ae80    00000016     main_cpu1.obj (.ebss)

MODULE SUMMARY

       Module                           code   initialized data   uninitialized data
       ------                           ----   ----------------   ------------------
    .\
       main_cpu1.obj                    52     0                  22                
    +--+--------------------------------+------+------------------+--------------------+
       Total:                           52     0                  22                
                                                                                    
    .\App\
       ComModule.obj                    2199   152                212               
       Diccionario_CANOpen.obj          126    126                187               
    +--+--------------------------------+------+------------------+--------------------+
       Total:                           2325   278                399               
                                                                                    
    .\Comun\Drivers\
       FIFO.obj                         519    0                  0                 
       Config_SCI.obj                   318    0                  1                 
       Config_GPIO.obj                  223    0                  0                 
       Config_CAN.obj                   150    5                  48                
       Init_HW.obj                      57     0                  0                 
    +--+--------------------------------+------+------------------+--------------------+
       Total:                           1267   5                  49                
                                                                                    
    .\Comun\common\
       F2837xD_GlobalVariableDefs.obj   0      0                  8375              
       F2837xD_DefaultISR.obj           1611   0                  1                 
       F2837xD_SysCtrl.obj              962    0                  0                 
       F2837xD_Gpio.obj                 597    0                  0                 
       F2837xD_PieVect.obj              38     448                0                 
       F2837xD_Ipc_Driver_Util.obj      358    0                  0                 
       F2837xD_struct.obj               0      144                120               
       F2837xD_CpuTimers.obj            124    0                  24                
       F2837xD_Ipc_Driver.obj           0      0                  136               
       F2837xD_PieCtrl.obj              40     0                  0                 
       F2837xD_usDelay.obj              8      0                  0                 
       F2837xD_TempSensorConv.obj       0      0                  6                 
       F2837xD_sci_io.obj               0      4                  1                 
       F2837xD_DBGIER.obj               3      0                  0                 
       F2837xD_CodeStartBranch.obj      2      0                  0                 
    +--+--------------------------------+------+------------------+--------------------+
       Total:                           3743   596                8663              
                                                                                    
    .\Comun\driverlib\
       can.obj                          1314   9                  0                 
       interrupt.obj                    473    0                  0                 
       sysctl.obj                       8      0                  0                 
    +--+--------------------------------+------+------------------+--------------------+
       Total:                           1795   9                  0                 
                                                                                    
    C:/Users/dagaro/workspace/Firmware_Test/UFCharger/F2837xD/ti-cgt-c2000_16.9.6.LTS/lib/rts2800_fpu32.lib
       memory.obj                       466    4                  8                 
       boot28.obj                       86     0                  0                 
       exit.obj                         41     14                 6                 
       cpy_tbl.obj                      36     0                  0                 
       memcpy.obj                       30     0                  0                 
       args_main.obj                    25     0                  0                 
       ll_aox28.obj                     24     0                  0                 
       _lock.obj                        9      10                 4                 
       pre_init.obj                     2      0                  0                 
       startup.obj                      1      0                  0                 
    +--+--------------------------------+------+------------------+--------------------+
       Total:                           720    28                 18                
                                                                                    
       Heap:                            0      0                  1024              
       Stack:                           0      0                  1024              
    +--+--------------------------------+------+------------------+--------------------+
       Grand Total:                     9902   916                11199             


GLOBAL DATA SYMBOLS: SORTED BY DATA PAGE

address     data page           name
--------    ----------------    ----
00000400      10 (00000400)     __stack

00000b00      2c (00000b00)     _AdcaResultRegs
00000b20      2c (00000b00)     _AdcbResultRegs

00000b40      2d (00000b40)     _AdccResultRegs
00000b60      2d (00000b40)     _AdcdResultRegs

00000c00      30 (00000c00)     _CpuTimer0Regs
00000c08      30 (00000c00)     _CpuTimer1Regs
00000c10      30 (00000c00)     _CpuTimer2Regs

00000ce0      33 (00000cc0)     _Cla1SoftIntRegs
00000ce0      33 (00000cc0)     _PieCtrlRegs

00000d00      34 (00000d00)     _EmuKey
00000d00      34 (00000d00)     _PieVectTable
00000d01      34 (00000d00)     _EmuBMode

00001000      40 (00001000)     _DmaRegs

00001400      50 (00001400)     _Cla1Regs

00004000     100 (00004000)     _EPwm1Regs

00004100     104 (00004100)     _EPwm2Regs

00004200     108 (00004200)     _EPwm3Regs

00004300     10c (00004300)     _EPwm4Regs

00004400     110 (00004400)     _EPwm5Regs

00004500     114 (00004500)     _EPwm6Regs

00004600     118 (00004600)     _EPwm7Regs

00004700     11c (00004700)     _EPwm8Regs

00004800     120 (00004800)     _EPwm9Regs

00004900     124 (00004900)     _EPwm10Regs

00004a00     128 (00004a00)     _EPwm11Regs

00004b00     12c (00004b00)     _EPwm12Regs

00005000     140 (00005000)     _ECap1Regs
00005020     140 (00005000)     _ECap2Regs

00005040     141 (00005040)     _ECap3Regs
00005060     141 (00005040)     _ECap4Regs

00005080     142 (00005080)     _ECap5Regs
000050a0     142 (00005080)     _ECap6Regs

00005100     144 (00005100)     _EQep1Regs

00005140     145 (00005140)     _EQep2Regs

00005180     146 (00005180)     _EQep3Regs

00005c00     170 (00005c00)     _DacaRegs
00005c10     170 (00005c00)     _DacbRegs
00005c20     170 (00005c00)     _DaccRegs

00005c80     172 (00005c80)     _Cmpss1Regs
00005ca0     172 (00005c80)     _Cmpss2Regs

00005cc0     173 (00005cc0)     _Cmpss3Regs
00005ce0     173 (00005cc0)     _Cmpss4Regs

00005d00     174 (00005d00)     _Cmpss5Regs
00005d20     174 (00005d00)     _Cmpss6Regs

00005d40     175 (00005d40)     _Cmpss7Regs
00005d60     175 (00005d40)     _Cmpss8Regs

00005e00     178 (00005e00)     _Sdfm1Regs

00005e80     17a (00005e80)     _Sdfm2Regs

00006000     180 (00006000)     _McbspaRegs

00006040     181 (00006040)     _McbspbRegs

00006100     184 (00006100)     _SpiaRegs
00006110     184 (00006100)     _SpibRegs
00006120     184 (00006100)     _SpicRegs

00006200     188 (00006200)     _UppRegs

00007000     1c0 (00007000)     _WdRegs

00007060     1c1 (00007040)     _NmiIntruptRegs
00007070     1c1 (00007040)     _XintRegs

00007200     1c8 (00007200)     _SciaRegs
00007210     1c8 (00007200)     _ScibRegs
00007220     1c8 (00007200)     _ScicRegs
00007230     1c8 (00007200)     _ScidRegs

00007300     1cc (00007300)     _I2caRegs

00007340     1cd (00007340)     _I2cbRegs

00007400     1d0 (00007400)     _AdcaRegs

00007480     1d2 (00007480)     _AdcbRegs

00007500     1d4 (00007500)     _AdccRegs

00007580     1d6 (00007580)     _AdcdRegs

00007900     1e4 (00007900)     _InputXbarRegs
00007920     1e4 (00007900)     _XbarRegs

00007940     1e5 (00007940)     _SyncSocRegs

00007980     1e6 (00007980)     _DmaClaSrcSelRegs

00007a00     1e8 (00007a00)     _EPwmXbarRegs

00007a80     1ea (00007a80)     _OutputXbarRegs

00007c00     1f0 (00007c00)     _GpioCtrlRegs

00007f00     1fc (00007f00)     _GpioDataRegs

0000a800     2a0 (0000a800)     __sys_memory

0000ac04     2b0 (0000ac00)     _CurrentProcess
0000ac05     2b0 (0000ac00)     _OD_Index
0000ac06     2b0 (0000ac00)     _Count5s
0000ac07     2b0 (0000ac00)     _StatusErrors
0000ac10     2b0 (0000ac00)     _StatusCom
0000ac15     2b0 (0000ac00)     _Count10ms
0000ac16     2b0 (0000ac00)     _Count1ms
0000ac17     2b0 (0000ac00)     _Count20ms
0000ac18     2b0 (0000ac00)     _Count500ms
0000ac19     2b0 (0000ac00)     _Count200ms
0000ac1a     2b0 (0000ac00)     _Count1s
0000ac1b     2b0 (0000ac00)     _Count2s
0000ac1c     2b0 (0000ac00)     _Count100ms
0000ac1d     2b0 (0000ac00)     _Count50ms
0000ac1e     2b0 (0000ac00)     _PowerSupply_LastObjectTx
0000ac22     2b0 (0000ac00)     _ulTimeOutCANRx
0000ac26     2b0 (0000ac00)     _rxPsMsgData
0000ac2e     2b0 (0000ac00)     _rxAdcMsgData
0000ac36     2b0 (0000ac00)     _sMailboxOneCANOpenMsg

0000ac40     2b1 (0000ac40)     _sMailboxTwoCANOpenMsg
0000ac4a     2b1 (0000ac40)     _sTX_CANOpenMsg
0000ac54     2b1 (0000ac40)     _AdcValuesSaved
0000ac60     2b1 (0000ac40)     _PowerSupplyValues

0000ac80     2b2 (0000ac80)     _FIFO_CanTx
0000ac94     2b2 (0000ac80)     _FIFO_PcTx
0000aca8     2b2 (0000ac80)     _FIFO_PcRx

0000acc0     2b3 (0000acc0)     _FIFO_CanRx
0000acd4     2b3 (0000acc0)     _CpuTimer1
0000acdc     2b3 (0000acc0)     _CpuTimer2
0000ace4     2b3 (0000acc0)     _CpuTimer0
0000acf4     2b3 (0000acc0)     _tempSensor_tempOffset
0000acf6     2b3 (0000acc0)     _tempSensor_scaleFactor
0000acf8     2b3 (0000acc0)     _tempSensor_tempSlope
0000acfa     2b3 (0000acc0)     ___TI_enable_exit_profile_output
0000acfc     2b3 (0000acc0)     ___TI_cleanup_ptr
0000acfe     2b3 (0000acc0)     ___TI_dtors_ptr

0000ad00     2b4 (0000ad00)     _D2

0000ad40     2b5 (0000ad40)     _Diccionario_CanOpen

0000adbb     2b6 (0000ad80)     _BRR
0000adbc     2b6 (0000ad80)     __lock
0000adbe     2b6 (0000ad80)     __unlock

0000adc0     2b7 (0000adc0)     _SCI
0000adc4     2b7 (0000adc0)     _MCBSP
0000adc8     2b7 (0000adc0)     _I2C
0000adcc     2b7 (0000adc0)     _SDFM
0000add2     2b7 (0000adc0)     _EQEP
0000adda     2b7 (0000adc0)     _SPI
0000ade2     2b7 (0000adc0)     _ADC
0000adec     2b7 (0000adc0)     _ECAP

0000ae00     2b8 (0000ae00)     _EPWM
0000ae1a     2b8 (0000ae00)     _TRIP_SEL
0000ae38     2b8 (0000ae00)     _SysTickFlag
0000ae39     2b8 (0000ae00)     _deviceOpen

0000ae40     2b9 (0000ae40)     _i
0000ae42     2b9 (0000ae40)     _errorFlag
0000ae44     2b9 (0000ae40)     _rxMsgData
0000ae4c     2b9 (0000ae40)     _rxMsgData2
0000ae54     2b9 (0000ae40)     _txMsgData
0000ae5c     2b9 (0000ae40)     _sRXCANMessage
0000ae66     2b9 (0000ae40)     _sRXCANMessage2

0000ae80     2ba (0000ae80)     _count2
0000ae81     2ba (0000ae80)     _count1
0000ae82     2ba (0000ae80)     _sdataC
0000ae8c     2ba (0000ae80)     _sTXCANMessage

0003f800     fe0 (0003f800)     _g_asIPCCPU2toCPU1Buffers

0003f880     fe2 (0003f880)     _g_usGetWriteIndexes
0003f884     fe2 (0003f880)     _g_usPutReadIndexes

0003fc00     ff0 (0003fc00)     _g_asIPCCPU1toCPU2Buffers

0003fc80     ff2 (0003fc80)     _g_usPutWriteIndexes
0003fc84     ff2 (0003fc80)     _g_usGetReadIndexes

00047000    11c0 (00047000)     _Emif1Regs

00047800    11e0 (00047800)     _Emif2Regs

00048000    1200 (00048000)     _CanaRegs

0004a000    1280 (0004a000)     _CanbRegs

00050000    1400 (00050000)     _IpcRegs
00050024    1400 (00050000)     _FlashPumpSemaphoreRegs

0005d000    1740 (0005d000)     _DevCfgRegs

0005d180    1746 (0005d180)     _AnalogSubsysRegs

0005d200    1748 (0005d200)     _ClkCfgRegs

0005d300    174c (0005d300)     _CpuSysRegs

0005e608    1798 (0005e600)     _RomPrefetchRegs

0005f000    17c0 (0005f000)     _DcsmZ1Regs

0005f040    17c1 (0005f040)     _DcsmZ2Regs
0005f070    17c1 (0005f040)     _DcsmCommonRegs

0005f400    17d0 (0005f400)     _MemCfgRegs

0005f480    17d2 (0005f480)     _Emif1ConfigRegs
0005f4a0    17d2 (0005f480)     _Emif2ConfigRegs

0005f4c0    17d3 (0005f4c0)     _AccessProtectionRegs

0005f500    17d4 (0005f500)     _MemoryErrorRegs

0005f540    17d5 (0005f540)     _RomWaitStateRegs

0005f800    17e0 (0005f800)     _Flash0CtrlRegs

0005fb00    17ec (0005fb00)     _Flash0EccRegs

00078000    1e00 (00078000)     _DcsmZ1Otp

00078200    1e08 (00078200)     _DcsmZ2Otp

00090000    2400 (00090000)     _PieVectTableInit


GLOBAL SYMBOLS: SORTED ALPHABETICALLY BY Name 

page  address   name                                  
----  -------   ----                                  
abs   ffffffff  .text                                 
0     0008470a  C$$EXIT                               
0     000847dc  LL$$AND                               
0     000847e4  LL$$OR                                
0     000847ec  LL$$XOR                               
1     0000ade2  _ADC                                  
0     00082b25  _ADCA1_ISR                            
0     00082e6b  _ADCA2_ISR                            
0     00082e75  _ADCA3_ISR                            
0     00082e7f  _ADCA4_ISR                            
0     00082e61  _ADCA_EVT_ISR                         
0     00082b2f  _ADCB1_ISR                            
0     00082e93  _ADCB2_ISR                            
0     00082e9d  _ADCB3_ISR                            
0     00082ea7  _ADCB4_ISR                            
0     00082e89  _ADCB_EVT_ISR                         
0     00082b39  _ADCC1_ISR                            
0     00082ffb  _ADCC2_ISR                            
0     00083005  _ADCC3_ISR                            
0     0008300f  _ADCC4_ISR                            
0     00082ff1  _ADCC_EVT_ISR                         
0     00082b57  _ADCD1_ISR                            
0     00083023  _ADCD2_ISR                            
0     0008302d  _ADCD3_ISR                            
0     00083037  _ADCD4_ISR                            
0     00083019  _ADCD_EVT_ISR                         
0     00083073  _AUX_PLL_SLIP_ISR                     
1     0005f4c0  _AccessProtectionRegs                 
1     0000ac54  _AdcValuesSaved                       
1     00007400  _AdcaRegs                             
1     00000b00  _AdcaResultRegs                       
1     00007480  _AdcbRegs                             
1     00000b20  _AdcbResultRegs                       
1     00007500  _AdccRegs                             
1     00000b40  _AdccResultRegs                       
1     00007580  _AdcdRegs                             
1     00000b60  _AdcdResultRegs                       
1     0005d180  _AnalogSubsysRegs                     
0     000827c6  _AnalyzeCanMsg                        
0     000838d4  _AuxAuxClkSel                         
0     000838be  _AuxIntOsc2Sel                        
0     000838c8  _AuxXtalOscSel                        
1     0000adbb  _BRR                                  
0     00082d8b  _CANA0_ISR                            
0     00082e40  _CANA1_ISR                            
0     00082e4a  _CANB0_ISR                            
0     00082e57  _CANB1_ISR                            
0     00083233  _CANBitRateSet                        
0     00083208  _CANBitTimingGet                      
0     000832a0  _CANBitTimingSet                      
0     000831e1  _CANClkSourceSelect                   
0     000831d9  _CANDisable                           
0     000831d0  _CANEnable                            
0     000833aa  _CANErrCntrGet                        
0     000835be  _CANGlobalIntClear                    
0     000835b4  _CANGlobalIntDisable                  
0     000835ab  _CANGlobalIntEnable                   
0     000835c7  _CANGlobalIntstatusGet                
0     00083123  _CANInit                              
0     0008333e  _CANIntClear                          
0     00083314  _CANIntDisable                        
0     00083306  _CANIntEnable                         
0     000832e9  _CANIntRegister                       
0     00083324  _CANIntStatus                         
0     000832f9  _CANIntUnregister                     
0     00083585  _CANMessageClear                      
0     000834b1  _CANMessageGet                        
0     000833c5  _CANMessageSet                        
0     00083378  _CANRetryGet                          
0     00083367  _CANRetrySet                          
0     00083382  _CANStatusGet                         
0     00082eb1  _CLA1_1_ISR                           
0     00082ebb  _CLA1_2_ISR                           
0     00082ec5  _CLA1_3_ISR                           
0     00082ecf  _CLA1_4_ISR                           
0     00082ed9  _CLA1_5_ISR                           
0     00082ee3  _CLA1_6_ISR                           
0     00082eed  _CLA1_7_ISR                           
0     00082ef7  _CLA1_8_ISR                           
0     0008307d  _CLA_OVERFLOW_ISR                     
0     00083087  _CLA_UNDERFLOW_ISR                    
1     00048000  _CanaRegs                             
1     0004a000  _CanbRegs                             
1     00001400  _Cla1Regs                             
0     00000ce0  _Cla1SoftIntRegs                      
1     0005d200  _ClkCfgRegs                           
1     00005c80  _Cmpss1Regs                           
1     00005ca0  _Cmpss2Regs                           
1     00005cc0  _Cmpss3Regs                           
1     00005ce0  _Cmpss4Regs                           
1     00005d00  _Cmpss5Regs                           
1     00005d20  _Cmpss6Regs                           
1     00005d40  _Cmpss7Regs                           
1     00005d60  _Cmpss8Regs                           
0     0008460c  _ConfigCpuTimer                       
0     00083f56  _Config_CANA                          
0     00083f88  _Config_CANB                          
0     0008446e  _Config_GPIO                          
0     00084362  _Config_SCIA                          
0     000843be  _Config_SCIB                          
0     00084416  _Config_SCIC                          
0     0008454d  _Consulta_Diccionario                 
1     0000ac1c  _Count100ms                           
1     0000ac15  _Count10ms                            
1     0000ac16  _Count1ms                             
1     0000ac1a  _Count1s                              
1     0000ac19  _Count200ms                           
1     0000ac17  _Count20ms                            
1     0000ac1b  _Count2s                              
1     0000ac18  _Count500ms                           
1     0000ac1d  _Count50ms                            
1     0000ac06  _Count5s                              
1     0005d300  _CpuSysRegs                           
1     0000ace4  _CpuTimer0                            
1     00000c00  _CpuTimer0Regs                        
1     0000acd4  _CpuTimer1                            
1     00000c08  _CpuTimer1Regs                        
1     0000acdc  _CpuTimer2                            
1     00000c10  _CpuTimer2Regs                        
0     0008387d  _CsmUnlock                            
1     0000ac04  _CurrentProcess                       
1     0000ad00  _D2                                   
0     00082a7b  _DATALOG_ISR                          
0     00082cca  _DMA_CH1_ISR                          
0     00082cd4  _DMA_CH2_ISR                          
0     00082cde  _DMA_CH3_ISR                          
0     00082ce8  _DMA_CH4_ISR                          
0     00082cf2  _DMA_CH5_ISR                          
0     00082cfc  _DMA_CH6_ISR                          
1     00005c00  _DacaRegs                             
1     00005c10  _DacbRegs                             
1     00005c20  _DaccRegs                             
1     0005f070  _DcsmCommonRegs                       
1     00078000  _DcsmZ1Otp                            
1     0005f000  _DcsmZ1Regs                           
1     00078200  _DcsmZ2Otp                            
1     0005f040  _DcsmZ2Regs                           
0     00083cab  _Desencolar_FIFO                      
1     0005d000  _DevCfgRegs                           
1     0000ad40  _Diccionario_CanOpen                  
0     000836e1  _DisableDog                           
0     000836a2  _DisablePeripheralClocks              
1     00007980  _DmaClaSrcSelRegs                     
1     00001000  _DmaRegs                              
1     0000adec  _ECAP                                 
0     00082c20  _ECAP1_ISR                            
0     00082c2a  _ECAP2_ISR                            
0     00082c34  _ECAP3_ISR                            
0     00082c3e  _ECAP4_ISR                            
0     00082c48  _ECAP5_ISR                            
0     00082c52  _ECAP6_ISR                            
1     00005000  _ECap1Regs                            
1     00005020  _ECap2Regs                            
1     00005040  _ECap3Regs                            
1     00005060  _ECap4Regs                            
1     00005080  _ECap5Regs                            
1     000050a0  _ECap6Regs                            
0     00083041  _EMIF_ERROR_ISR                       
0     0008309b  _EMPTY_ISR                            
0     00082a8f  _EMU_ISR                              
1     0000ae00  _EPWM                                 
0     00082f97  _EPWM10_ISR                           
0     00082f6f  _EPWM10_TZ_ISR                        
0     00082fa1  _EPWM11_ISR                           
0     00082f79  _EPWM11_TZ_ISR                        
0     00082fab  _EPWM12_ISR                           
0     00082f83  _EPWM12_TZ_ISR                        
0     00082bd0  _EPWM1_ISR                            
0     00082b80  _EPWM1_TZ_ISR                         
0     00082bda  _EPWM2_ISR                            
0     00082b8a  _EPWM2_TZ_ISR                         
0     00082be4  _EPWM3_ISR                            
0     00082b94  _EPWM3_TZ_ISR                         
0     00082bee  _EPWM4_ISR                            
0     00082b9e  _EPWM4_TZ_ISR                         
0     00082bf8  _EPWM5_ISR                            
0     00082ba8  _EPWM5_TZ_ISR                         
0     00082c02  _EPWM6_ISR                            
0     00082bb2  _EPWM6_TZ_ISR                         
0     00082c0c  _EPWM7_ISR                            
0     00082bbc  _EPWM7_TZ_ISR                         
0     00082c16  _EPWM8_ISR                            
0     00082bc6  _EPWM8_TZ_ISR                         
0     00082f8d  _EPWM9_ISR                            
0     00082f65  _EPWM9_TZ_ISR                         
1     00004900  _EPwm10Regs                           
1     00004a00  _EPwm11Regs                           
1     00004b00  _EPwm12Regs                           
1     00004000  _EPwm1Regs                            
1     00004100  _EPwm2Regs                            
1     00004200  _EPwm3Regs                            
1     00004300  _EPwm4Regs                            
1     00004400  _EPwm5Regs                            
1     00004500  _EPwm6Regs                            
1     00004600  _EPwm7Regs                            
1     00004700  _EPwm8Regs                            
1     00004800  _EPwm9Regs                            
1     00007a00  _EPwmXbarRegs                         
1     0000add2  _EQEP                                 
0     00082c5c  _EQEP1_ISR                            
0     00082c66  _EQEP2_ISR                            
0     00082c70  _EQEP3_ISR                            
1     00005100  _EQep1Regs                            
1     00005140  _EQep2Regs                            
1     00005180  _EQep3Regs                            
0     00084562  _Econtrar_Indice_Diccionario          
1     0005f480  _Emif1ConfigRegs                      
1     00047000  _Emif1Regs                            
1     0005f4a0  _Emif2ConfigRegs                      
1     00047800  _Emif2Regs                            
1     00000d01  _EmuBMode                             
1     00000d00  _EmuKey                               
0     00084752  _EnableInterrupts                     
0     00083bad  _Encolar_FIFO                         
0     00008037  _F28x_usDelay                         
1     0000acc0  _FIFO_CanRx                           
1     0000ac80  _FIFO_CanTx                           
1     0000aca8  _FIFO_PcRx                            
1     0000ac94  _FIFO_PcTx                            
0     00083055  _FLASH_CORRECTABLE_ERROR_ISR          
0     00082f29  _FPU_OVERFLOW_ISR                     
0     00082f33  _FPU_UNDERFLOW_ISR                    
1     0005f800  _Flash0CtrlRegs                       
1     0005fb00  _Flash0EccRegs                        
0     00008029  _FlashOff                             
1     00050024  _FlashPumpSemaphoreRegs               
0     00083b21  _GPIO_EnableUnbondedIOPullups         
0     00083afc  _GPIO_EnableUnbondedIOPullupsFor100Pin
0     00083ae3  _GPIO_EnableUnbondedIOPullupsFor176Pin
0     00083b37  _GPIO_ReadPin                         
0     00083a88  _GPIO_SetupLock                       
0     00083968  _GPIO_SetupPinMux                     
0     000839f4  _GPIO_SetupPinOptions                 
0     00083ab1  _GPIO_SetupXINT1Gpio                  
0     00083abb  _GPIO_SetupXINT2Gpio                  
0     00083ac5  _GPIO_SetupXINT3Gpio                  
0     00083acf  _GPIO_SetupXINT4Gpio                  
0     00083ad9  _GPIO_SetupXINT5Gpio                  
0     00083b6c  _GPIO_TogglePin                       
0     00083b4e  _GPIO_WritePin                        
1     00007c00  _GpioCtrlRegs                         
1     00007f00  _GpioDataRegs                         
0     000838f2  _HALT                                 
0     0008390b  _HIB                                  
0     000846bc  _Hablitar_ISR                         
1     0000adc8  _I2C                                  
0     00082d10  _I2CA_FIFO_ISR                        
0     00082d06  _I2CA_ISR                             
0     00082d24  _I2CB_FIFO_ISR                        
0     00082d1a  _I2CB_ISR                             
1     00007300  _I2caRegs                             
1     00007340  _I2cbRegs                             
0     000838de  _IDLE                                 
0     00082aa3  _ILLEGAL_ISR                          
0     00082f3d  _IPC0_ISR                             
0     00082f47  _IPC1_ISR                             
0     00082f51  _IPC2_ISR                             
0     00082f5b  _IPC3_ISR                             
0     00084204  _IPCBootCPU2                          
0     00084200  _IPCGetBootStatus                     
0     000841e1  _IPCLtoRFlagBusy                      
0     000841f8  _IPCLtoRFlagClear                     
0     000841f0  _IPCLtoRFlagSet                       
0     000841ca  _IPCRtoLFlagAcknowledge               
0     000841d2  _IPCRtoLFlagBusy                      
0     0008236f  _InitAdc                              
0     000837b5  _InitAuxPll                           
0     000845cb  _InitCpuTimers                        
0     00008000  _InitFlash                            
0     00083928  _InitGpio                             
0     0008361e  _InitPeripheralClocks                 
0     000827bb  _InitPeripherals                      
0     00084733  _InitPieCtrl                          
0     0008475b  _InitPieVectTable                     
0     000823c6  _InitPowerSupply                      
0     000835d4  _InitSysCtrl                          
0     000836ef  _InitSysPll                           
0     00083fd5  _Init_Buzones                         
0     000821d0  _Init_CANOpenMsgFIFOs                 
0     00083b7d  _Init_FIFO                            
0     0008469d  _Init_HW                              
1     00007900  _InputXbarRegs                        
0     00083fec  _IntDefaultHandler                    
0     000840cb  _IntDisable                           
0     00084038  _IntEnable                            
0     0008414b  _IntIFRClear                          
0     00084008  _IntMasterDisable                     
0     00084000  _IntMasterEnable                      
0     00084010  _IntRegister                          
0     00084023  _IntUnregister                        
1     00050000  _IpcRegs                              
1     0000adc4  _MCBSP                                
0     00082ca2  _MCBSPA_RX_ISR                        
0     00082cac  _MCBSPA_TX_ISR                        
0     00082cb6  _MCBSPB_RX_ISR                        
0     00082cc0  _MCBSPB_TX_ISR                        
1     00006000  _McbspaRegs                           
1     00006040  _McbspbRegs                           
1     0005f400  _MemCfgRegs                           
1     0005f500  _MemoryErrorRegs                      
0     00082a99  _NMI_ISR                              
0     000830a8  _NOTUSED_ISR                          
1     00007060  _NmiIntruptRegs                       
1     0000ac05  _OD_Index                             
1     00007a80  _OutputXbarRegs                       
0     00083091  _PIE_RESERVED_ISR                     
1     00000ce0  _PieCtrlRegs                          
1     00000d00  _PieVectTable                         
0     00090000  _PieVectTableInit                     
1     0000ac60  _PowerSupplyValues                    
1     0000ac1e  _PowerSupply_LastObjectTx             
0     00082726  _PsEnableDisable                      
0     0008265d  _PsKeepAlive                          
0     000826a5  _PsReadOutputVI                       
0     00082492  _PsSetVoltageCurrent                  
0     0008305f  _RAM_ACCESS_VIOLATION_ISR             
0     0008304b  _RAM_CORRECTABLE_ERROR_ISR            
0     00082a85  _RTOS_ISR                             
0     0008603f  _RamfuncsLoadEnd                      
abs   0000003f  _RamfuncsLoadSize                     
0     00086000  _RamfuncsLoadStart                    
0     0000803f  _RamfuncsRunEnd                       
abs   0000003f  _RamfuncsRunSize                      
0     00008000  _RamfuncsRunStart                     
0     00083fd4  _Recibir_CANB                         
0     000836c9  _ReleaseFlashPump                     
1     0005e608  _RomPrefetchRegs                      
1     0005f540  _RomWaitStateRegs                     
1     0000adc0  _SCI                                  
0     00082d63  _SCIA_RX_ISR                          
0     00082d6d  _SCIA_TX_ISR                          
0     00082d77  _SCIB_RX_ISR                          
0     00082d81  _SCIB_TX_ISR                          
0     00082d2e  _SCIC_RX_ISR                          
0     00082d45  _SCIC_TX_ISR                          
0     00082d4f  _SCID_RX_ISR                          
0     00082d59  _SCID_TX_ISR                          
0     00082fb5  _SD1_ISR                              
0     00082fbf  _SD2_ISR                              
1     0000adcc  _SDFM                                 
1     0000adda  _SPI                                  
0     00082c7a  _SPIA_RX_ISR                          
0     00082c84  _SPIA_TX_ISR                          
0     00082c8e  _SPIB_RX_ISR                          
0     00082c98  _SPIB_TX_ISR                          
0     00082fc9  _SPIC_RX_ISR                          
0     00082fd3  _SPIC_TX_ISR                          
0     000838e7  _STANDBY                              
0     00083069  _SYS_PLL_SLIP_ISR                     
0     00082a0e  _Scheduler                            
1     00007200  _SciaRegs                             
1     00007210  _ScibRegs                             
1     00007220  _ScicRegs                             
1     00007230  _ScidRegs                             
1     00005e00  _Sdfm1Regs                            
1     00005e80  _Sdfm2Regs                            
0     000836ba  _SeizeFlashPump                       
0     000836d3  _ServiceDog                           
0     00083ffb  _SetDBGIER                            
0     00082277  _Set_CANOpenErrorMsg_To_Tx            
0     000821dd  _Set_CANOpenMsg_To_Tx                 
0     00082333  _Set_MailboxOne                       
0     00082351  _Set_MailboxTwo                       
1     00006100  _SpiaRegs                             
1     00006110  _SpibRegs                             
1     00006120  _SpicRegs                             
1     0000ac10  _StatusCom                            
1     0000ac07  _StatusErrors                         
1     00007940  _SyncSocRegs                          
0     0000803b  _SysCtlDelay                          
0     0008389e  _SysIntOsc1Sel                        
0     000838a8  _SysIntOsc2Sel                        
1     0000ae38  _SysTickFlag                          
0     000838b2  _SysXtalOscSel                        
0     00082b61  _TIMER0_ISR                           
0     00082a67  _TIMER1_ISR                           
0     00082a71  _TIMER2_ISR                           
1     0000ae1a  _TRIP_SEL                             
0     000827a1  _TimeOutRxCanMsg                      
0     00082300  _Transmit_CANOPenMsg                  
0     00083fba  _Transmitir_CANA                      
0     00084330  _Transmitir_SCI                       
0     00082fdd  _UPPA_ISR                             
0     00082fe7  _USBA_ISR                             
0     00082b07  _USER10_ISR                           
0     00082b11  _USER11_ISR                           
0     00082b1b  _USER12_ISR                           
0     00082aad  _USER1_ISR                            
0     00082ab7  _USER2_ISR                            
0     00082ac1  _USER3_ISR                            
0     00082acb  _USER4_ISR                            
0     00082ad5  _USER5_ISR                            
0     00082adf  _USER6_ISR                            
0     00082ae9  _USER7_ISR                            
0     00082af3  _USER8_ISR                            
0     00082afd  _USER9_ISR                            
1     00006200  _UppRegs                              
0     00082f1f  _VCU_ISR                              
0     00082b76  _WAKE_ISR                             
1     00007000  _WdRegs                               
0     00082b43  _XINT1_ISR                            
0     00082b4d  _XINT2_ISR                            
0     00082f01  _XINT3_ISR                            
0     00082f0b  _XINT4_ISR                            
0     00082f15  _XINT5_ISR                            
1     00007920  _XbarRegs                             
1     00007070  _XintRegs                             
1     00000800  __STACK_END                           
abs   00000400  __STACK_SIZE                          
abs   00000400  __SYSMEM_SIZE                         
1     0000acfc  ___TI_cleanup_ptr                     
1     0000acfe  ___TI_dtors_ptr                       
1     0000acfa  ___TI_enable_exit_profile_output      
abs   ffffffff  ___TI_pprof_out_hndl                  
abs   ffffffff  ___TI_prof_data_size                  
abs   ffffffff  ___TI_prof_data_start                 
abs   ffffffff  ___binit__                            
abs   ffffffff  ___c_args__                           
0     00082000  ___cinit__                            
abs   ffffffff  ___etext__                            
abs   ffffffff  ___pinit__                            
abs   ffffffff  ___text__                             
0     000847c3  __args_main                           
1     0000adbc  __lock                                
0     000847fc  __nop                                 
0     000847f8  __register_lock                       
0     000847f4  __register_unlock                     
1     00000400  __stack                               
1     0000a800  __sys_memory                          
0     000847fd  __system_post_cinit                   
0     00083ffe  __system_pre_init                     
1     0000adbe  __unlock                              
0     0008470a  _abort                                
0     00084647  _c_int00                              
0     00083f3f  _calloc                               
0     00083f3d  _chkheap                              
0     00084781  _copy_in                              
1     0000ae81  _count1                               
1     0000ae80  _count2                               
0     00084589  _datos_char_to_int                    
1     0000ae39  _deviceOpen                           
1     0000ae42  _errorFlag                            
0     0008470c  _exit                                 
0     00083d84  _free                                 
0     00083f1f  _free_memory                          
1     0003fc00  _g_asIPCCPU1toCPU2Buffers             
0     0003f800  _g_asIPCCPU2toCPU1Buffers             
1     0003fc84  _g_usGetReadIndexes                   
0     0003f880  _g_usGetWriteIndexes                  
0     0003f884  _g_usPutReadIndexes                   
1     0003fc80  _g_usPutWriteIndexes                  
1     0000ae40  _i                                    
0     000846d6  _main                                 
0     00083ded  _malloc                               
0     00083efd  _max_free                             
0     000847a5  _memcpy                               
0     00083dc8  _minit                                
0     00083e4b  _realloc                              
1     0000ac2e  _rxAdcMsgData                         
1     0000ae44  _rxMsgData                            
1     0000ae4c  _rxMsgData2                           
1     0000ac26  _rxPsMsgData                          
1     0000ac36  _sMailboxOneCANOpenMsg                
1     0000ac40  _sMailboxTwoCANOpenMsg                
1     0000ae5c  _sRXCANMessage                        
1     0000ae66  _sRXCANMessage2                       
1     0000ae8c  _sTXCANMessage                        
1     0000ac4a  _sTX_CANOpenMsg                       
1     0000ae82  _sdataC                               
1     0000acf6  _tempSensor_scaleFactor               
1     0000acf4  _tempSensor_tempOffset                
1     0000acf8  _tempSensor_tempSlope                 
1     0000ae54  _txMsgData                            
1     0000ac22  _ulTimeOutCANRx                       
abs   ffffffff  binit                                 
0     00082000  cinit                                 
0     00080000  code_start                            
abs   ffffffff  etext                                 
abs   ffffffff  pinit                                 


GLOBAL SYMBOLS: SORTED BY Symbol Address 

page  address   name                                  
----  -------   ----                                  
0     00000ce0  _Cla1SoftIntRegs                      
0     00008000  _InitFlash                            
0     00008000  _RamfuncsRunStart                     
0     00008029  _FlashOff                             
0     00008037  _F28x_usDelay                         
0     0000803b  _SysCtlDelay                          
0     0000803f  _RamfuncsRunEnd                       
0     0003f800  _g_asIPCCPU2toCPU1Buffers             
0     0003f880  _g_usGetWriteIndexes                  
0     0003f884  _g_usPutReadIndexes                   
0     00080000  code_start                            
0     00082000  ___cinit__                            
0     00082000  cinit                                 
0     000821d0  _Init_CANOpenMsgFIFOs                 
0     000821dd  _Set_CANOpenMsg_To_Tx                 
0     00082277  _Set_CANOpenErrorMsg_To_Tx            
0     00082300  _Transmit_CANOPenMsg                  
0     00082333  _Set_MailboxOne                       
0     00082351  _Set_MailboxTwo                       
0     0008236f  _InitAdc                              
0     000823c6  _InitPowerSupply                      
0     00082492  _PsSetVoltageCurrent                  
0     0008265d  _PsKeepAlive                          
0     000826a5  _PsReadOutputVI                       
0     00082726  _PsEnableDisable                      
0     000827a1  _TimeOutRxCanMsg                      
0     000827bb  _InitPeripherals                      
0     000827c6  _AnalyzeCanMsg                        
0     00082a0e  _Scheduler                            
0     00082a67  _TIMER1_ISR                           
0     00082a71  _TIMER2_ISR                           
0     00082a7b  _DATALOG_ISR                          
0     00082a85  _RTOS_ISR                             
0     00082a8f  _EMU_ISR                              
0     00082a99  _NMI_ISR                              
0     00082aa3  _ILLEGAL_ISR                          
0     00082aad  _USER1_ISR                            
0     00082ab7  _USER2_ISR                            
0     00082ac1  _USER3_ISR                            
0     00082acb  _USER4_ISR                            
0     00082ad5  _USER5_ISR                            
0     00082adf  _USER6_ISR                            
0     00082ae9  _USER7_ISR                            
0     00082af3  _USER8_ISR                            
0     00082afd  _USER9_ISR                            
0     00082b07  _USER10_ISR                           
0     00082b11  _USER11_ISR                           
0     00082b1b  _USER12_ISR                           
0     00082b25  _ADCA1_ISR                            
0     00082b2f  _ADCB1_ISR                            
0     00082b39  _ADCC1_ISR                            
0     00082b43  _XINT1_ISR                            
0     00082b4d  _XINT2_ISR                            
0     00082b57  _ADCD1_ISR                            
0     00082b61  _TIMER0_ISR                           
0     00082b76  _WAKE_ISR                             
0     00082b80  _EPWM1_TZ_ISR                         
0     00082b8a  _EPWM2_TZ_ISR                         
0     00082b94  _EPWM3_TZ_ISR                         
0     00082b9e  _EPWM4_TZ_ISR                         
0     00082ba8  _EPWM5_TZ_ISR                         
0     00082bb2  _EPWM6_TZ_ISR                         
0     00082bbc  _EPWM7_TZ_ISR                         
0     00082bc6  _EPWM8_TZ_ISR                         
0     00082bd0  _EPWM1_ISR                            
0     00082bda  _EPWM2_ISR                            
0     00082be4  _EPWM3_ISR                            
0     00082bee  _EPWM4_ISR                            
0     00082bf8  _EPWM5_ISR                            
0     00082c02  _EPWM6_ISR                            
0     00082c0c  _EPWM7_ISR                            
0     00082c16  _EPWM8_ISR                            
0     00082c20  _ECAP1_ISR                            
0     00082c2a  _ECAP2_ISR                            
0     00082c34  _ECAP3_ISR                            
0     00082c3e  _ECAP4_ISR                            
0     00082c48  _ECAP5_ISR                            
0     00082c52  _ECAP6_ISR                            
0     00082c5c  _EQEP1_ISR                            
0     00082c66  _EQEP2_ISR                            
0     00082c70  _EQEP3_ISR                            
0     00082c7a  _SPIA_RX_ISR                          
0     00082c84  _SPIA_TX_ISR                          
0     00082c8e  _SPIB_RX_ISR                          
0     00082c98  _SPIB_TX_ISR                          
0     00082ca2  _MCBSPA_RX_ISR                        
0     00082cac  _MCBSPA_TX_ISR                        
0     00082cb6  _MCBSPB_RX_ISR                        
0     00082cc0  _MCBSPB_TX_ISR                        
0     00082cca  _DMA_CH1_ISR                          
0     00082cd4  _DMA_CH2_ISR                          
0     00082cde  _DMA_CH3_ISR                          
0     00082ce8  _DMA_CH4_ISR                          
0     00082cf2  _DMA_CH5_ISR                          
0     00082cfc  _DMA_CH6_ISR                          
0     00082d06  _I2CA_ISR                             
0     00082d10  _I2CA_FIFO_ISR                        
0     00082d1a  _I2CB_ISR                             
0     00082d24  _I2CB_FIFO_ISR                        
0     00082d2e  _SCIC_RX_ISR                          
0     00082d45  _SCIC_TX_ISR                          
0     00082d4f  _SCID_RX_ISR                          
0     00082d59  _SCID_TX_ISR                          
0     00082d63  _SCIA_RX_ISR                          
0     00082d6d  _SCIA_TX_ISR                          
0     00082d77  _SCIB_RX_ISR                          
0     00082d81  _SCIB_TX_ISR                          
0     00082d8b  _CANA0_ISR                            
0     00082e40  _CANA1_ISR                            
0     00082e4a  _CANB0_ISR                            
0     00082e57  _CANB1_ISR                            
0     00082e61  _ADCA_EVT_ISR                         
0     00082e6b  _ADCA2_ISR                            
0     00082e75  _ADCA3_ISR                            
0     00082e7f  _ADCA4_ISR                            
0     00082e89  _ADCB_EVT_ISR                         
0     00082e93  _ADCB2_ISR                            
0     00082e9d  _ADCB3_ISR                            
0     00082ea7  _ADCB4_ISR                            
0     00082eb1  _CLA1_1_ISR                           
0     00082ebb  _CLA1_2_ISR                           
0     00082ec5  _CLA1_3_ISR                           
0     00082ecf  _CLA1_4_ISR                           
0     00082ed9  _CLA1_5_ISR                           
0     00082ee3  _CLA1_6_ISR                           
0     00082eed  _CLA1_7_ISR                           
0     00082ef7  _CLA1_8_ISR                           
0     00082f01  _XINT3_ISR                            
0     00082f0b  _XINT4_ISR                            
0     00082f15  _XINT5_ISR                            
0     00082f1f  _VCU_ISR                              
0     00082f29  _FPU_OVERFLOW_ISR                     
0     00082f33  _FPU_UNDERFLOW_ISR                    
0     00082f3d  _IPC0_ISR                             
0     00082f47  _IPC1_ISR                             
0     00082f51  _IPC2_ISR                             
0     00082f5b  _IPC3_ISR                             
0     00082f65  _EPWM9_TZ_ISR                         
0     00082f6f  _EPWM10_TZ_ISR                        
0     00082f79  _EPWM11_TZ_ISR                        
0     00082f83  _EPWM12_TZ_ISR                        
0     00082f8d  _EPWM9_ISR                            
0     00082f97  _EPWM10_ISR                           
0     00082fa1  _EPWM11_ISR                           
0     00082fab  _EPWM12_ISR                           
0     00082fb5  _SD1_ISR                              
0     00082fbf  _SD2_ISR                              
0     00082fc9  _SPIC_RX_ISR                          
0     00082fd3  _SPIC_TX_ISR                          
0     00082fdd  _UPPA_ISR                             
0     00082fe7  _USBA_ISR                             
0     00082ff1  _ADCC_EVT_ISR                         
0     00082ffb  _ADCC2_ISR                            
0     00083005  _ADCC3_ISR                            
0     0008300f  _ADCC4_ISR                            
0     00083019  _ADCD_EVT_ISR                         
0     00083023  _ADCD2_ISR                            
0     0008302d  _ADCD3_ISR                            
0     00083037  _ADCD4_ISR                            
0     00083041  _EMIF_ERROR_ISR                       
0     0008304b  _RAM_CORRECTABLE_ERROR_ISR            
0     00083055  _FLASH_CORRECTABLE_ERROR_ISR          
0     0008305f  _RAM_ACCESS_VIOLATION_ISR             
0     00083069  _SYS_PLL_SLIP_ISR                     
0     00083073  _AUX_PLL_SLIP_ISR                     
0     0008307d  _CLA_OVERFLOW_ISR                     
0     00083087  _CLA_UNDERFLOW_ISR                    
0     00083091  _PIE_RESERVED_ISR                     
0     0008309b  _EMPTY_ISR                            
0     000830a8  _NOTUSED_ISR                          
0     00083123  _CANInit                              
0     000831d0  _CANEnable                            
0     000831d9  _CANDisable                           
0     000831e1  _CANClkSourceSelect                   
0     00083208  _CANBitTimingGet                      
0     00083233  _CANBitRateSet                        
0     000832a0  _CANBitTimingSet                      
0     000832e9  _CANIntRegister                       
0     000832f9  _CANIntUnregister                     
0     00083306  _CANIntEnable                         
0     00083314  _CANIntDisable                        
0     00083324  _CANIntStatus                         
0     0008333e  _CANIntClear                          
0     00083367  _CANRetrySet                          
0     00083378  _CANRetryGet                          
0     00083382  _CANStatusGet                         
0     000833aa  _CANErrCntrGet                        
0     000833c5  _CANMessageSet                        
0     000834b1  _CANMessageGet                        
0     00083585  _CANMessageClear                      
0     000835ab  _CANGlobalIntEnable                   
0     000835b4  _CANGlobalIntDisable                  
0     000835be  _CANGlobalIntClear                    
0     000835c7  _CANGlobalIntstatusGet                
0     000835d4  _InitSysCtrl                          
0     0008361e  _InitPeripheralClocks                 
0     000836a2  _DisablePeripheralClocks              
0     000836ba  _SeizeFlashPump                       
0     000836c9  _ReleaseFlashPump                     
0     000836d3  _ServiceDog                           
0     000836e1  _DisableDog                           
0     000836ef  _InitSysPll                           
0     000837b5  _InitAuxPll                           
0     0008387d  _CsmUnlock                            
0     0008389e  _SysIntOsc1Sel                        
0     000838a8  _SysIntOsc2Sel                        
0     000838b2  _SysXtalOscSel                        
0     000838be  _AuxIntOsc2Sel                        
0     000838c8  _AuxXtalOscSel                        
0     000838d4  _AuxAuxClkSel                         
0     000838de  _IDLE                                 
0     000838e7  _STANDBY                              
0     000838f2  _HALT                                 
0     0008390b  _HIB                                  
0     00083928  _InitGpio                             
0     00083968  _GPIO_SetupPinMux                     
0     000839f4  _GPIO_SetupPinOptions                 
0     00083a88  _GPIO_SetupLock                       
0     00083ab1  _GPIO_SetupXINT1Gpio                  
0     00083abb  _GPIO_SetupXINT2Gpio                  
0     00083ac5  _GPIO_SetupXINT3Gpio                  
0     00083acf  _GPIO_SetupXINT4Gpio                  
0     00083ad9  _GPIO_SetupXINT5Gpio                  
0     00083ae3  _GPIO_EnableUnbondedIOPullupsFor176Pin
0     00083afc  _GPIO_EnableUnbondedIOPullupsFor100Pin
0     00083b21  _GPIO_EnableUnbondedIOPullups         
0     00083b37  _GPIO_ReadPin                         
0     00083b4e  _GPIO_WritePin                        
0     00083b6c  _GPIO_TogglePin                       
0     00083b7d  _Init_FIFO                            
0     00083bad  _Encolar_FIFO                         
0     00083cab  _Desencolar_FIFO                      
0     00083d84  _free                                 
0     00083dc8  _minit                                
0     00083ded  _malloc                               
0     00083e4b  _realloc                              
0     00083efd  _max_free                             
0     00083f1f  _free_memory                          
0     00083f3d  _chkheap                              
0     00083f3f  _calloc                               
0     00083f56  _Config_CANA                          
0     00083f88  _Config_CANB                          
0     00083fba  _Transmitir_CANA                      
0     00083fd4  _Recibir_CANB                         
0     00083fd5  _Init_Buzones                         
0     00083fec  _IntDefaultHandler                    
0     00083ffb  _SetDBGIER                            
0     00083ffe  __system_pre_init                     
0     00084000  _IntMasterEnable                      
0     00084008  _IntMasterDisable                     
0     00084010  _IntRegister                          
0     00084023  _IntUnregister                        
0     00084038  _IntEnable                            
0     000840cb  _IntDisable                           
0     0008414b  _IntIFRClear                          
0     000841ca  _IPCRtoLFlagAcknowledge               
0     000841d2  _IPCRtoLFlagBusy                      
0     000841e1  _IPCLtoRFlagBusy                      
0     000841f0  _IPCLtoRFlagSet                       
0     000841f8  _IPCLtoRFlagClear                     
0     00084200  _IPCGetBootStatus                     
0     00084204  _IPCBootCPU2                          
0     00084330  _Transmitir_SCI                       
0     00084362  _Config_SCIA                          
0     000843be  _Config_SCIB                          
0     00084416  _Config_SCIC                          
0     0008446e  _Config_GPIO                          
0     0008454d  _Consulta_Diccionario                 
0     00084562  _Econtrar_Indice_Diccionario          
0     00084589  _datos_char_to_int                    
0     000845cb  _InitCpuTimers                        
0     0008460c  _ConfigCpuTimer                       
0     00084647  _c_int00                              
0     0008469d  _Init_HW                              
0     000846bc  _Hablitar_ISR                         
0     000846d6  _main                                 
0     0008470a  C$$EXIT                               
0     0008470a  _abort                                
0     0008470c  _exit                                 
0     00084733  _InitPieCtrl                          
0     00084752  _EnableInterrupts                     
0     0008475b  _InitPieVectTable                     
0     00084781  _copy_in                              
0     000847a5  _memcpy                               
0     000847c3  __args_main                           
0     000847dc  LL$$AND                               
0     000847e4  LL$$OR                                
0     000847ec  LL$$XOR                               
0     000847f4  __register_unlock                     
0     000847f8  __register_lock                       
0     000847fc  __nop                                 
0     000847fd  __system_post_cinit                   
0     00086000  _RamfuncsLoadStart                    
0     0008603f  _RamfuncsLoadEnd                      
0     00090000  _PieVectTableInit                     
1     00000400  __stack                               
1     00000800  __STACK_END                           
1     00000b00  _AdcaResultRegs                       
1     00000b20  _AdcbResultRegs                       
1     00000b40  _AdccResultRegs                       
1     00000b60  _AdcdResultRegs                       
1     00000c00  _CpuTimer0Regs                        
1     00000c08  _CpuTimer1Regs                        
1     00000c10  _CpuTimer2Regs                        
1     00000ce0  _PieCtrlRegs                          
1     00000d00  _EmuKey                               
1     00000d00  _PieVectTable                         
1     00000d01  _EmuBMode                             
1     00001000  _DmaRegs                              
1     00001400  _Cla1Regs                             
1     00004000  _EPwm1Regs                            
1     00004100  _EPwm2Regs                            
1     00004200  _EPwm3Regs                            
1     00004300  _EPwm4Regs                            
1     00004400  _EPwm5Regs                            
1     00004500  _EPwm6Regs                            
1     00004600  _EPwm7Regs                            
1     00004700  _EPwm8Regs                            
1     00004800  _EPwm9Regs                            
1     00004900  _EPwm10Regs                           
1     00004a00  _EPwm11Regs                           
1     00004b00  _EPwm12Regs                           
1     00005000  _ECap1Regs                            
1     00005020  _ECap2Regs                            
1     00005040  _ECap3Regs                            
1     00005060  _ECap4Regs                            
1     00005080  _ECap5Regs                            
1     000050a0  _ECap6Regs                            
1     00005100  _EQep1Regs                            
1     00005140  _EQep2Regs                            
1     00005180  _EQep3Regs                            
1     00005c00  _DacaRegs                             
1     00005c10  _DacbRegs                             
1     00005c20  _DaccRegs                             
1     00005c80  _Cmpss1Regs                           
1     00005ca0  _Cmpss2Regs                           
1     00005cc0  _Cmpss3Regs                           
1     00005ce0  _Cmpss4Regs                           
1     00005d00  _Cmpss5Regs                           
1     00005d20  _Cmpss6Regs                           
1     00005d40  _Cmpss7Regs                           
1     00005d60  _Cmpss8Regs                           
1     00005e00  _Sdfm1Regs                            
1     00005e80  _Sdfm2Regs                            
1     00006000  _McbspaRegs                           
1     00006040  _McbspbRegs                           
1     00006100  _SpiaRegs                             
1     00006110  _SpibRegs                             
1     00006120  _SpicRegs                             
1     00006200  _UppRegs                              
1     00007000  _WdRegs                               
1     00007060  _NmiIntruptRegs                       
1     00007070  _XintRegs                             
1     00007200  _SciaRegs                             
1     00007210  _ScibRegs                             
1     00007220  _ScicRegs                             
1     00007230  _ScidRegs                             
1     00007300  _I2caRegs                             
1     00007340  _I2cbRegs                             
1     00007400  _AdcaRegs                             
1     00007480  _AdcbRegs                             
1     00007500  _AdccRegs                             
1     00007580  _AdcdRegs                             
1     00007900  _InputXbarRegs                        
1     00007920  _XbarRegs                             
1     00007940  _SyncSocRegs                          
1     00007980  _DmaClaSrcSelRegs                     
1     00007a00  _EPwmXbarRegs                         
1     00007a80  _OutputXbarRegs                       
1     00007c00  _GpioCtrlRegs                         
1     00007f00  _GpioDataRegs                         
1     0000a800  __sys_memory                          
1     0000ac04  _CurrentProcess                       
1     0000ac05  _OD_Index                             
1     0000ac06  _Count5s                              
1     0000ac07  _StatusErrors                         
1     0000ac10  _StatusCom                            
1     0000ac15  _Count10ms                            
1     0000ac16  _Count1ms                             
1     0000ac17  _Count20ms                            
1     0000ac18  _Count500ms                           
1     0000ac19  _Count200ms                           
1     0000ac1a  _Count1s                              
1     0000ac1b  _Count2s                              
1     0000ac1c  _Count100ms                           
1     0000ac1d  _Count50ms                            
1     0000ac1e  _PowerSupply_LastObjectTx             
1     0000ac22  _ulTimeOutCANRx                       
1     0000ac26  _rxPsMsgData                          
1     0000ac2e  _rxAdcMsgData                         
1     0000ac36  _sMailboxOneCANOpenMsg                
1     0000ac40  _sMailboxTwoCANOpenMsg                
1     0000ac4a  _sTX_CANOpenMsg                       
1     0000ac54  _AdcValuesSaved                       
1     0000ac60  _PowerSupplyValues                    
1     0000ac80  _FIFO_CanTx                           
1     0000ac94  _FIFO_PcTx                            
1     0000aca8  _FIFO_PcRx                            
1     0000acc0  _FIFO_CanRx                           
1     0000acd4  _CpuTimer1                            
1     0000acdc  _CpuTimer2                            
1     0000ace4  _CpuTimer0                            
1     0000acf4  _tempSensor_tempOffset                
1     0000acf6  _tempSensor_scaleFactor               
1     0000acf8  _tempSensor_tempSlope                 
1     0000acfa  ___TI_enable_exit_profile_output      
1     0000acfc  ___TI_cleanup_ptr                     
1     0000acfe  ___TI_dtors_ptr                       
1     0000ad00  _D2                                   
1     0000ad40  _Diccionario_CanOpen                  
1     0000adbb  _BRR                                  
1     0000adbc  __lock                                
1     0000adbe  __unlock                              
1     0000adc0  _SCI                                  
1     0000adc4  _MCBSP                                
1     0000adc8  _I2C                                  
1     0000adcc  _SDFM                                 
1     0000add2  _EQEP                                 
1     0000adda  _SPI                                  
1     0000ade2  _ADC                                  
1     0000adec  _ECAP                                 
1     0000ae00  _EPWM                                 
1     0000ae1a  _TRIP_SEL                             
1     0000ae38  _SysTickFlag                          
1     0000ae39  _deviceOpen                           
1     0000ae40  _i                                    
1     0000ae42  _errorFlag                            
1     0000ae44  _rxMsgData                            
1     0000ae4c  _rxMsgData2                           
1     0000ae54  _txMsgData                            
1     0000ae5c  _sRXCANMessage                        
1     0000ae66  _sRXCANMessage2                       
1     0000ae80  _count2                               
1     0000ae81  _count1                               
1     0000ae82  _sdataC                               
1     0000ae8c  _sTXCANMessage                        
1     0003fc00  _g_asIPCCPU1toCPU2Buffers             
1     0003fc80  _g_usPutWriteIndexes                  
1     0003fc84  _g_usGetReadIndexes                   
1     00047000  _Emif1Regs                            
1     00047800  _Emif2Regs                            
1     00048000  _CanaRegs                             
1     0004a000  _CanbRegs                             
1     00050000  _IpcRegs                              
1     00050024  _FlashPumpSemaphoreRegs               
1     0005d000  _DevCfgRegs                           
1     0005d180  _AnalogSubsysRegs                     
1     0005d200  _ClkCfgRegs                           
1     0005d300  _CpuSysRegs                           
1     0005e608  _RomPrefetchRegs                      
1     0005f000  _DcsmZ1Regs                           
1     0005f040  _DcsmZ2Regs                           
1     0005f070  _DcsmCommonRegs                       
1     0005f400  _MemCfgRegs                           
1     0005f480  _Emif1ConfigRegs                      
1     0005f4a0  _Emif2ConfigRegs                      
1     0005f4c0  _AccessProtectionRegs                 
1     0005f500  _MemoryErrorRegs                      
1     0005f540  _RomWaitStateRegs                     
1     0005f800  _Flash0CtrlRegs                       
1     0005fb00  _Flash0EccRegs                        
1     00078000  _DcsmZ1Otp                            
1     00078200  _DcsmZ2Otp                            
abs   0000003f  _RamfuncsLoadSize                     
abs   0000003f  _RamfuncsRunSize                      
abs   00000400  __STACK_SIZE                          
abs   00000400  __SYSMEM_SIZE                         
abs   ffffffff  .text                                 
abs   ffffffff  ___TI_pprof_out_hndl                  
abs   ffffffff  ___TI_prof_data_size                  
abs   ffffffff  ___TI_prof_data_start                 
abs   ffffffff  ___binit__                            
abs   ffffffff  ___c_args__                           
abs   ffffffff  ___etext__                            
abs   ffffffff  ___pinit__                            
abs   ffffffff  ___text__                             
abs   ffffffff  binit                                 
abs   ffffffff  etext                                 
abs   ffffffff  pinit                                 

[479 symbols]
