<?xml version="1.0" encoding="ISO-8859-1" ?>
<link_info>
   <banner>TMS320C2000 Linker PC v18.1.3.LTS</banner>
   <copyright>Copyright (c) 1996-2017 Texas Instruments Incorporated</copyright>
   <link_time>0x5bcdffd8</link_time>
   <link_errors>0x0</link_errors>
   <output_file>COM_cpu02.out</output_file>
   <entry_point>
      <name>_c_int00</name>
      <address>0x82f5b</address>
   </entry_point>
   <input_file_list>
      <input_file id="fl-2">
         <path>.\</path>
         <kind>object</kind>
         <file>main_cpu2.obj</file>
         <name>main_cpu2.obj</name>
      </input_file>
      <input_file id="fl-3">
         <path>.\Comun\Drivers\</path>
         <kind>object</kind>
         <file>Config_CAN.obj</file>
         <name>Config_CAN.obj</name>
      </input_file>
      <input_file id="fl-4">
         <path>.\Comun\Drivers\</path>
         <kind>object</kind>
         <file>Config_GPIO.obj</file>
         <name>Config_GPIO.obj</name>
      </input_file>
      <input_file id="fl-5">
         <path>.\Comun\Drivers\</path>
         <kind>object</kind>
         <file>Config_PWM.obj</file>
         <name>Config_PWM.obj</name>
      </input_file>
      <input_file id="fl-6">
         <path>.\Comun\Drivers\</path>
         <kind>object</kind>
         <file>FIFO.obj</file>
         <name>FIFO.obj</name>
      </input_file>
      <input_file id="fl-7">
         <path>.\Comun\Drivers\</path>
         <kind>object</kind>
         <file>Init_HW.obj</file>
         <name>Init_HW.obj</name>
      </input_file>
      <input_file id="fl-8">
         <path>.\Comun\</path>
         <kind>object</kind>
         <file>F2837xD_DefaultISR.obj</file>
         <name>F2837xD_DefaultISR.obj</name>
      </input_file>
      <input_file id="fl-9">
         <path>.\Comun\</path>
         <kind>object</kind>
         <file>F2837xD_GlobalVariableDefs.obj</file>
         <name>F2837xD_GlobalVariableDefs.obj</name>
      </input_file>
      <input_file id="fl-a">
         <path>.\Comun\common\</path>
         <kind>object</kind>
         <file>F2837xD_Adc.obj</file>
         <name>F2837xD_Adc.obj</name>
      </input_file>
      <input_file id="fl-b">
         <path>.\Comun\common\</path>
         <kind>object</kind>
         <file>F2837xD_CodeStartBranch.obj</file>
         <name>F2837xD_CodeStartBranch.obj</name>
      </input_file>
      <input_file id="fl-c">
         <path>.\Comun\common\</path>
         <kind>object</kind>
         <file>F2837xD_CpuTimers.obj</file>
         <name>F2837xD_CpuTimers.obj</name>
      </input_file>
      <input_file id="fl-d">
         <path>.\Comun\common\</path>
         <kind>object</kind>
         <file>F2837xD_DBGIER.obj</file>
         <name>F2837xD_DBGIER.obj</name>
      </input_file>
      <input_file id="fl-e">
         <path>.\Comun\common\</path>
         <kind>object</kind>
         <file>F2837xD_Dma.obj</file>
         <name>F2837xD_Dma.obj</name>
      </input_file>
      <input_file id="fl-f">
         <path>.\Comun\common\</path>
         <kind>object</kind>
         <file>F2837xD_ECap.obj</file>
         <name>F2837xD_ECap.obj</name>
      </input_file>
      <input_file id="fl-10">
         <path>.\Comun\common\</path>
         <kind>object</kind>
         <file>F2837xD_EPwm.obj</file>
         <name>F2837xD_EPwm.obj</name>
      </input_file>
      <input_file id="fl-11">
         <path>.\Comun\common\</path>
         <kind>object</kind>
         <file>F2837xD_EQep.obj</file>
         <name>F2837xD_EQep.obj</name>
      </input_file>
      <input_file id="fl-12">
         <path>.\Comun\common\</path>
         <kind>object</kind>
         <file>F2837xD_Emif.obj</file>
         <name>F2837xD_Emif.obj</name>
      </input_file>
      <input_file id="fl-13">
         <path>.\Comun\common\</path>
         <kind>object</kind>
         <file>F2837xD_Gpio.obj</file>
         <name>F2837xD_Gpio.obj</name>
      </input_file>
      <input_file id="fl-14">
         <path>.\Comun\common\</path>
         <kind>object</kind>
         <file>F2837xD_I2C.obj</file>
         <name>F2837xD_I2C.obj</name>
      </input_file>
      <input_file id="fl-15">
         <path>.\Comun\common\</path>
         <kind>object</kind>
         <file>F2837xD_Ipc.obj</file>
         <name>F2837xD_Ipc.obj</name>
      </input_file>
      <input_file id="fl-16">
         <path>.\Comun\common\</path>
         <kind>object</kind>
         <file>F2837xD_Ipc_Driver.obj</file>
         <name>F2837xD_Ipc_Driver.obj</name>
      </input_file>
      <input_file id="fl-17">
         <path>.\Comun\common\</path>
         <kind>object</kind>
         <file>F2837xD_Ipc_Driver_Lite.obj</file>
         <name>F2837xD_Ipc_Driver_Lite.obj</name>
      </input_file>
      <input_file id="fl-18">
         <path>.\Comun\common\</path>
         <kind>object</kind>
         <file>F2837xD_Ipc_Driver_Util.obj</file>
         <name>F2837xD_Ipc_Driver_Util.obj</name>
      </input_file>
      <input_file id="fl-19">
         <path>.\Comun\common\</path>
         <kind>object</kind>
         <file>F2837xD_Mcbsp.obj</file>
         <name>F2837xD_Mcbsp.obj</name>
      </input_file>
      <input_file id="fl-1a">
         <path>.\Comun\common\</path>
         <kind>object</kind>
         <file>F2837xD_PieCtrl.obj</file>
         <name>F2837xD_PieCtrl.obj</name>
      </input_file>
      <input_file id="fl-1b">
         <path>.\Comun\common\</path>
         <kind>object</kind>
         <file>F2837xD_PieVect.obj</file>
         <name>F2837xD_PieVect.obj</name>
      </input_file>
      <input_file id="fl-1c">
         <path>.\Comun\common\</path>
         <kind>object</kind>
         <file>F2837xD_Sci.obj</file>
         <name>F2837xD_Sci.obj</name>
      </input_file>
      <input_file id="fl-1d">
         <path>.\Comun\common\</path>
         <kind>object</kind>
         <file>F2837xD_Spi.obj</file>
         <name>F2837xD_Spi.obj</name>
      </input_file>
      <input_file id="fl-1e">
         <path>.\Comun\common\</path>
         <kind>object</kind>
         <file>F2837xD_SysCtrl.obj</file>
         <name>F2837xD_SysCtrl.obj</name>
      </input_file>
      <input_file id="fl-1f">
         <path>.\Comun\common\</path>
         <kind>object</kind>
         <file>F2837xD_TempSensorConv.obj</file>
         <name>F2837xD_TempSensorConv.obj</name>
      </input_file>
      <input_file id="fl-20">
         <path>.\Comun\common\</path>
         <kind>object</kind>
         <file>F2837xD_Upp.obj</file>
         <name>F2837xD_Upp.obj</name>
      </input_file>
      <input_file id="fl-21">
         <path>.\Comun\common\</path>
         <kind>object</kind>
         <file>F2837xD_can.obj</file>
         <name>F2837xD_can.obj</name>
      </input_file>
      <input_file id="fl-22">
         <path>.\Comun\common\</path>
         <kind>object</kind>
         <file>F2837xD_sci_io.obj</file>
         <name>F2837xD_sci_io.obj</name>
      </input_file>
      <input_file id="fl-23">
         <path>.\Comun\common\</path>
         <kind>object</kind>
         <file>F2837xD_sdfm_drivers.obj</file>
         <name>F2837xD_sdfm_drivers.obj</name>
      </input_file>
      <input_file id="fl-24">
         <path>.\Comun\common\</path>
         <kind>object</kind>
         <file>F2837xD_struct.obj</file>
         <name>F2837xD_struct.obj</name>
      </input_file>
      <input_file id="fl-25">
         <path>.\Comun\common\</path>
         <kind>object</kind>
         <file>F2837xD_usDelay.obj</file>
         <name>F2837xD_usDelay.obj</name>
      </input_file>
      <input_file id="fl-26">
         <path>.\Comun\driverlib\</path>
         <kind>object</kind>
         <file>can.obj</file>
         <name>can.obj</name>
      </input_file>
      <input_file id="fl-27">
         <path>.\Comun\driverlib\</path>
         <kind>object</kind>
         <file>interrupt.obj</file>
         <name>interrupt.obj</name>
      </input_file>
      <input_file id="fl-28">
         <path>.\Comun\driverlib\</path>
         <kind>object</kind>
         <file>sysctl.obj</file>
         <name>sysctl.obj</name>
      </input_file>
      <input_file id="fl-29">
         <path>.\Comun\driverlib\</path>
         <kind>object</kind>
         <file>systick.obj</file>
         <name>systick.obj</name>
      </input_file>
      <input_file id="fl-2a">
         <path>.\Comun\driverlib\</path>
         <kind>object</kind>
         <file>uart.obj</file>
         <name>uart.obj</name>
      </input_file>
      <input_file id="fl-30">
         <kind>object</kind>
         <file>&lt;internal&gt;</file>
         <name>&lt;internal&gt;</name>
      </input_file>
      <input_file id="fl-31">
         <path>C:\Users\dagaro\workspace\Firmware_Test\UFCharger\F2837xD\ti-cgt-c2000_16.9.6.LTS\lib\</path>
         <kind>archive</kind>
         <file>rts2800_fpu32.lib</file>
         <name>boot28.obj</name>
      </input_file>
      <input_file id="fl-32">
         <path>C:\Users\dagaro\workspace\Firmware_Test\UFCharger\F2837xD\ti-cgt-c2000_16.9.6.LTS\lib\</path>
         <kind>archive</kind>
         <file>rts2800_fpu32.lib</file>
         <name>cpy_tbl.obj</name>
      </input_file>
      <input_file id="fl-33">
         <path>C:\Users\dagaro\workspace\Firmware_Test\UFCharger\F2837xD\ti-cgt-c2000_16.9.6.LTS\lib\</path>
         <kind>archive</kind>
         <file>rts2800_fpu32.lib</file>
         <name>exit.obj</name>
      </input_file>
      <input_file id="fl-34">
         <path>C:\Users\dagaro\workspace\Firmware_Test\UFCharger\F2837xD\ti-cgt-c2000_16.9.6.LTS\lib\</path>
         <kind>archive</kind>
         <file>rts2800_fpu32.lib</file>
         <name>fs_div28.obj</name>
      </input_file>
      <input_file id="fl-35">
         <path>C:\Users\dagaro\workspace\Firmware_Test\UFCharger\F2837xD\ti-cgt-c2000_16.9.6.LTS\lib\</path>
         <kind>archive</kind>
         <file>rts2800_fpu32.lib</file>
         <name>ll_aox28.obj</name>
      </input_file>
      <input_file id="fl-36">
         <path>C:\Users\dagaro\workspace\Firmware_Test\UFCharger\F2837xD\ti-cgt-c2000_16.9.6.LTS\lib\</path>
         <kind>archive</kind>
         <file>rts2800_fpu32.lib</file>
         <name>memcpy.obj</name>
      </input_file>
      <input_file id="fl-37">
         <path>C:\Users\dagaro\workspace\Firmware_Test\UFCharger\F2837xD\ti-cgt-c2000_16.9.6.LTS\lib\</path>
         <kind>archive</kind>
         <file>rts2800_fpu32.lib</file>
         <name>memory.obj</name>
      </input_file>
      <input_file id="fl-38">
         <path>C:\Users\dagaro\workspace\Firmware_Test\UFCharger\F2837xD\ti-cgt-c2000_16.9.6.LTS\lib\</path>
         <kind>archive</kind>
         <file>rts2800_fpu32.lib</file>
         <name>memset.obj</name>
      </input_file>
      <input_file id="fl-39">
         <path>C:\Users\dagaro\workspace\Firmware_Test\UFCharger\F2837xD\ti-cgt-c2000_16.9.6.LTS\lib\</path>
         <kind>archive</kind>
         <file>rts2800_fpu32.lib</file>
         <name>pre_init.obj</name>
      </input_file>
      <input_file id="fl-3a">
         <path>C:\Users\dagaro\workspace\Firmware_Test\UFCharger\F2837xD\ti-cgt-c2000_16.9.6.LTS\lib\</path>
         <kind>archive</kind>
         <file>rts2800_fpu32.lib</file>
         <name>startup.obj</name>
      </input_file>
      <input_file id="fl-3b">
         <path>C:\Users\dagaro\workspace\Firmware_Test\UFCharger\F2837xD\ti-cgt-c2000_16.9.6.LTS\lib\</path>
         <kind>archive</kind>
         <file>rts2800_fpu32.lib</file>
         <name>_lock.obj</name>
      </input_file>
      <input_file id="fl-3c">
         <path>C:\Users\dagaro\workspace\Firmware_Test\UFCharger\F2837xD\ti-cgt-c2000_16.9.6.LTS\lib\</path>
         <kind>archive</kind>
         <file>rts2800_fpu32.lib</file>
         <name>args_main.obj</name>
      </input_file>
   </input_file_list>
   <object_component_list>
      <object_component id="oc-189">
         <name>.cinit</name>
         <load_address>0x832f8</load_address>
         <run_address>0x832f8</run_address>
         <size>0x62</size>
         <input_file_ref idref="fl-24"/>
      </object_component>
      <object_component id="oc-1b8">
         <name>.cinit</name>
         <load_address>0x8335a</load_address>
         <run_address>0x8335a</run_address>
         <size>0xe</size>
         <input_file_ref idref="fl-33"/>
      </object_component>
      <object_component id="oc-1f7">
         <name>.cinit:__lock</name>
         <load_address>0x83368</load_address>
         <run_address>0x83368</run_address>
         <size>0x5</size>
         <input_file_ref idref="fl-3b"/>
      </object_component>
      <object_component id="oc-1fd">
         <name>.cinit:__unlock</name>
         <load_address>0x8336d</load_address>
         <run_address>0x8336d</run_address>
         <size>0x5</size>
         <input_file_ref idref="fl-3b"/>
      </object_component>
      <object_component id="oc-17d">
         <name>.cinit</name>
         <load_address>0x83372</load_address>
         <run_address>0x83372</run_address>
         <size>0x4</size>
         <input_file_ref idref="fl-22"/>
      </object_component>
      <object_component id="oc-1ce">
         <name>.cinit</name>
         <load_address>0x83376</load_address>
         <run_address>0x83376</run_address>
         <size>0x4</size>
         <input_file_ref idref="fl-37"/>
      </object_component>
      <object_component id="oc-a4">
         <name>.text:retain</name>
         <load_address>0x82000</load_address>
         <run_address>0x82000</run_address>
         <size>0x5cc</size>
         <input_file_ref idref="fl-8"/>
      </object_component>
      <object_component id="oc-1f3">
         <name>.text</name>
         <load_address>0x825cc</load_address>
         <run_address>0x825cc</run_address>
         <size>0x522</size>
         <input_file_ref idref="fl-26"/>
      </object_component>
      <object_component id="oc-1fe">
         <name>.text</name>
         <load_address>0x82aee</load_address>
         <run_address>0x82aee</run_address>
         <size>0x21b</size>
         <input_file_ref idref="fl-1e"/>
      </object_component>
      <object_component id="oc-1f9">
         <name>.text</name>
         <load_address>0x82d09</load_address>
         <run_address>0x82d09</run_address>
         <size>0x1ca</size>
         <input_file_ref idref="fl-27"/>
      </object_component>
      <object_component id="oc-1be">
         <name>.text</name>
         <load_address>0x82ed3</load_address>
         <run_address>0x82ed3</run_address>
         <size>0x88</size>
         <input_file_ref idref="fl-34"/>
      </object_component>
      <object_component id="oc-82">
         <name>.text</name>
         <load_address>0x82f5b</load_address>
         <run_address>0x82f5b</run_address>
         <size>0x56</size>
         <input_file_ref idref="fl-31"/>
      </object_component>
      <object_component id="oc-1fb">
         <name>.text</name>
         <load_address>0x82fb1</load_address>
         <run_address>0x82fb1</run_address>
         <size>0x46</size>
         <input_file_ref idref="fl-13"/>
      </object_component>
      <object_component id="oc-1f2">
         <name>.text</name>
         <load_address>0x82ff7</load_address>
         <run_address>0x82ff7</run_address>
         <size>0x29</size>
         <input_file_ref idref="fl-33"/>
      </object_component>
      <object_component id="oc-1ff">
         <name>.text</name>
         <load_address>0x83020</load_address>
         <run_address>0x83020</run_address>
         <size>0x28</size>
         <input_file_ref idref="fl-1a"/>
      </object_component>
      <object_component id="oc-200">
         <name>.text</name>
         <load_address>0x83048</load_address>
         <run_address>0x83048</run_address>
         <size>0x26</size>
         <input_file_ref idref="fl-1b"/>
      </object_component>
      <object_component id="oc-1ef">
         <name>.text</name>
         <load_address>0x8306e</load_address>
         <run_address>0x8306e</run_address>
         <size>0x24</size>
         <input_file_ref idref="fl-32"/>
      </object_component>
      <object_component id="oc-1f4">
         <name>.text</name>
         <load_address>0x83092</load_address>
         <run_address>0x83092</run_address>
         <size>0x1e</size>
         <input_file_ref idref="fl-36"/>
      </object_component>
      <object_component id="oc-1f1">
         <name>.text</name>
         <load_address>0x830b0</load_address>
         <run_address>0x830b0</run_address>
         <size>0x19</size>
         <input_file_ref idref="fl-3c"/>
      </object_component>
      <object_component id="oc-1c3">
         <name>.text</name>
         <load_address>0x830c9</load_address>
         <run_address>0x830c9</run_address>
         <size>0x18</size>
         <input_file_ref idref="fl-35"/>
      </object_component>
      <object_component id="oc-1f5">
         <name>.text</name>
         <load_address>0x830e1</load_address>
         <run_address>0x830e1</run_address>
         <size>0x17</size>
         <input_file_ref idref="fl-2"/>
      </object_component>
      <object_component id="oc-1fa">
         <name>.text</name>
         <load_address>0x830f8</load_address>
         <run_address>0x830f8</run_address>
         <size>0x15</size>
         <input_file_ref idref="fl-7"/>
      </object_component>
      <object_component id="oc-197">
         <name>.text:retain</name>
         <load_address>0x8310d</load_address>
         <run_address>0x8310d</run_address>
         <size>0xf</size>
         <input_file_ref idref="fl-27"/>
      </object_component>
      <object_component id="oc-1fc">
         <name>.text</name>
         <load_address>0x8311c</load_address>
         <run_address>0x8311c</run_address>
         <size>0x9</size>
         <input_file_ref idref="fl-3b"/>
      </object_component>
      <object_component id="oc-112">
         <name>.text</name>
         <load_address>0x83125</load_address>
         <run_address>0x83125</run_address>
         <size>0x3</size>
         <input_file_ref idref="fl-d"/>
      </object_component>
      <object_component id="oc-1ee">
         <name>.text</name>
         <load_address>0x83128</load_address>
         <run_address>0x83128</run_address>
         <size>0x2</size>
         <input_file_ref idref="fl-39"/>
      </object_component>
      <object_component id="oc-1f0">
         <name>.text</name>
         <load_address>0x8312a</load_address>
         <run_address>0x8312a</run_address>
         <size>0x1</size>
         <input_file_ref idref="fl-3a"/>
      </object_component>
      <object_component id="oc-107">
         <name>codestart</name>
         <load_address>0x80000</load_address>
         <run_address>0x80000</run_address>
         <size>0x2</size>
         <input_file_ref idref="fl-b"/>
      </object_component>
      <object_component id="oc-1ac">
         <name>.stack</name>
         <uninitialized>true</uninitialized>
         <run_address>0x400</run_address>
         <size>0x0</size>
         <input_file_ref idref="fl-31"/>
      </object_component>
      <object_component id="oc-28b">
         <name>.stack</name>
         <uninitialized>true</uninitialized>
         <run_address>0x400</run_address>
         <size>0x0</size>
      </object_component>
      <object_component id="oc-93">
         <name>.ebss</name>
         <uninitialized>true</uninitialized>
         <run_address>0xac8a</run_address>
         <size>0x2</size>
         <input_file_ref idref="fl-5"/>
      </object_component>
      <object_component id="oc-a3">
         <name>.ebss</name>
         <uninitialized>true</uninitialized>
         <run_address>0xac86</run_address>
         <size>0x4</size>
         <input_file_ref idref="fl-8"/>
      </object_component>
      <object_component id="oc-10d">
         <name>.ebss</name>
         <uninitialized>true</uninitialized>
         <run_address>0xac5a</run_address>
         <size>0x18</size>
         <input_file_ref idref="fl-c"/>
      </object_component>
      <object_component id="oc-16d">
         <name>.ebss</name>
         <uninitialized>true</uninitialized>
         <run_address>0xac7a</run_address>
         <size>0x6</size>
         <input_file_ref idref="fl-1f"/>
      </object_component>
      <object_component id="oc-17e">
         <name>.ebss</name>
         <uninitialized>true</uninitialized>
         <run_address>0xac90</run_address>
         <size>0x1</size>
         <input_file_ref idref="fl-22"/>
      </object_component>
      <object_component id="oc-18a">
         <name>.ebss</name>
         <uninitialized>true</uninitialized>
         <run_address>0xac00</run_address>
         <size>0x5a</size>
         <input_file_ref idref="fl-24"/>
      </object_component>
      <object_component id="oc-1b9">
         <name>.ebss</name>
         <uninitialized>true</uninitialized>
         <run_address>0xac80</run_address>
         <size>0x6</size>
         <input_file_ref idref="fl-33"/>
      </object_component>
      <object_component id="oc-1d0">
         <name>.ebss</name>
         <uninitialized>true</uninitialized>
         <run_address>0xac72</run_address>
         <size>0x8</size>
         <input_file_ref idref="fl-37"/>
      </object_component>
      <object_component id="oc-201">
         <name>.ebss:__unlock</name>
         <uninitialized>true</uninitialized>
         <run_address>0xac8e</run_address>
         <size>0x2</size>
         <input_file_ref idref="fl-3b"/>
      </object_component>
      <object_component id="oc-1f6">
         <name>.ebss:__lock</name>
         <uninitialized>true</uninitialized>
         <run_address>0xac8c</run_address>
         <size>0x2</size>
         <input_file_ref idref="fl-3b"/>
      </object_component>
      <object_component id="oc-1cf">
         <name>.esysmem</name>
         <uninitialized>true</uninitialized>
         <run_address>0xa800</run_address>
         <size>0x1</size>
         <input_file_ref idref="fl-37"/>
      </object_component>
      <object_component id="oc-28c">
         <name>.esysmem</name>
         <uninitialized>true</uninitialized>
         <run_address>0xa800</run_address>
         <size>0x0</size>
      </object_component>
      <object_component id="oc-203">
         <name>.econst:_PieVectTableInit</name>
         <load_address>0x8312c</load_address>
         <run_address>0x8312c</run_address>
         <size>0x1c0</size>
         <input_file_ref idref="fl-1b"/>
      </object_component>
      <object_component id="oc-1f8">
         <name>.econst:_g_ui16CANBitValues</name>
         <load_address>0x832ec</load_address>
         <run_address>0x832ec</run_address>
         <size>0x9</size>
         <input_file_ref idref="fl-26"/>
      </object_component>
      <object_component id="oc-1ad">
         <name>.reset</name>
         <load_address>0x3fffc0</load_address>
         <run_address>0x3fffc0</run_address>
         <size>0x2</size>
         <input_file_ref idref="fl-31"/>
      </object_component>
      <object_component id="oc-202">
         <name>.TI.ramfunc</name>
         <load_address>0x86000</load_address>
         <run_address>0x8000</run_address>
         <size>0x37</size>
         <input_file_ref idref="fl-1e"/>
      </object_component>
      <object_component id="oc-18c">
         <name>.TI.ramfunc</name>
         <load_address>0x86037</load_address>
         <run_address>0x8037</run_address>
         <size>0x4</size>
         <input_file_ref idref="fl-25"/>
      </object_component>
      <object_component id="oc-19d">
         <name>.TI.ramfunc</name>
         <load_address>0x8603b</load_address>
         <run_address>0x803b</run_address>
         <size>0x4</size>
         <input_file_ref idref="fl-28"/>
      </object_component>
      <object_component id="oc-142">
         <name>PUTBUFFER</name>
         <uninitialized>true</uninitialized>
         <run_address>0x3f800</run_address>
         <size>0x80</size>
         <input_file_ref idref="fl-16"/>
      </object_component>
      <object_component id="oc-13f">
         <name>PUTWRITEIDX</name>
         <uninitialized>true</uninitialized>
         <run_address>0x3f880</run_address>
         <size>0x4</size>
         <input_file_ref idref="fl-16"/>
      </object_component>
      <object_component id="oc-140">
         <name>GETREADIDX</name>
         <uninitialized>true</uninitialized>
         <run_address>0x3f884</run_address>
         <size>0x4</size>
         <input_file_ref idref="fl-16"/>
      </object_component>
      <object_component id="oc-141">
         <name>GETBUFFER</name>
         <uninitialized>true</uninitialized>
         <run_address>0x3fc00</run_address>
         <size>0x80</size>
         <input_file_ref idref="fl-16"/>
      </object_component>
      <object_component id="oc-13d">
         <name>GETWRITEIDX</name>
         <uninitialized>true</uninitialized>
         <run_address>0x3fc80</run_address>
         <size>0x4</size>
         <input_file_ref idref="fl-16"/>
      </object_component>
      <object_component id="oc-13e">
         <name>PUTREADIDX</name>
         <uninitialized>true</uninitialized>
         <run_address>0x3fc84</run_address>
         <size>0x4</size>
         <input_file_ref idref="fl-16"/>
      </object_component>
      <object_component id="oc-100">
         <name>PieVectTableFile</name>
         <uninitialized>true</uninitialized>
         <run_address>0xd00</run_address>
         <size>0x1c0</size>
         <input_file_ref idref="fl-9"/>
      </object_component>
      <object_component id="oc-aa">
         <name>EmuKeyVar</name>
         <uninitialized>true</uninitialized>
         <run_address>0xd00</run_address>
         <size>0x1</size>
         <input_file_ref idref="fl-9"/>
      </object_component>
      <object_component id="oc-ab">
         <name>EmuBModeVar</name>
         <uninitialized>true</uninitialized>
         <run_address>0xd01</run_address>
         <size>0x1</size>
         <input_file_ref idref="fl-9"/>
      </object_component>
      <object_component id="oc-c0">
         <name>AdcaResultFile</name>
         <uninitialized>true</uninitialized>
         <run_address>0xb00</run_address>
         <size>0x18</size>
         <input_file_ref idref="fl-9"/>
      </object_component>
      <object_component id="oc-c1">
         <name>AdcbResultFile</name>
         <uninitialized>true</uninitialized>
         <run_address>0xb20</run_address>
         <size>0x18</size>
         <input_file_ref idref="fl-9"/>
      </object_component>
      <object_component id="oc-bf">
         <name>AdccResultFile</name>
         <uninitialized>true</uninitialized>
         <run_address>0xb40</run_address>
         <size>0x18</size>
         <input_file_ref idref="fl-9"/>
      </object_component>
      <object_component id="oc-be">
         <name>AdcdResultFile</name>
         <uninitialized>true</uninitialized>
         <run_address>0xb60</run_address>
         <size>0x18</size>
         <input_file_ref idref="fl-9"/>
      </object_component>
      <object_component id="oc-e9">
         <name>AdcaRegsFile</name>
         <uninitialized>true</uninitialized>
         <run_address>0x7400</run_address>
         <size>0x80</size>
         <input_file_ref idref="fl-9"/>
      </object_component>
      <object_component id="oc-ec">
         <name>AdcbRegsFile</name>
         <uninitialized>true</uninitialized>
         <run_address>0x7480</run_address>
         <size>0x80</size>
         <input_file_ref idref="fl-9"/>
      </object_component>
      <object_component id="oc-eb">
         <name>AdccRegsFile</name>
         <uninitialized>true</uninitialized>
         <run_address>0x7500</run_address>
         <size>0x80</size>
         <input_file_ref idref="fl-9"/>
      </object_component>
      <object_component id="oc-ea">
         <name>AdcdRegsFile</name>
         <uninitialized>true</uninitialized>
         <run_address>0x7580</run_address>
         <size>0x80</size>
         <input_file_ref idref="fl-9"/>
      </object_component>
      <object_component id="oc-f0">
         <name>CanaRegsFile</name>
         <uninitialized>true</uninitialized>
         <run_address>0x48000</run_address>
         <size>0xa4</size>
         <input_file_ref idref="fl-9"/>
      </object_component>
      <object_component id="oc-f1">
         <name>CanbRegsFile</name>
         <uninitialized>true</uninitialized>
         <run_address>0x4a000</run_address>
         <size>0xa4</size>
         <input_file_ref idref="fl-9"/>
      </object_component>
      <object_component id="oc-e3">
         <name>Cla1RegsFile</name>
         <uninitialized>true</uninitialized>
         <run_address>0x1400</run_address>
         <size>0x3e</size>
         <input_file_ref idref="fl-9"/>
      </object_component>
      <object_component id="oc-ad">
         <name>Cla1SoftIntRegsFile</name>
         <uninitialized>true</uninitialized>
         <run_address>0xce0</run_address>
         <size>0x4</size>
         <input_file_ref idref="fl-9"/>
      </object_component>
      <object_component id="oc-d3">
         <name>Cmpss1RegsFile</name>
         <uninitialized>true</uninitialized>
         <run_address>0x5c80</run_address>
         <size>0x20</size>
         <input_file_ref idref="fl-9"/>
      </object_component>
      <object_component id="oc-d2">
         <name>Cmpss2RegsFile</name>
         <uninitialized>true</uninitialized>
         <run_address>0x5ca0</run_address>
         <size>0x20</size>
         <input_file_ref idref="fl-9"/>
      </object_component>
      <object_component id="oc-d4">
         <name>Cmpss3RegsFile</name>
         <uninitialized>true</uninitialized>
         <run_address>0x5cc0</run_address>
         <size>0x20</size>
         <input_file_ref idref="fl-9"/>
      </object_component>
      <object_component id="oc-cc">
         <name>Cmpss4RegsFile</name>
         <uninitialized>true</uninitialized>
         <run_address>0x5ce0</run_address>
         <size>0x20</size>
         <input_file_ref idref="fl-9"/>
      </object_component>
      <object_component id="oc-cb">
         <name>Cmpss5RegsFile</name>
         <uninitialized>true</uninitialized>
         <run_address>0x5d00</run_address>
         <size>0x20</size>
         <input_file_ref idref="fl-9"/>
      </object_component>
      <object_component id="oc-ce">
         <name>Cmpss6RegsFile</name>
         <uninitialized>true</uninitialized>
         <run_address>0x5d20</run_address>
         <size>0x20</size>
         <input_file_ref idref="fl-9"/>
      </object_component>
      <object_component id="oc-cd">
         <name>Cmpss7RegsFile</name>
         <uninitialized>true</uninitialized>
         <run_address>0x5d40</run_address>
         <size>0x20</size>
         <input_file_ref idref="fl-9"/>
      </object_component>
      <object_component id="oc-cf">
         <name>Cmpss8RegsFile</name>
         <uninitialized>true</uninitialized>
         <run_address>0x5d60</run_address>
         <size>0x20</size>
         <input_file_ref idref="fl-9"/>
      </object_component>
      <object_component id="oc-af">
         <name>CpuTimer0RegsFile</name>
         <uninitialized>true</uninitialized>
         <run_address>0xc00</run_address>
         <size>0x8</size>
         <input_file_ref idref="fl-9"/>
      </object_component>
      <object_component id="oc-b0">
         <name>CpuTimer1RegsFile</name>
         <uninitialized>true</uninitialized>
         <run_address>0xc08</run_address>
         <size>0x8</size>
         <input_file_ref idref="fl-9"/>
      </object_component>
      <object_component id="oc-b4">
         <name>CpuTimer2RegsFile</name>
         <uninitialized>true</uninitialized>
         <run_address>0xc10</run_address>
         <size>0x8</size>
         <input_file_ref idref="fl-9"/>
      </object_component>
      <object_component id="oc-b3">
         <name>DacaRegsFile</name>
         <uninitialized>true</uninitialized>
         <run_address>0x5c00</run_address>
         <size>0x8</size>
         <input_file_ref idref="fl-9"/>
      </object_component>
      <object_component id="oc-b2">
         <name>DacbRegsFile</name>
         <uninitialized>true</uninitialized>
         <run_address>0x5c10</run_address>
         <size>0x8</size>
         <input_file_ref idref="fl-9"/>
      </object_component>
      <object_component id="oc-b1">
         <name>DaccRegsFile</name>
         <uninitialized>true</uninitialized>
         <run_address>0x5c20</run_address>
         <size>0x8</size>
         <input_file_ref idref="fl-9"/>
      </object_component>
      <object_component id="oc-dd">
         <name>DcsmZ1RegsFile</name>
         <uninitialized>true</uninitialized>
         <run_address>0x5f000</run_address>
         <size>0x24</size>
         <input_file_ref idref="fl-9"/>
      </object_component>
      <object_component id="oc-db">
         <name>DcsmZ2RegsFile</name>
         <uninitialized>true</uninitialized>
         <run_address>0x5f040</run_address>
         <size>0x24</size>
         <input_file_ref idref="fl-9"/>
      </object_component>
      <object_component id="oc-b5">
         <name>DcsmCommonRegsFile</name>
         <uninitialized>true</uninitialized>
         <run_address>0x5f070</run_address>
         <size>0x8</size>
         <input_file_ref idref="fl-9"/>
      </object_component>
      <object_component id="oc-d0">
         <name>DcsmZ1OtpFile</name>
         <uninitialized>true</uninitialized>
         <run_address>0x78000</run_address>
         <size>0x20</size>
         <input_file_ref idref="fl-9"/>
      </object_component>
      <object_component id="oc-d1">
         <name>DcsmZ2OtpFile</name>
         <uninitialized>true</uninitialized>
         <run_address>0x78200</run_address>
         <size>0x20</size>
         <input_file_ref idref="fl-9"/>
      </object_component>
      <object_component id="oc-f2">
         <name>DmaRegsFile</name>
         <uninitialized>true</uninitialized>
         <run_address>0x1000</run_address>
         <size>0xe0</size>
         <input_file_ref idref="fl-9"/>
      </object_component>
      <object_component id="oc-c2">
         <name>DmaClaSrcSelRegsFile</name>
         <uninitialized>true</uninitialized>
         <run_address>0x7980</run_address>
         <size>0x1a</size>
         <input_file_ref idref="fl-9"/>
      </object_component>
      <object_component id="oc-c8">
         <name>ECap1RegsFile</name>
         <uninitialized>true</uninitialized>
         <run_address>0x5000</run_address>
         <size>0x20</size>
         <input_file_ref idref="fl-9"/>
      </object_component>
      <object_component id="oc-c7">
         <name>ECap2RegsFile</name>
         <uninitialized>true</uninitialized>
         <run_address>0x5020</run_address>
         <size>0x20</size>
         <input_file_ref idref="fl-9"/>
      </object_component>
      <object_component id="oc-ca">
         <name>ECap3RegsFile</name>
         <uninitialized>true</uninitialized>
         <run_address>0x5040</run_address>
         <size>0x20</size>
         <input_file_ref idref="fl-9"/>
      </object_component>
      <object_component id="oc-c5">
         <name>ECap4RegsFile</name>
         <uninitialized>true</uninitialized>
         <run_address>0x5060</run_address>
         <size>0x20</size>
         <input_file_ref idref="fl-9"/>
      </object_component>
      <object_component id="oc-c4">
         <name>ECap5RegsFile</name>
         <uninitialized>true</uninitialized>
         <run_address>0x5080</run_address>
         <size>0x20</size>
         <input_file_ref idref="fl-9"/>
      </object_component>
      <object_component id="oc-c9">
         <name>ECap6RegsFile</name>
         <uninitialized>true</uninitialized>
         <run_address>0x50a0</run_address>
         <size>0x20</size>
         <input_file_ref idref="fl-9"/>
      </object_component>
      <object_component id="oc-e7">
         <name>Emif1RegsFile</name>
         <uninitialized>true</uninitialized>
         <run_address>0x47000</run_address>
         <size>0x70</size>
         <input_file_ref idref="fl-9"/>
      </object_component>
      <object_component id="oc-e6">
         <name>Emif2RegsFile</name>
         <uninitialized>true</uninitialized>
         <run_address>0x47800</run_address>
         <size>0x70</size>
         <input_file_ref idref="fl-9"/>
      </object_component>
      <object_component id="oc-f6">
         <name>EPwm1RegsFile</name>
         <uninitialized>true</uninitialized>
         <run_address>0x4000</run_address>
         <size>0x100</size>
         <input_file_ref idref="fl-9"/>
      </object_component>
      <object_component id="oc-fe">
         <name>EPwm2RegsFile</name>
         <uninitialized>true</uninitialized>
         <run_address>0x4100</run_address>
         <size>0x100</size>
         <input_file_ref idref="fl-9"/>
      </object_component>
      <object_component id="oc-fd">
         <name>EPwm3RegsFile</name>
         <uninitialized>true</uninitialized>
         <run_address>0x4200</run_address>
         <size>0x100</size>
         <input_file_ref idref="fl-9"/>
      </object_component>
      <object_component id="oc-fb">
         <name>EPwm4RegsFile</name>
         <uninitialized>true</uninitialized>
         <run_address>0x4300</run_address>
         <size>0x100</size>
         <input_file_ref idref="fl-9"/>
      </object_component>
      <object_component id="oc-f9">
         <name>EPwm5RegsFile</name>
         <uninitialized>true</uninitialized>
         <run_address>0x4400</run_address>
         <size>0x100</size>
         <input_file_ref idref="fl-9"/>
      </object_component>
      <object_component id="oc-fa">
         <name>EPwm6RegsFile</name>
         <uninitialized>true</uninitialized>
         <run_address>0x4500</run_address>
         <size>0x100</size>
         <input_file_ref idref="fl-9"/>
      </object_component>
      <object_component id="oc-fc">
         <name>EPwm7RegsFile</name>
         <uninitialized>true</uninitialized>
         <run_address>0x4600</run_address>
         <size>0x100</size>
         <input_file_ref idref="fl-9"/>
      </object_component>
      <object_component id="oc-f3">
         <name>EPwm8RegsFile</name>
         <uninitialized>true</uninitialized>
         <run_address>0x4700</run_address>
         <size>0x100</size>
         <input_file_ref idref="fl-9"/>
      </object_component>
      <object_component id="oc-f4">
         <name>EPwm9RegsFile</name>
         <uninitialized>true</uninitialized>
         <run_address>0x4800</run_address>
         <size>0x100</size>
         <input_file_ref idref="fl-9"/>
      </object_component>
      <object_component id="oc-f7">
         <name>EPwm10RegsFile</name>
         <uninitialized>true</uninitialized>
         <run_address>0x4900</run_address>
         <size>0x100</size>
         <input_file_ref idref="fl-9"/>
      </object_component>
      <object_component id="oc-f8">
         <name>EPwm11RegsFile</name>
         <uninitialized>true</uninitialized>
         <run_address>0x4a00</run_address>
         <size>0x100</size>
         <input_file_ref idref="fl-9"/>
      </object_component>
      <object_component id="oc-f5">
         <name>EPwm12RegsFile</name>
         <uninitialized>true</uninitialized>
         <run_address>0x4b00</run_address>
         <size>0x100</size>
         <input_file_ref idref="fl-9"/>
      </object_component>
      <object_component id="oc-d9">
         <name>EQep1RegsFile</name>
         <uninitialized>true</uninitialized>
         <run_address>0x5100</run_address>
         <size>0x22</size>
         <input_file_ref idref="fl-9"/>
      </object_component>
      <object_component id="oc-d8">
         <name>EQep2RegsFile</name>
         <uninitialized>true</uninitialized>
         <run_address>0x5140</run_address>
         <size>0x22</size>
         <input_file_ref idref="fl-9"/>
      </object_component>
      <object_component id="oc-d7">
         <name>EQep3RegsFile</name>
         <uninitialized>true</uninitialized>
         <run_address>0x5180</run_address>
         <size>0x22</size>
         <input_file_ref idref="fl-9"/>
      </object_component>
      <object_component id="oc-ff">
         <name>Flash0CtrlRegsFile</name>
         <uninitialized>true</uninitialized>
         <run_address>0x5f800</run_address>
         <size>0x182</size>
         <input_file_ref idref="fl-9"/>
      </object_component>
      <object_component id="oc-df">
         <name>Flash0EccRegsFile</name>
         <uninitialized>true</uninitialized>
         <run_address>0x5fb00</run_address>
         <size>0x28</size>
         <input_file_ref idref="fl-9"/>
      </object_component>
      <object_component id="oc-e1">
         <name>GpioDataRegsFile</name>
         <uninitialized>true</uninitialized>
         <run_address>0x7f00</run_address>
         <size>0x30</size>
         <input_file_ref idref="fl-9"/>
      </object_component>
      <object_component id="oc-d5">
         <name>I2caRegsFile</name>
         <uninitialized>true</uninitialized>
         <run_address>0x7300</run_address>
         <size>0x22</size>
         <input_file_ref idref="fl-9"/>
      </object_component>
      <object_component id="oc-d6">
         <name>I2cbRegsFile</name>
         <uninitialized>true</uninitialized>
         <run_address>0x7340</run_address>
         <size>0x22</size>
         <input_file_ref idref="fl-9"/>
      </object_component>
      <object_component id="oc-de">
         <name>IpcRegsFile</name>
         <uninitialized>true</uninitialized>
         <run_address>0x50000</run_address>
         <size>0x24</size>
         <input_file_ref idref="fl-9"/>
      </object_component>
      <object_component id="oc-ac">
         <name>FlashPumpSemaphoreRegsFile</name>
         <uninitialized>true</uninitialized>
         <run_address>0x50024</run_address>
         <size>0x2</size>
         <input_file_ref idref="fl-9"/>
      </object_component>
      <object_component id="oc-ee">
         <name>MemCfgRegsFile</name>
         <uninitialized>true</uninitialized>
         <run_address>0x5f400</run_address>
         <size>0x80</size>
         <input_file_ref idref="fl-9"/>
      </object_component>
      <object_component id="oc-c6">
         <name>Emif1ConfigRegsFile</name>
         <uninitialized>true</uninitialized>
         <run_address>0x5f480</run_address>
         <size>0x20</size>
         <input_file_ref idref="fl-9"/>
      </object_component>
      <object_component id="oc-e5">
         <name>AccessProtectionRegsFile</name>
         <uninitialized>true</uninitialized>
         <run_address>0x5f4c0</run_address>
         <size>0x40</size>
         <input_file_ref idref="fl-9"/>
      </object_component>
      <object_component id="oc-e4">
         <name>MemoryErrorRegsFile</name>
         <uninitialized>true</uninitialized>
         <run_address>0x5f500</run_address>
         <size>0x40</size>
         <input_file_ref idref="fl-9"/>
      </object_component>
      <object_component id="oc-dc">
         <name>McbspaRegsFile</name>
         <uninitialized>true</uninitialized>
         <run_address>0x6000</run_address>
         <size>0x24</size>
         <input_file_ref idref="fl-9"/>
      </object_component>
      <object_component id="oc-da">
         <name>McbspbRegsFile</name>
         <uninitialized>true</uninitialized>
         <run_address>0x6040</run_address>
         <size>0x24</size>
         <input_file_ref idref="fl-9"/>
      </object_component>
      <object_component id="oc-ae">
         <name>NmiIntruptRegsFile</name>
         <uninitialized>true</uninitialized>
         <run_address>0x7060</run_address>
         <size>0x7</size>
         <input_file_ref idref="fl-9"/>
      </object_component>
      <object_component id="oc-c3">
         <name>PieCtrlRegsFile</name>
         <uninitialized>true</uninitialized>
         <run_address>0xce0</run_address>
         <size>0x1a</size>
         <input_file_ref idref="fl-9"/>
      </object_component>
      <object_component id="oc-b9">
         <name>SciaRegsFile</name>
         <uninitialized>true</uninitialized>
         <run_address>0x7200</run_address>
         <size>0x10</size>
         <input_file_ref idref="fl-9"/>
      </object_component>
      <object_component id="oc-b8">
         <name>ScibRegsFile</name>
         <uninitialized>true</uninitialized>
         <run_address>0x7210</run_address>
         <size>0x10</size>
         <input_file_ref idref="fl-9"/>
      </object_component>
      <object_component id="oc-bb">
         <name>ScicRegsFile</name>
         <uninitialized>true</uninitialized>
         <run_address>0x7220</run_address>
         <size>0x10</size>
         <input_file_ref idref="fl-9"/>
      </object_component>
      <object_component id="oc-b7">
         <name>ScidRegsFile</name>
         <uninitialized>true</uninitialized>
         <run_address>0x7230</run_address>
         <size>0x10</size>
         <input_file_ref idref="fl-9"/>
      </object_component>
      <object_component id="oc-ed">
         <name>Sdfm1RegsFile</name>
         <uninitialized>true</uninitialized>
         <run_address>0x5e00</run_address>
         <size>0x80</size>
         <input_file_ref idref="fl-9"/>
      </object_component>
      <object_component id="oc-e8">
         <name>Sdfm2RegsFile</name>
         <uninitialized>true</uninitialized>
         <run_address>0x5e80</run_address>
         <size>0x80</size>
         <input_file_ref idref="fl-9"/>
      </object_component>
      <object_component id="oc-bd">
         <name>SpiaRegsFile</name>
         <uninitialized>true</uninitialized>
         <run_address>0x6100</run_address>
         <size>0x10</size>
         <input_file_ref idref="fl-9"/>
      </object_component>
      <object_component id="oc-bc">
         <name>SpibRegsFile</name>
         <uninitialized>true</uninitialized>
         <run_address>0x6110</run_address>
         <size>0x10</size>
         <input_file_ref idref="fl-9"/>
      </object_component>
      <object_component id="oc-ba">
         <name>SpicRegsFile</name>
         <uninitialized>true</uninitialized>
         <run_address>0x6120</run_address>
         <size>0x10</size>
         <input_file_ref idref="fl-9"/>
      </object_component>
      <object_component id="oc-e2">
         <name>ClkCfgRegsFile</name>
         <uninitialized>true</uninitialized>
         <run_address>0x5d200</run_address>
         <size>0x32</size>
         <input_file_ref idref="fl-9"/>
      </object_component>
      <object_component id="oc-ef">
         <name>CpuSysRegsFile</name>
         <uninitialized>true</uninitialized>
         <run_address>0x5d300</run_address>
         <size>0x82</size>
         <input_file_ref idref="fl-9"/>
      </object_component>
      <object_component id="oc-e0">
         <name>WdRegsFile</name>
         <uninitialized>true</uninitialized>
         <run_address>0x7000</run_address>
         <size>0x2b</size>
         <input_file_ref idref="fl-9"/>
      </object_component>
      <object_component id="oc-b6">
         <name>XintRegsFile</name>
         <uninitialized>true</uninitialized>
         <run_address>0x7070</run_address>
         <size>0xb</size>
         <input_file_ref idref="fl-9"/>
      </object_component>
      <object_component id="oc-83">
         <name>.debug_info</name>
         <load_address>0x0</load_address>
         <run_address>0x0</run_address>
         <size>0x4c4</size>
         <input_file_ref idref="fl-2"/>
      </object_component>
      <object_component id="oc-88">
         <name>.debug_info</name>
         <load_address>0x4c4</load_address>
         <run_address>0x4c4</run_address>
         <size>0x683</size>
         <input_file_ref idref="fl-3"/>
      </object_component>
      <object_component id="oc-8d">
         <name>.debug_info</name>
         <load_address>0xb47</load_address>
         <run_address>0xb47</run_address>
         <size>0x462</size>
         <input_file_ref idref="fl-4"/>
      </object_component>
      <object_component id="oc-92">
         <name>.debug_info</name>
         <load_address>0xfa9</load_address>
         <run_address>0xfa9</run_address>
         <size>0x7b21</size>
         <input_file_ref idref="fl-5"/>
      </object_component>
      <object_component id="oc-98">
         <name>.debug_info</name>
         <load_address>0x8aca</load_address>
         <run_address>0x8aca</run_address>
         <size>0x6bc</size>
         <input_file_ref idref="fl-6"/>
      </object_component>
      <object_component id="oc-9d">
         <name>.debug_info</name>
         <load_address>0x9186</load_address>
         <run_address>0x9186</run_address>
         <size>0x1895</size>
         <input_file_ref idref="fl-7"/>
      </object_component>
      <object_component id="oc-a2">
         <name>.debug_info</name>
         <load_address>0xaa1b</load_address>
         <run_address>0xaa1b</run_address>
         <size>0xd08c</size>
         <input_file_ref idref="fl-8"/>
      </object_component>
      <object_component id="oc-a9">
         <name>.debug_info</name>
         <load_address>0x17aa7</load_address>
         <run_address>0x17aa7</run_address>
         <size>0x3033b</size>
         <input_file_ref idref="fl-9"/>
      </object_component>
      <object_component id="oc-102">
         <name>.debug_info</name>
         <load_address>0x47de2</load_address>
         <run_address>0x47de2</run_address>
         <size>0x469f</size>
         <input_file_ref idref="fl-a"/>
      </object_component>
      <object_component id="oc-108">
         <name>.debug_info</name>
         <load_address>0x4c481</load_address>
         <run_address>0x4c481</run_address>
         <size>0x192</size>
         <input_file_ref idref="fl-b"/>
      </object_component>
      <object_component id="oc-10c">
         <name>.debug_info</name>
         <load_address>0x4c613</load_address>
         <run_address>0x4c613</run_address>
         <size>0x8ac</size>
         <input_file_ref idref="fl-c"/>
      </object_component>
      <object_component id="oc-113">
         <name>.debug_info</name>
         <load_address>0x4cebf</load_address>
         <run_address>0x4cebf</run_address>
         <size>0x18b</size>
         <input_file_ref idref="fl-d"/>
      </object_component>
      <object_component id="oc-117">
         <name>.debug_info</name>
         <load_address>0x4d04a</load_address>
         <run_address>0x4d04a</run_address>
         <size>0x4793</size>
         <input_file_ref idref="fl-e"/>
      </object_component>
      <object_component id="oc-11c">
         <name>.debug_info</name>
         <load_address>0x517dd</load_address>
         <run_address>0x517dd</run_address>
         <size>0x3c3</size>
         <input_file_ref idref="fl-f"/>
      </object_component>
      <object_component id="oc-121">
         <name>.debug_info</name>
         <load_address>0x51ba0</load_address>
         <run_address>0x51ba0</run_address>
         <size>0x3c3</size>
         <input_file_ref idref="fl-10"/>
      </object_component>
      <object_component id="oc-126">
         <name>.debug_info</name>
         <load_address>0x51f63</load_address>
         <run_address>0x51f63</run_address>
         <size>0x3c3</size>
         <input_file_ref idref="fl-11"/>
      </object_component>
      <object_component id="oc-12b">
         <name>.debug_info</name>
         <load_address>0x52326</load_address>
         <run_address>0x52326</run_address>
         <size>0x14df</size>
         <input_file_ref idref="fl-12"/>
      </object_component>
      <object_component id="oc-130">
         <name>.debug_info</name>
         <load_address>0x53805</load_address>
         <run_address>0x53805</run_address>
         <size>0x6142</size>
         <input_file_ref idref="fl-13"/>
      </object_component>
      <object_component id="oc-135">
         <name>.debug_info</name>
         <load_address>0x59947</load_address>
         <run_address>0x59947</run_address>
         <size>0x1dc</size>
         <input_file_ref idref="fl-14"/>
      </object_component>
      <object_component id="oc-137">
         <name>.debug_info</name>
         <load_address>0x59b23</load_address>
         <run_address>0x59b23</run_address>
         <size>0x16b7</size>
         <input_file_ref idref="fl-15"/>
      </object_component>
      <object_component id="oc-13c">
         <name>.debug_info</name>
         <load_address>0x5b1da</load_address>
         <run_address>0x5b1da</run_address>
         <size>0x4ca6</size>
         <input_file_ref idref="fl-16"/>
      </object_component>
      <object_component id="oc-147">
         <name>.debug_info</name>
         <load_address>0x5fe80</load_address>
         <run_address>0x5fe80</run_address>
         <size>0x494a</size>
         <input_file_ref idref="fl-17"/>
      </object_component>
      <object_component id="oc-14c">
         <name>.debug_info</name>
         <load_address>0x647ca</load_address>
         <run_address>0x647ca</run_address>
         <size>0x166f</size>
         <input_file_ref idref="fl-18"/>
      </object_component>
      <object_component id="oc-151">
         <name>.debug_info</name>
         <load_address>0x65e39</load_address>
         <run_address>0x65e39</run_address>
         <size>0x1377</size>
         <input_file_ref idref="fl-19"/>
      </object_component>
      <object_component id="oc-156">
         <name>.debug_info</name>
         <load_address>0x671b0</load_address>
         <run_address>0x671b0</run_address>
         <size>0x36e6</size>
         <input_file_ref idref="fl-1a"/>
      </object_component>
      <object_component id="oc-15b">
         <name>.debug_info</name>
         <load_address>0x6a896</load_address>
         <run_address>0x6a896</run_address>
         <size>0x6820</size>
         <input_file_ref idref="fl-1b"/>
      </object_component>
      <object_component id="oc-160">
         <name>.debug_info</name>
         <load_address>0x710b6</load_address>
         <run_address>0x710b6</run_address>
         <size>0x1dc</size>
         <input_file_ref idref="fl-1c"/>
      </object_component>
      <object_component id="oc-162">
         <name>.debug_info</name>
         <load_address>0x71292</load_address>
         <run_address>0x71292</run_address>
         <size>0xcc5</size>
         <input_file_ref idref="fl-1d"/>
      </object_component>
      <object_component id="oc-167">
         <name>.debug_info</name>
         <load_address>0x71f57</load_address>
         <run_address>0x71f57</run_address>
         <size>0x895f</size>
         <input_file_ref idref="fl-1e"/>
      </object_component>
      <object_component id="oc-16c">
         <name>.debug_info</name>
         <load_address>0x7a8b6</load_address>
         <run_address>0x7a8b6</run_address>
         <size>0x492</size>
         <input_file_ref idref="fl-1f"/>
      </object_component>
      <object_component id="oc-172">
         <name>.debug_info</name>
         <load_address>0x7ad48</load_address>
         <run_address>0x7ad48</run_address>
         <size>0x3c2</size>
         <input_file_ref idref="fl-20"/>
      </object_component>
      <object_component id="oc-177">
         <name>.debug_info</name>
         <load_address>0x7b10a</load_address>
         <run_address>0x7b10a</run_address>
         <size>0x29b2</size>
         <input_file_ref idref="fl-21"/>
      </object_component>
      <object_component id="oc-17c">
         <name>.debug_info</name>
         <load_address>0x7dabc</load_address>
         <run_address>0x7dabc</run_address>
         <size>0x3487</size>
         <input_file_ref idref="fl-22"/>
      </object_component>
      <object_component id="oc-183">
         <name>.debug_info</name>
         <load_address>0x80f43</load_address>
         <run_address>0x80f43</run_address>
         <size>0x204c</size>
         <input_file_ref idref="fl-23"/>
      </object_component>
      <object_component id="oc-188">
         <name>.debug_info</name>
         <load_address>0x82f8f</load_address>
         <run_address>0x82f8f</run_address>
         <size>0xb79c</size>
         <input_file_ref idref="fl-24"/>
      </object_component>
      <object_component id="oc-18d">
         <name>.debug_info</name>
         <load_address>0x8e72b</load_address>
         <run_address>0x8e72b</run_address>
         <size>0x18d</size>
         <input_file_ref idref="fl-25"/>
      </object_component>
      <object_component id="oc-191">
         <name>.debug_info</name>
         <load_address>0x8e8b8</load_address>
         <run_address>0x8e8b8</run_address>
         <size>0x416b</size>
         <input_file_ref idref="fl-26"/>
      </object_component>
      <object_component id="oc-196">
         <name>.debug_info</name>
         <load_address>0x92a23</load_address>
         <run_address>0x92a23</run_address>
         <size>0x622d</size>
         <input_file_ref idref="fl-27"/>
      </object_component>
      <object_component id="oc-19c">
         <name>.debug_info</name>
         <load_address>0x98c50</load_address>
         <run_address>0x98c50</run_address>
         <size>0x3dfb</size>
         <input_file_ref idref="fl-28"/>
      </object_component>
      <object_component id="oc-1a2">
         <name>.debug_info</name>
         <load_address>0x9ca4b</load_address>
         <run_address>0x9ca4b</run_address>
         <size>0x7ff</size>
         <input_file_ref idref="fl-29"/>
      </object_component>
      <object_component id="oc-1a7">
         <name>.debug_info</name>
         <load_address>0x9d24a</load_address>
         <run_address>0x9d24a</run_address>
         <size>0x4a4</size>
         <input_file_ref idref="fl-2a"/>
      </object_component>
      <object_component id="oc-1ae">
         <name>.debug_info</name>
         <load_address>0x9d6ee</load_address>
         <run_address>0x9d6ee</run_address>
         <size>0x16b</size>
         <input_file_ref idref="fl-31"/>
      </object_component>
      <object_component id="oc-1b2">
         <name>.debug_info</name>
         <load_address>0x9d859</load_address>
         <run_address>0x9d859</run_address>
         <size>0x5c1</size>
         <input_file_ref idref="fl-32"/>
      </object_component>
      <object_component id="oc-1b7">
         <name>.debug_info</name>
         <load_address>0x9de1a</load_address>
         <run_address>0x9de1a</run_address>
         <size>0x5ab</size>
         <input_file_ref idref="fl-33"/>
      </object_component>
      <object_component id="oc-1bf">
         <name>.debug_info</name>
         <load_address>0x9e3c5</load_address>
         <run_address>0x9e3c5</run_address>
         <size>0x10c</size>
         <input_file_ref idref="fl-34"/>
      </object_component>
      <object_component id="oc-1c4">
         <name>.debug_info</name>
         <load_address>0x9e4d1</load_address>
         <run_address>0x9e4d1</run_address>
         <size>0x16e</size>
         <input_file_ref idref="fl-35"/>
      </object_component>
      <object_component id="oc-1c8">
         <name>.debug_info</name>
         <load_address>0x9e63f</load_address>
         <run_address>0x9e63f</run_address>
         <size>0x46f</size>
         <input_file_ref idref="fl-36"/>
      </object_component>
      <object_component id="oc-1cd">
         <name>.debug_info</name>
         <load_address>0x9eaae</load_address>
         <run_address>0x9eaae</run_address>
         <size>0x55c</size>
         <input_file_ref idref="fl-37"/>
      </object_component>
      <object_component id="oc-1d5">
         <name>.debug_info</name>
         <load_address>0x9f00a</load_address>
         <run_address>0x9f00a</run_address>
         <size>0x3ab</size>
         <input_file_ref idref="fl-38"/>
      </object_component>
      <object_component id="oc-1da">
         <name>.debug_info</name>
         <load_address>0x9f3b5</load_address>
         <run_address>0x9f3b5</run_address>
         <size>0x3e2</size>
         <input_file_ref idref="fl-39"/>
      </object_component>
      <object_component id="oc-1df">
         <name>.debug_info</name>
         <load_address>0x9f797</load_address>
         <run_address>0x9f797</run_address>
         <size>0x3df</size>
         <input_file_ref idref="fl-3a"/>
      </object_component>
      <object_component id="oc-1e4">
         <name>.debug_info</name>
         <load_address>0x9fb76</load_address>
         <run_address>0x9fb76</run_address>
         <size>0x501</size>
         <input_file_ref idref="fl-3b"/>
      </object_component>
      <object_component id="oc-1e9">
         <name>.debug_info</name>
         <load_address>0xa0077</load_address>
         <run_address>0xa0077</run_address>
         <size>0x4ce</size>
         <input_file_ref idref="fl-3c"/>
      </object_component>
      <object_component id="oc-28d">
         <name>.debug_info</name>
         <load_address>0xa0545</load_address>
         <run_address>0xa0545</run_address>
         <size>0xc0</size>
      </object_component>
      <object_component id="oc-84">
         <name>.debug_frame</name>
         <load_address>0x0</load_address>
         <run_address>0x0</run_address>
         <size>0x48</size>
         <input_file_ref idref="fl-2"/>
      </object_component>
      <object_component id="oc-89">
         <name>.debug_frame</name>
         <load_address>0x48</load_address>
         <run_address>0x48</run_address>
         <size>0x30</size>
         <input_file_ref idref="fl-3"/>
      </object_component>
      <object_component id="oc-8e">
         <name>.debug_frame</name>
         <load_address>0x78</load_address>
         <run_address>0x78</run_address>
         <size>0x30</size>
         <input_file_ref idref="fl-4"/>
      </object_component>
      <object_component id="oc-94">
         <name>.debug_frame</name>
         <load_address>0xa8</load_address>
         <run_address>0xa8</run_address>
         <size>0x30</size>
         <input_file_ref idref="fl-5"/>
      </object_component>
      <object_component id="oc-99">
         <name>.debug_frame</name>
         <load_address>0xd8</load_address>
         <run_address>0xd8</run_address>
         <size>0x30</size>
         <input_file_ref idref="fl-6"/>
      </object_component>
      <object_component id="oc-9e">
         <name>.debug_frame</name>
         <load_address>0x108</load_address>
         <run_address>0x108</run_address>
         <size>0x60</size>
         <input_file_ref idref="fl-7"/>
      </object_component>
      <object_component id="oc-a5">
         <name>.debug_frame</name>
         <load_address>0x168</load_address>
         <run_address>0x168</run_address>
         <size>0x16b0</size>
         <input_file_ref idref="fl-8"/>
      </object_component>
      <object_component id="oc-103">
         <name>.debug_frame</name>
         <load_address>0x1818</load_address>
         <run_address>0x1818</run_address>
         <size>0x30</size>
         <input_file_ref idref="fl-a"/>
      </object_component>
      <object_component id="oc-10e">
         <name>.debug_frame</name>
         <load_address>0x1848</load_address>
         <run_address>0x1848</run_address>
         <size>0x30</size>
         <input_file_ref idref="fl-c"/>
      </object_component>
      <object_component id="oc-118">
         <name>.debug_frame</name>
         <load_address>0x1878</load_address>
         <run_address>0x1878</run_address>
         <size>0x30</size>
         <input_file_ref idref="fl-e"/>
      </object_component>
      <object_component id="oc-11d">
         <name>.debug_frame</name>
         <load_address>0x18a8</load_address>
         <run_address>0x18a8</run_address>
         <size>0x30</size>
         <input_file_ref idref="fl-f"/>
      </object_component>
      <object_component id="oc-122">
         <name>.debug_frame</name>
         <load_address>0x18d8</load_address>
         <run_address>0x18d8</run_address>
         <size>0x30</size>
         <input_file_ref idref="fl-10"/>
      </object_component>
      <object_component id="oc-127">
         <name>.debug_frame</name>
         <load_address>0x1908</load_address>
         <run_address>0x1908</run_address>
         <size>0x30</size>
         <input_file_ref idref="fl-11"/>
      </object_component>
      <object_component id="oc-12c">
         <name>.debug_frame</name>
         <load_address>0x1938</load_address>
         <run_address>0x1938</run_address>
         <size>0x30</size>
         <input_file_ref idref="fl-12"/>
      </object_component>
      <object_component id="oc-131">
         <name>.debug_frame</name>
         <load_address>0x1968</load_address>
         <run_address>0x1968</run_address>
         <size>0x84</size>
         <input_file_ref idref="fl-13"/>
      </object_component>
      <object_component id="oc-138">
         <name>.debug_frame</name>
         <load_address>0x19ec</load_address>
         <run_address>0x19ec</run_address>
         <size>0x30</size>
         <input_file_ref idref="fl-15"/>
      </object_component>
      <object_component id="oc-143">
         <name>.debug_frame</name>
         <load_address>0x1a1c</load_address>
         <run_address>0x1a1c</run_address>
         <size>0x30</size>
         <input_file_ref idref="fl-16"/>
      </object_component>
      <object_component id="oc-148">
         <name>.debug_frame</name>
         <load_address>0x1a4c</load_address>
         <run_address>0x1a4c</run_address>
         <size>0x30</size>
         <input_file_ref idref="fl-17"/>
      </object_component>
      <object_component id="oc-14d">
         <name>.debug_frame</name>
         <load_address>0x1a7c</load_address>
         <run_address>0x1a7c</run_address>
         <size>0x30</size>
         <input_file_ref idref="fl-18"/>
      </object_component>
      <object_component id="oc-152">
         <name>.debug_frame</name>
         <load_address>0x1aac</load_address>
         <run_address>0x1aac</run_address>
         <size>0x30</size>
         <input_file_ref idref="fl-19"/>
      </object_component>
      <object_component id="oc-157">
         <name>.debug_frame</name>
         <load_address>0x1adc</load_address>
         <run_address>0x1adc</run_address>
         <size>0x60</size>
         <input_file_ref idref="fl-1a"/>
      </object_component>
      <object_component id="oc-15c">
         <name>.debug_frame</name>
         <load_address>0x1b3c</load_address>
         <run_address>0x1b3c</run_address>
         <size>0x4c</size>
         <input_file_ref idref="fl-1b"/>
      </object_component>
      <object_component id="oc-163">
         <name>.debug_frame</name>
         <load_address>0x1b88</load_address>
         <run_address>0x1b88</run_address>
         <size>0x30</size>
         <input_file_ref idref="fl-1d"/>
      </object_component>
      <object_component id="oc-168">
         <name>.debug_frame</name>
         <load_address>0x1bb8</load_address>
         <run_address>0x1bb8</run_address>
         <size>0x230</size>
         <input_file_ref idref="fl-1e"/>
      </object_component>
      <object_component id="oc-16e">
         <name>.debug_frame</name>
         <load_address>0x1de8</load_address>
         <run_address>0x1de8</run_address>
         <size>0x30</size>
         <input_file_ref idref="fl-1f"/>
      </object_component>
      <object_component id="oc-173">
         <name>.debug_frame</name>
         <load_address>0x1e18</load_address>
         <run_address>0x1e18</run_address>
         <size>0x30</size>
         <input_file_ref idref="fl-20"/>
      </object_component>
      <object_component id="oc-178">
         <name>.debug_frame</name>
         <load_address>0x1e48</load_address>
         <run_address>0x1e48</run_address>
         <size>0x30</size>
         <input_file_ref idref="fl-21"/>
      </object_component>
      <object_component id="oc-17f">
         <name>.debug_frame</name>
         <load_address>0x1e78</load_address>
         <run_address>0x1e78</run_address>
         <size>0x30</size>
         <input_file_ref idref="fl-22"/>
      </object_component>
      <object_component id="oc-184">
         <name>.debug_frame</name>
         <load_address>0x1ea8</load_address>
         <run_address>0x1ea8</run_address>
         <size>0x30</size>
         <input_file_ref idref="fl-23"/>
      </object_component>
      <object_component id="oc-192">
         <name>.debug_frame</name>
         <load_address>0x1ed8</load_address>
         <run_address>0x1ed8</run_address>
         <size>0x324</size>
         <input_file_ref idref="fl-26"/>
      </object_component>
      <object_component id="oc-198">
         <name>.debug_frame</name>
         <load_address>0x21fc</load_address>
         <run_address>0x21fc</run_address>
         <size>0x118</size>
         <input_file_ref idref="fl-27"/>
      </object_component>
      <object_component id="oc-19e">
         <name>.debug_frame</name>
         <load_address>0x2314</load_address>
         <run_address>0x2314</run_address>
         <size>0x30</size>
         <input_file_ref idref="fl-28"/>
      </object_component>
      <object_component id="oc-1a3">
         <name>.debug_frame</name>
         <load_address>0x2344</load_address>
         <run_address>0x2344</run_address>
         <size>0x30</size>
         <input_file_ref idref="fl-29"/>
      </object_component>
      <object_component id="oc-1a8">
         <name>.debug_frame</name>
         <load_address>0x2374</load_address>
         <run_address>0x2374</run_address>
         <size>0x30</size>
         <input_file_ref idref="fl-2a"/>
      </object_component>
      <object_component id="oc-1b3">
         <name>.debug_frame</name>
         <load_address>0x23a4</load_address>
         <run_address>0x23a4</run_address>
         <size>0x68</size>
         <input_file_ref idref="fl-32"/>
      </object_component>
      <object_component id="oc-1ba">
         <name>.debug_frame</name>
         <load_address>0x240c</load_address>
         <run_address>0x240c</run_address>
         <size>0x68</size>
         <input_file_ref idref="fl-33"/>
      </object_component>
      <object_component id="oc-1c9">
         <name>.debug_frame</name>
         <load_address>0x2474</load_address>
         <run_address>0x2474</run_address>
         <size>0x48</size>
         <input_file_ref idref="fl-36"/>
      </object_component>
      <object_component id="oc-1d1">
         <name>.debug_frame</name>
         <load_address>0x24bc</load_address>
         <run_address>0x24bc</run_address>
         <size>0x30</size>
         <input_file_ref idref="fl-37"/>
      </object_component>
      <object_component id="oc-1d6">
         <name>.debug_frame</name>
         <load_address>0x24ec</load_address>
         <run_address>0x24ec</run_address>
         <size>0x30</size>
         <input_file_ref idref="fl-38"/>
      </object_component>
      <object_component id="oc-1db">
         <name>.debug_frame</name>
         <load_address>0x251c</load_address>
         <run_address>0x251c</run_address>
         <size>0x48</size>
         <input_file_ref idref="fl-39"/>
      </object_component>
      <object_component id="oc-1e0">
         <name>.debug_frame</name>
         <load_address>0x2564</load_address>
         <run_address>0x2564</run_address>
         <size>0x48</size>
         <input_file_ref idref="fl-3a"/>
      </object_component>
      <object_component id="oc-1e5">
         <name>.debug_frame</name>
         <load_address>0x25ac</load_address>
         <run_address>0x25ac</run_address>
         <size>0x78</size>
         <input_file_ref idref="fl-3b"/>
      </object_component>
      <object_component id="oc-1ea">
         <name>.debug_frame</name>
         <load_address>0x2624</load_address>
         <run_address>0x2624</run_address>
         <size>0x48</size>
         <input_file_ref idref="fl-3c"/>
      </object_component>
      <object_component id="oc-85">
         <name>.debug_line</name>
         <load_address>0x0</load_address>
         <run_address>0x0</run_address>
         <size>0x48</size>
         <input_file_ref idref="fl-2"/>
      </object_component>
      <object_component id="oc-8a">
         <name>.debug_line</name>
         <load_address>0x48</load_address>
         <run_address>0x48</run_address>
         <size>0x75</size>
         <input_file_ref idref="fl-3"/>
      </object_component>
      <object_component id="oc-8f">
         <name>.debug_line</name>
         <load_address>0xbd</load_address>
         <run_address>0xbd</run_address>
         <size>0x76</size>
         <input_file_ref idref="fl-4"/>
      </object_component>
      <object_component id="oc-95">
         <name>.debug_line</name>
         <load_address>0x133</load_address>
         <run_address>0x133</run_address>
         <size>0x75</size>
         <input_file_ref idref="fl-5"/>
      </object_component>
      <object_component id="oc-9a">
         <name>.debug_line</name>
         <load_address>0x1a8</load_address>
         <run_address>0x1a8</run_address>
         <size>0x6f</size>
         <input_file_ref idref="fl-6"/>
      </object_component>
      <object_component id="oc-9f">
         <name>.debug_line</name>
         <load_address>0x217</load_address>
         <run_address>0x217</run_address>
         <size>0xab</size>
         <input_file_ref idref="fl-7"/>
      </object_component>
      <object_component id="oc-a6">
         <name>.debug_line</name>
         <load_address>0x2c2</load_address>
         <run_address>0x2c2</run_address>
         <size>0xe13</size>
         <input_file_ref idref="fl-8"/>
      </object_component>
      <object_component id="oc-104">
         <name>.debug_line</name>
         <load_address>0x10d5</load_address>
         <run_address>0x10d5</run_address>
         <size>0x75</size>
         <input_file_ref idref="fl-a"/>
      </object_component>
      <object_component id="oc-109">
         <name>.debug_line</name>
         <load_address>0x114a</load_address>
         <run_address>0x114a</run_address>
         <size>0x91</size>
         <input_file_ref idref="fl-b"/>
      </object_component>
      <object_component id="oc-10f">
         <name>.debug_line</name>
         <load_address>0x11db</load_address>
         <run_address>0x11db</run_address>
         <size>0x7b</size>
         <input_file_ref idref="fl-c"/>
      </object_component>
      <object_component id="oc-114">
         <name>.debug_line</name>
         <load_address>0x1256</load_address>
         <run_address>0x1256</run_address>
         <size>0x8a</size>
         <input_file_ref idref="fl-d"/>
      </object_component>
      <object_component id="oc-119">
         <name>.debug_line</name>
         <load_address>0x12e0</load_address>
         <run_address>0x12e0</run_address>
         <size>0x75</size>
         <input_file_ref idref="fl-e"/>
      </object_component>
      <object_component id="oc-11e">
         <name>.debug_line</name>
         <load_address>0x1355</load_address>
         <run_address>0x1355</run_address>
         <size>0x76</size>
         <input_file_ref idref="fl-f"/>
      </object_component>
      <object_component id="oc-123">
         <name>.debug_line</name>
         <load_address>0x13cb</load_address>
         <run_address>0x13cb</run_address>
         <size>0x76</size>
         <input_file_ref idref="fl-10"/>
      </object_component>
      <object_component id="oc-128">
         <name>.debug_line</name>
         <load_address>0x1441</load_address>
         <run_address>0x1441</run_address>
         <size>0x76</size>
         <input_file_ref idref="fl-11"/>
      </object_component>
      <object_component id="oc-12d">
         <name>.debug_line</name>
         <load_address>0x14b7</load_address>
         <run_address>0x14b7</run_address>
         <size>0x76</size>
         <input_file_ref idref="fl-12"/>
      </object_component>
      <object_component id="oc-132">
         <name>.debug_line</name>
         <load_address>0x152d</load_address>
         <run_address>0x152d</run_address>
         <size>0xd2</size>
         <input_file_ref idref="fl-13"/>
      </object_component>
      <object_component id="oc-139">
         <name>.debug_line</name>
         <load_address>0x15ff</load_address>
         <run_address>0x15ff</run_address>
         <size>0x75</size>
         <input_file_ref idref="fl-15"/>
      </object_component>
      <object_component id="oc-144">
         <name>.debug_line</name>
         <load_address>0x1674</load_address>
         <run_address>0x1674</run_address>
         <size>0x7c</size>
         <input_file_ref idref="fl-16"/>
      </object_component>
      <object_component id="oc-149">
         <name>.debug_line</name>
         <load_address>0x16f0</load_address>
         <run_address>0x16f0</run_address>
         <size>0x81</size>
         <input_file_ref idref="fl-17"/>
      </object_component>
      <object_component id="oc-14e">
         <name>.debug_line</name>
         <load_address>0x1771</load_address>
         <run_address>0x1771</run_address>
         <size>0x81</size>
         <input_file_ref idref="fl-18"/>
      </object_component>
      <object_component id="oc-153">
         <name>.debug_line</name>
         <load_address>0x17f2</load_address>
         <run_address>0x17f2</run_address>
         <size>0x77</size>
         <input_file_ref idref="fl-19"/>
      </object_component>
      <object_component id="oc-158">
         <name>.debug_line</name>
         <load_address>0x1869</load_address>
         <run_address>0x1869</run_address>
         <size>0xc9</size>
         <input_file_ref idref="fl-1a"/>
      </object_component>
      <object_component id="oc-15d">
         <name>.debug_line</name>
         <load_address>0x1932</load_address>
         <run_address>0x1932</run_address>
         <size>0xad</size>
         <input_file_ref idref="fl-1b"/>
      </object_component>
      <object_component id="oc-164">
         <name>.debug_line</name>
         <load_address>0x19df</load_address>
         <run_address>0x19df</run_address>
         <size>0x75</size>
         <input_file_ref idref="fl-1d"/>
      </object_component>
      <object_component id="oc-169">
         <name>.debug_line</name>
         <load_address>0x1a54</load_address>
         <run_address>0x1a54</run_address>
         <size>0x3e8</size>
         <input_file_ref idref="fl-1e"/>
      </object_component>
      <object_component id="oc-16f">
         <name>.debug_line</name>
         <load_address>0x1e3c</load_address>
         <run_address>0x1e3c</run_address>
         <size>0x80</size>
         <input_file_ref idref="fl-1f"/>
      </object_component>
      <object_component id="oc-174">
         <name>.debug_line</name>
         <load_address>0x1ebc</load_address>
         <run_address>0x1ebc</run_address>
         <size>0x75</size>
         <input_file_ref idref="fl-20"/>
      </object_component>
      <object_component id="oc-179">
         <name>.debug_line</name>
         <load_address>0x1f31</load_address>
         <run_address>0x1f31</run_address>
         <size>0x75</size>
         <input_file_ref idref="fl-21"/>
      </object_component>
      <object_component id="oc-180">
         <name>.debug_line</name>
         <load_address>0x1fa6</load_address>
         <run_address>0x1fa6</run_address>
         <size>0x78</size>
         <input_file_ref idref="fl-22"/>
      </object_component>
      <object_component id="oc-185">
         <name>.debug_line</name>
         <load_address>0x201e</load_address>
         <run_address>0x201e</run_address>
         <size>0x7e</size>
         <input_file_ref idref="fl-23"/>
      </object_component>
      <object_component id="oc-18e">
         <name>.debug_line</name>
         <load_address>0x209c</load_address>
         <run_address>0x209c</run_address>
[...]
         <name>_EPwm12Regs</name>
         <value>0x4b00</value>
         <object_component_ref idref="oc-f5"/>
      </symbol>
      <symbol id="sm-378">
         <name>_AdcbResultRegs</name>
         <value>0xb20</value>
         <object_component_ref idref="oc-c1"/>
      </symbol>
      <symbol id="sm-379">
         <name>_AdccResultRegs</name>
         <value>0xb40</value>
         <object_component_ref idref="oc-bf"/>
      </symbol>
      <symbol id="sm-37a">
         <name>_Emif1ConfigRegs</name>
         <value>0x5f480</value>
         <object_component_ref idref="oc-c6"/>
      </symbol>
      <symbol id="sm-37b">
         <name>_Sdfm2Regs</name>
         <value>0x5e80</value>
         <object_component_ref idref="oc-e8"/>
      </symbol>
      <symbol id="sm-37c">
         <name>_AdcdResultRegs</name>
         <value>0xb60</value>
         <object_component_ref idref="oc-be"/>
      </symbol>
      <symbol id="sm-37d">
         <name>_EQep2Regs</name>
         <value>0x5140</value>
         <object_component_ref idref="oc-d8"/>
      </symbol>
      <symbol id="sm-37e">
         <name>_Cmpss1Regs</name>
         <value>0x5c80</value>
         <object_component_ref idref="oc-d3"/>
      </symbol>
      <symbol id="sm-37f">
         <name>_EPwm8Regs</name>
         <value>0x4700</value>
         <object_component_ref idref="oc-f3"/>
      </symbol>
      <symbol id="sm-380">
         <name>_DcsmCommonRegs</name>
         <value>0x5f070</value>
         <object_component_ref idref="oc-b5"/>
      </symbol>
      <symbol id="sm-381">
         <name>_EPwm2Regs</name>
         <value>0x4100</value>
         <object_component_ref idref="oc-fe"/>
      </symbol>
      <symbol id="sm-382">
         <name>_ECap3Regs</name>
         <value>0x5040</value>
         <object_component_ref idref="oc-ca"/>
      </symbol>
      <symbol id="sm-383">
         <name>_Cmpss8Regs</name>
         <value>0x5d60</value>
         <object_component_ref idref="oc-cf"/>
      </symbol>
      <symbol id="sm-384">
         <name>_EQep3Regs</name>
         <value>0x5180</value>
         <object_component_ref idref="oc-d7"/>
      </symbol>
      <symbol id="sm-385">
         <name>_EPwm9Regs</name>
         <value>0x4800</value>
         <object_component_ref idref="oc-f4"/>
      </symbol>
      <symbol id="sm-386">
         <name>_NmiIntruptRegs</name>
         <value>0x7060</value>
         <object_component_ref idref="oc-ae"/>
      </symbol>
      <symbol id="sm-387">
         <name>_EPwm3Regs</name>
         <value>0x4200</value>
         <object_component_ref idref="oc-fd"/>
      </symbol>
      <symbol id="sm-388">
         <name>_I2caRegs</name>
         <value>0x7300</value>
         <object_component_ref idref="oc-d5"/>
      </symbol>
      <symbol id="sm-39e">
         <name>code_start</name>
         <value>0x80000</value>
         <object_component_ref idref="oc-107"/>
      </symbol>
      <symbol id="sm-3aa">
         <name>_CpuTimer2</name>
         <value>0xac62</value>
         <object_component_ref idref="oc-10d"/>
      </symbol>
      <symbol id="sm-3ab">
         <name>_CpuTimer0</name>
         <value>0xac6a</value>
         <object_component_ref idref="oc-10d"/>
      </symbol>
      <symbol id="sm-3ac">
         <name>_CpuTimer1</name>
         <value>0xac5a</value>
         <object_component_ref idref="oc-10d"/>
      </symbol>
      <symbol id="sm-3b8">
         <name>_SetDBGIER</name>
         <value>0x83125</value>
         <object_component_ref idref="oc-112"/>
      </symbol>
      <symbol id="sm-3f5">
         <name>_GPIO_WritePin</name>
         <value>0x82fc8</value>
         <object_component_ref idref="oc-1fb"/>
      </symbol>
      <symbol id="sm-3f6">
         <name>_GPIO_TogglePin</name>
         <value>0x82fe6</value>
         <object_component_ref idref="oc-1fb"/>
      </symbol>
      <symbol id="sm-3f7">
         <name>_GPIO_ReadPin</name>
         <value>0x82fb1</value>
         <object_component_ref idref="oc-1fb"/>
      </symbol>
      <symbol id="sm-419">
         <name>_g_usGetReadIndexes</name>
         <value>0x3f884</value>
         <object_component_ref idref="oc-140"/>
      </symbol>
      <symbol id="sm-41a">
         <name>_g_usPutWriteIndexes</name>
         <value>0x3f880</value>
         <object_component_ref idref="oc-13f"/>
      </symbol>
      <symbol id="sm-41b">
         <name>_g_usGetWriteIndexes</name>
         <value>0x3fc80</value>
         <object_component_ref idref="oc-13d"/>
      </symbol>
      <symbol id="sm-41c">
         <name>_g_asIPCCPU2toCPU1Buffers</name>
         <value>0x3f800</value>
         <object_component_ref idref="oc-142"/>
      </symbol>
      <symbol id="sm-41d">
         <name>_g_asIPCCPU1toCPU2Buffers</name>
         <value>0x3fc00</value>
         <object_component_ref idref="oc-141"/>
      </symbol>
      <symbol id="sm-41e">
         <name>_g_usPutReadIndexes</name>
         <value>0x3fc84</value>
         <object_component_ref idref="oc-13e"/>
      </symbol>
      <symbol id="sm-445">
         <name>_InitPieCtrl</name>
         <value>0x83020</value>
         <object_component_ref idref="oc-1ff"/>
      </symbol>
      <symbol id="sm-446">
         <name>_EnableInterrupts</name>
         <value>0x8303f</value>
         <object_component_ref idref="oc-1ff"/>
      </symbol>
      <symbol id="sm-456">
         <name>_PieVectTableInit</name>
         <value>0x8312c</value>
         <object_component_ref idref="oc-203"/>
      </symbol>
      <symbol id="sm-457">
         <name>_InitPieVectTable</name>
         <value>0x83048</value>
         <object_component_ref idref="oc-200"/>
      </symbol>
      <symbol id="sm-481">
         <name>_SeizeFlashPump</name>
         <value>0x82b91</value>
         <object_component_ref idref="oc-1fe"/>
      </symbol>
      <symbol id="sm-482">
         <name>_DisablePeripheralClocks</name>
         <value>0x82b79</value>
         <object_component_ref idref="oc-1fe"/>
      </symbol>
      <symbol id="sm-483">
         <name>_FlashOff</name>
         <value>0x8029</value>
         <object_component_ref idref="oc-202"/>
      </symbol>
      <symbol id="sm-484">
         <name>_DisableDog</name>
         <value>0x82bb8</value>
         <object_component_ref idref="oc-1fe"/>
      </symbol>
      <symbol id="sm-485">
         <name>_SysIntOsc2Sel</name>
         <value>0x82cb9</value>
         <object_component_ref idref="oc-1fe"/>
      </symbol>
      <symbol id="sm-486">
         <name>_ReleaseFlashPump</name>
         <value>0x82ba0</value>
         <object_component_ref idref="oc-1fe"/>
      </symbol>
      <symbol id="sm-487">
         <name>_HALT</name>
         <value>0x82d03</value>
         <object_component_ref idref="oc-1fe"/>
      </symbol>
      <symbol id="sm-488">
         <name>_IDLE</name>
         <value>0x82cef</value>
         <object_component_ref idref="oc-1fe"/>
      </symbol>
      <symbol id="sm-489">
         <name>_InitPeripheralClocks</name>
         <value>0x82aff</value>
         <object_component_ref idref="oc-1fe"/>
      </symbol>
      <symbol id="sm-48a">
         <name>_InitFlash</name>
         <value>0x8000</value>
         <object_component_ref idref="oc-202"/>
      </symbol>
      <symbol id="sm-48b">
         <name>_SysXtalOscSel</name>
         <value>0x82cc3</value>
         <object_component_ref idref="oc-1fe"/>
      </symbol>
      <symbol id="sm-48c">
         <name>_CsmUnlock</name>
         <value>0x82c8e</value>
         <object_component_ref idref="oc-1fe"/>
      </symbol>
      <symbol id="sm-48d">
         <name>_SysIntOsc1Sel</name>
         <value>0x82caf</value>
         <object_component_ref idref="oc-1fe"/>
      </symbol>
      <symbol id="sm-48e">
         <name>_ServiceDog</name>
         <value>0x82baa</value>
         <object_component_ref idref="oc-1fe"/>
      </symbol>
      <symbol id="sm-48f">
         <name>_HIB</name>
         <value>0x82d06</value>
         <object_component_ref idref="oc-1fe"/>
      </symbol>
      <symbol id="sm-490">
         <name>_AuxAuxClkSel</name>
         <value>0x82ce5</value>
         <object_component_ref idref="oc-1fe"/>
      </symbol>
      <symbol id="sm-491">
         <name>_AuxIntOsc2Sel</name>
         <value>0x82ccf</value>
         <object_component_ref idref="oc-1fe"/>
      </symbol>
      <symbol id="sm-492">
         <name>_InitAuxPll</name>
         <value>0x82bc6</value>
         <object_component_ref idref="oc-1fe"/>
      </symbol>
      <symbol id="sm-493">
         <name>_InitSysCtrl</name>
         <value>0x82aee</value>
         <object_component_ref idref="oc-1fe"/>
      </symbol>
      <symbol id="sm-494">
         <name>_STANDBY</name>
         <value>0x82cf8</value>
         <object_component_ref idref="oc-1fe"/>
      </symbol>
      <symbol id="sm-495">
         <name>_AuxXtalOscSel</name>
         <value>0x82cd9</value>
         <object_component_ref idref="oc-1fe"/>
      </symbol>
      <symbol id="sm-4a1">
         <name>_tempSensor_tempSlope</name>
         <value>0xac7c</value>
         <object_component_ref idref="oc-16d"/>
      </symbol>
      <symbol id="sm-4a2">
         <name>_tempSensor_tempOffset</name>
         <value>0xac7a</value>
         <object_component_ref idref="oc-16d"/>
      </symbol>
      <symbol id="sm-4a3">
         <name>_tempSensor_scaleFactor</name>
         <value>0xac7e</value>
         <object_component_ref idref="oc-16d"/>
      </symbol>
      <symbol id="sm-4c3">
         <name>_deviceOpen</name>
         <value>0xac90</value>
         <object_component_ref idref="oc-17e"/>
      </symbol>
      <symbol id="sm-4de">
         <name>_I2C</name>
         <value>0xac04</value>
         <object_component_ref idref="oc-18a"/>
      </symbol>
      <symbol id="sm-4df">
         <name>_EPWM</name>
         <value>0xac40</value>
         <object_component_ref idref="oc-18a"/>
      </symbol>
      <symbol id="sm-4e0">
         <name>_MCBSP</name>
         <value>0xac00</value>
         <object_component_ref idref="oc-18a"/>
      </symbol>
      <symbol id="sm-4e1">
         <name>_ECAP</name>
         <value>0xac22</value>
         <object_component_ref idref="oc-18a"/>
      </symbol>
      <symbol id="sm-4e2">
         <name>_SPI</name>
         <value>0xac1a</value>
         <object_component_ref idref="oc-18a"/>
      </symbol>
      <symbol id="sm-4e3">
         <name>_EQEP</name>
         <value>0xac12</value>
         <object_component_ref idref="oc-18a"/>
      </symbol>
      <symbol id="sm-4e4">
         <name>_SDFM</name>
         <value>0xac0c</value>
         <object_component_ref idref="oc-18a"/>
      </symbol>
      <symbol id="sm-4e5">
         <name>_SCI</name>
         <value>0xac08</value>
         <object_component_ref idref="oc-18a"/>
      </symbol>
      <symbol id="sm-4f1">
         <name>_F28x_usDelay</name>
         <value>0x8037</value>
         <object_component_ref idref="oc-18c"/>
      </symbol>
      <symbol id="sm-568">
         <name>_CANGlobalIntEnable</name>
         <value>0x82ac5</value>
         <object_component_ref idref="oc-1f3"/>
      </symbol>
      <symbol id="sm-569">
         <name>_CANIntRegister</name>
         <value>0x82803</value>
         <object_component_ref idref="oc-1f3"/>
      </symbol>
      <symbol id="sm-56a">
         <name>_CANStatusGet</name>
         <value>0x8289c</value>
         <object_component_ref idref="oc-1f3"/>
      </symbol>
      <symbol id="sm-56b">
         <name>_CANGlobalIntClear</name>
         <value>0x82ad8</value>
         <object_component_ref idref="oc-1f3"/>
      </symbol>
      <symbol id="sm-56c">
         <name>_CANMessageGet</name>
         <value>0x829cb</value>
         <object_component_ref idref="oc-1f3"/>
      </symbol>
      <symbol id="sm-56d">
         <name>_CANGlobalIntDisable</name>
         <value>0x82ace</value>
         <object_component_ref idref="oc-1f3"/>
      </symbol>
      <symbol id="sm-56e">
         <name>_CANGlobalIntstatusGet</name>
         <value>0x82ae1</value>
         <object_component_ref idref="oc-1f3"/>
      </symbol>
      <symbol id="sm-56f">
         <name>_CANIntStatus</name>
         <value>0x8283e</value>
         <object_component_ref idref="oc-1f3"/>
      </symbol>
      <symbol id="sm-570">
         <name>_CANInit</name>
         <value>0x8263d</value>
         <object_component_ref idref="oc-1f3"/>
      </symbol>
      <symbol id="sm-571">
         <name>_CANErrCntrGet</name>
         <value>0x828c4</value>
         <object_component_ref idref="oc-1f3"/>
      </symbol>
      <symbol id="sm-572">
         <name>_CANEnable</name>
         <value>0x826ea</value>
         <object_component_ref idref="oc-1f3"/>
      </symbol>
      <symbol id="sm-573">
         <name>_CANClkSourceSelect</name>
         <value>0x826fb</value>
         <object_component_ref idref="oc-1f3"/>
      </symbol>
      <symbol id="sm-574">
         <name>_CANRetrySet</name>
         <value>0x82881</value>
         <object_component_ref idref="oc-1f3"/>
      </symbol>
      <symbol id="sm-575">
         <name>_CANIntClear</name>
         <value>0x82858</value>
         <object_component_ref idref="oc-1f3"/>
      </symbol>
      <symbol id="sm-576">
         <name>_CANMessageSet</name>
         <value>0x828df</value>
         <object_component_ref idref="oc-1f3"/>
      </symbol>
      <symbol id="sm-577">
         <name>_CANBitTimingGet</name>
         <value>0x82722</value>
         <object_component_ref idref="oc-1f3"/>
      </symbol>
      <symbol id="sm-578">
         <name>_CANIntEnable</name>
         <value>0x82820</value>
         <object_component_ref idref="oc-1f3"/>
      </symbol>
      <symbol id="sm-579">
         <name>_CANIntUnregister</name>
         <value>0x82813</value>
         <object_component_ref idref="oc-1f3"/>
      </symbol>
      <symbol id="sm-57a">
         <name>_CANIntDisable</name>
         <value>0x8282e</value>
         <object_component_ref idref="oc-1f3"/>
      </symbol>
      <symbol id="sm-57b">
         <name>_CANBitRateSet</name>
         <value>0x8274d</value>
         <object_component_ref idref="oc-1f3"/>
      </symbol>
      <symbol id="sm-57c">
         <name>_CANDisable</name>
         <value>0x826f3</value>
         <object_component_ref idref="oc-1f3"/>
      </symbol>
      <symbol id="sm-57d">
         <name>_CANRetryGet</name>
         <value>0x82892</value>
         <object_component_ref idref="oc-1f3"/>
      </symbol>
      <symbol id="sm-57e">
         <name>_CANBitTimingSet</name>
         <value>0x827ba</value>
         <object_component_ref idref="oc-1f3"/>
      </symbol>
      <symbol id="sm-57f">
         <name>_CANMessageClear</name>
         <value>0x82a9f</value>
         <object_component_ref idref="oc-1f3"/>
      </symbol>
      <symbol id="sm-5ac">
         <name>_IntIFRClear</name>
         <value>0x82e54</value>
         <object_component_ref idref="oc-1f9"/>
      </symbol>
      <symbol id="sm-5ad">
         <name>_IntRegister</name>
         <value>0x82d19</value>
         <object_component_ref idref="oc-1f9"/>
      </symbol>
      <symbol id="sm-5ae">
         <name>_IntUnregister</name>
         <value>0x82d2c</value>
         <object_component_ref idref="oc-1f9"/>
      </symbol>
      <symbol id="sm-5af">
         <name>_IntMasterDisable</name>
         <value>0x82d11</value>
         <object_component_ref idref="oc-1f9"/>
      </symbol>
      <symbol id="sm-5b0">
         <name>_IntDefaultHandler</name>
         <value>0x8310d</value>
         <object_component_ref idref="oc-197"/>
      </symbol>
      <symbol id="sm-5b1">
         <name>_IntEnable</name>
         <value>0x82d41</value>
         <object_component_ref idref="oc-1f9"/>
      </symbol>
      <symbol id="sm-5b2">
         <name>_IntMasterEnable</name>
         <value>0x82d09</value>
         <object_component_ref idref="oc-1f9"/>
      </symbol>
      <symbol id="sm-5b3">
         <name>_IntDisable</name>
         <value>0x82dd4</value>
         <object_component_ref idref="oc-1f9"/>
      </symbol>
      <symbol id="sm-5bf">
         <name>_SysCtlDelay</name>
         <value>0x803b</value>
         <object_component_ref idref="oc-19d"/>
      </symbol>
      <symbol id="sm-5ec">
         <name>_c_int00</name>
         <value>0x82f5b</value>
         <object_component_ref idref="oc-82"/>
      </symbol>
      <symbol id="sm-5ed">
         <name>__stack</name>
         <value>0x400</value>
         <object_component_ref idref="oc-1ac"/>
      </symbol>
      <symbol id="sm-5fc">
         <name>_copy_in</name>
         <value>0x8306e</value>
         <object_component_ref idref="oc-1ef"/>
      </symbol>
      <symbol id="sm-610">
         <name>C$$EXIT</name>
         <value>0x82ff7</value>
         <object_component_ref idref="oc-1f2"/>
      </symbol>
      <symbol id="sm-611">
         <name>_exit</name>
         <value>0x82ff9</value>
         <object_component_ref idref="oc-1f2"/>
      </symbol>
      <symbol id="sm-612">
         <name>___TI_cleanup_ptr</name>
         <value>0xac82</value>
         <object_component_ref idref="oc-1b9"/>
      </symbol>
      <symbol id="sm-613">
         <name>___TI_enable_exit_profile_output</name>
         <value>0xac80</value>
         <object_component_ref idref="oc-1b9"/>
      </symbol>
      <symbol id="sm-614">
         <name>_abort</name>
         <value>0x82ff7</value>
         <object_component_ref idref="oc-1f2"/>
      </symbol>
      <symbol id="sm-615">
         <name>___TI_dtors_ptr</name>
         <value>0xac84</value>
         <object_component_ref idref="oc-1b9"/>
      </symbol>
      <symbol id="sm-626">
         <name>FS$$DIV</name>
         <value>0x82ed3</value>
         <object_component_ref idref="oc-1be"/>
      </symbol>
      <symbol id="sm-632">
         <name>LL$$AND</name>
         <value>0x830c9</value>
         <object_component_ref idref="oc-1c3"/>
      </symbol>
      <symbol id="sm-633">
         <name>LL$$OR</name>
         <value>0x830d1</value>
         <object_component_ref idref="oc-1c3"/>
      </symbol>
      <symbol id="sm-634">
         <name>LL$$XOR</name>
         <value>0x830d9</value>
         <object_component_ref idref="oc-1c3"/>
      </symbol>
      <symbol id="sm-645">
         <name>_memcpy</name>
         <value>0x83092</value>
         <object_component_ref idref="oc-1f4"/>
      </symbol>
      <symbol id="sm-659">
         <name>__sys_memory</name>
         <value>0xa800</value>
         <object_component_ref idref="oc-1cf"/>
      </symbol>
      <symbol id="sm-66e">
         <name>__system_pre_init</name>
         <value>0x83128</value>
         <object_component_ref idref="oc-1ee"/>
      </symbol>
      <symbol id="sm-67a">
         <name>__system_post_cinit</name>
         <value>0x8312a</value>
         <object_component_ref idref="oc-1f0"/>
      </symbol>
      <symbol id="sm-68e">
         <name>__unlock</name>
         <value>0xac8e</value>
         <object_component_ref idref="oc-201"/>
      </symbol>
      <symbol id="sm-68f">
         <name>__lock</name>
         <value>0xac8c</value>
         <object_component_ref idref="oc-1f6"/>
      </symbol>
      <symbol id="sm-690">
         <name>__register_lock</name>
         <value>0x83120</value>
         <object_component_ref idref="oc-1fc"/>
      </symbol>
      <symbol id="sm-691">
         <name>__nop</name>
         <value>0x83124</value>
         <object_component_ref idref="oc-1fc"/>
      </symbol>
      <symbol id="sm-692">
         <name>__register_unlock</name>
         <value>0x8311c</value>
         <object_component_ref idref="oc-1fc"/>
      </symbol>
      <symbol id="sm-6a1">
         <name>__args_main</name>
         <value>0x830b0</value>
         <object_component_ref idref="oc-1f1"/>
      </symbol>
   </symbol_table>
   <title>Link successful</title>
</link_info>
